Initialized native services in: /home/skul9x/.gradle/native
Initialized jansi services in: /home/skul9x/.gradle/native
Received JVM installation metadata from '/usr/lib/jvm/java-17-openjdk-amd64': {JAVA_HOME=/usr/lib/jvm/java-17-openjdk-amd64, JAVA_VERSION=17.0.18, JAVA_VENDOR=Ubuntu, RUNTIME_NAME=OpenJDK Runtime Environment, RUNTIME_VERSION=17.0.18+8-Ubuntu-124.04.1, VM_NAME=OpenJDK 64-Bit Server VM, VM_VERSION=17.0.18+8-Ubuntu-124.04.1, VM_VENDOR=Ubuntu, OS_ARCH=amd64}
The client will now receive all logging from the daemon (pid: 9554). The daemon log file: /home/skul9x/.gradle/daemon/8.9/daemon-9554.out.log
Starting 126th build in daemon [uptime: 4 hrs 51 mins 37.917 secs, performance: 99%, GC rate: 0.00/s, heap usage: 4% of 2 GiB]
Using 6 worker leases.
Now considering [/home/skul9x/Desktop/Test_code/TraCuuTiemChung, /home/skul9x/Desktop/Test_code/phrasal-verbs-main] as hierarchies to watch
Watching the file system is configured to be enabled if available
File system watching is active
Starting Build
Settings evaluated using settings file '/home/skul9x/Desktop/Test_code/TraCuuTiemChung/settings.gradle.kts'.
Projects loaded. Root project using build file '/home/skul9x/Desktop/Test_code/TraCuuTiemChung/build.gradle.kts'.
Included projects: [root project 'TraCuuTiemChung', project ':app']

> Configure project :
Evaluating root project 'TraCuuTiemChung' using build file '/home/skul9x/Desktop/Test_code/TraCuuTiemChung/build.gradle.kts'.
Transforming gradle-8.7.0.jar (com.android.tools.build:gradle:8.7.0) with InstrumentationAnalysisTransform
Transforming gradle-settings-api-8.7.0.jar (com.android.tools.build:gradle-settings-api:8.7.0) with InstrumentationAnalysisTransform
Transforming lint-model-31.7.0.jar (com.android.tools.lint:lint-model:31.7.0) with InstrumentationAnalysisTransform
Transforming builder-8.7.0.jar (com.android.tools.build:builder:8.7.0) with InstrumentationAnalysisTransform
Transforming manifest-merger-31.7.0.jar (com.android.tools.build:manifest-merger:31.7.0) with InstrumentationAnalysisTransform
Transforming sdk-common-31.7.0.jar (com.android.tools:sdk-common:31.7.0) with InstrumentationAnalysisTransform
Transforming sdklib-31.7.0.jar (com.android.tools:sdklib:31.7.0) with InstrumentationAnalysisTransform
Transforming repository-31.7.0.jar (com.android.tools:repository:31.7.0) with InstrumentationAnalysisTransform
Transforming aaptcompiler-8.7.0.jar (com.android.tools.build:aaptcompiler:8.7.0) with InstrumentationAnalysisTransform
Transforming tracker-31.7.0.jar (com.android.tools.analytics-library:tracker:31.7.0) with InstrumentationAnalysisTransform
Transforming shared-31.7.0.jar (com.android.tools.analytics-library:shared:31.7.0) with InstrumentationAnalysisTransform
Transforming databinding-compiler-common-8.7.0.jar (androidx.databinding:databinding-compiler-common:8.7.0) with InstrumentationAnalysisTransform
Transforming android-test-plugin-host-emulator-control-proto-31.7.0.jar (com.android.tools.utp:android-test-plugin-host-emulator-control-proto:31.7.0) with InstrumentationAnalysisTransform
Transforming android-test-plugin-host-retention-proto-31.7.0.jar (com.android.tools.utp:android-test-plugin-host-retention-proto:31.7.0) with InstrumentationAnalysisTransform
Transforming builder-model-8.7.0.jar (com.android.tools.build:builder-model:8.7.0) with InstrumentationAnalysisTransform
Transforming gradle-api-8.7.0.jar (com.android.tools.build:gradle-api:8.7.0) with InstrumentationAnalysisTransform
Transforming builder-test-api-8.7.0.jar (com.android.tools.build:builder-test-api:8.7.0) with InstrumentationAnalysisTransform
Transforming ddmlib-31.7.0.jar (com.android.tools.ddms:ddmlib:31.7.0) with InstrumentationAnalysisTransform
Transforming layoutlib-api-31.7.0.jar (com.android.tools.layoutlib:layoutlib-api:31.7.0) with InstrumentationAnalysisTransform
Transforming dvlib-31.7.0.jar (com.android.tools:dvlib:31.7.0) with InstrumentationAnalysisTransform
Transforming common-31.7.0.jar (com.android.tools:common:31.7.0) with InstrumentationAnalysisTransform
Transforming kotlin-stdlib-jdk8-1.9.20.jar (org.jetbrains.kotlin:kotlin-stdlib-jdk8:1.9.20) with InstrumentationAnalysisTransform
Transforming jetifier-processor-1.0.0-beta10.jar (com.android.tools.build.jetifier:jetifier-processor:1.0.0-beta10) with InstrumentationAnalysisTransform
Transforming jetifier-core-1.0.0-beta10.jar (com.android.tools.build.jetifier:jetifier-core:1.0.0-beta10) with InstrumentationAnalysisTransform
Transforming kotlin-reflect-1.9.23.jar (org.jetbrains.kotlin:kotlin-reflect:1.9.23) with InstrumentationAnalysisTransform
Transforming kotlin-stdlib-jdk7-1.9.20.jar (org.jetbrains.kotlin:kotlin-stdlib-jdk7:1.9.20) with InstrumentationAnalysisTransform
Transforming kotlin-stdlib-1.9.23.jar (org.jetbrains.kotlin:kotlin-stdlib:1.9.23) with InstrumentationAnalysisTransform
Transforming annotations-13.0.jar (org.jetbrains:annotations:13.0) with InstrumentationAnalysisTransform
Transforming kotlin-serialization-2.0.21-gradle85.jar (org.jetbrains.kotlin:kotlin-serialization:2.0.21) with InstrumentationAnalysisTransform
Transforming kotlin-gradle-plugin-model-2.0.21.jar (org.jetbrains.kotlin:kotlin-gradle-plugin-model:2.0.21) with InstrumentationAnalysisTransform
Transforming kotlin-gradle-plugin-api-2.0.21.jar (org.jetbrains.kotlin:kotlin-gradle-plugin-api:2.0.21) with InstrumentationAnalysisTransform
Transforming kotlin-gradle-plugin-api-2.0.21-gradle85.jar (org.jetbrains.kotlin:kotlin-gradle-plugin-api:2.0.21) with InstrumentationAnalysisTransform
Transforming compose-compiler-gradle-plugin-2.0.21-gradle85.jar (org.jetbrains.kotlin:compose-compiler-gradle-plugin:2.0.21) with InstrumentationAnalysisTransform
Transforming kotlin-gradle-plugin-2.0.21-gradle85.jar (org.jetbrains.kotlin:kotlin-gradle-plugin:2.0.21) with InstrumentationAnalysisTransform
Transforming bundletool-1.17.1.jar (com.android.tools.build:bundletool:1.17.1) with InstrumentationAnalysisTransform
Transforming aapt2-proto-8.7.0-12006047.jar (com.android.tools.build:aapt2-proto:8.7.0-12006047) with InstrumentationAnalysisTransform
Transforming crash-31.7.0.jar (com.android.tools.analytics-library:crash:31.7.0) with InstrumentationAnalysisTransform
Transforming lint-typedef-remover-31.7.0.jar (com.android.tools.lint:lint-typedef-remover:31.7.0) with InstrumentationAnalysisTransform
Transforming databinding-common-8.7.0.jar (androidx.databinding:databinding-common:8.7.0) with InstrumentationAnalysisTransform
Transforming baseLibrary-8.7.0.jar (com.android.databinding:baseLibrary:8.7.0) with InstrumentationAnalysisTransform
Transforming android-device-provider-ddmlib-proto-31.7.0.jar (com.android.tools.utp:android-device-provider-ddmlib-proto:31.7.0) with InstrumentationAnalysisTransform
Transforming android-device-provider-gradle-proto-31.7.0.jar (com.android.tools.utp:android-device-provider-gradle-proto:31.7.0) with InstrumentationAnalysisTransform
Transforming android-device-provider-profile-proto-31.7.0.jar (com.android.tools.utp:android-device-provider-profile-proto:31.7.0) with InstrumentationAnalysisTransform
Transforming android-test-plugin-host-additional-test-output-proto-31.7.0.jar (com.android.tools.utp:android-test-plugin-host-additional-test-output-proto:31.7.0) with InstrumentationAnalysisTransform
Transforming android-test-plugin-host-coverage-proto-31.7.0.jar (com.android.tools.utp:android-test-plugin-host-coverage-proto:31.7.0) with InstrumentationAnalysisTransform
Transforming android-test-plugin-host-logcat-proto-31.7.0.jar (com.android.tools.utp:android-test-plugin-host-logcat-proto:31.7.0) with InstrumentationAnalysisTransform
Transforming android-test-plugin-host-apk-installer-proto-31.7.0.jar (com.android.tools.utp:android-test-plugin-host-apk-installer-proto:31.7.0) with InstrumentationAnalysisTransform
Transforming android-test-plugin-result-listener-gradle-proto-31.7.0.jar (com.android.tools.utp:android-test-plugin-result-listener-gradle-proto:31.7.0) with InstrumentationAnalysisTransform
Transforming transform-api-2.0.0-deprecated-use-gradle-api.jar (com.android.tools.build:transform-api:2.0.0-deprecated-use-gradle-api) with InstrumentationAnalysisTransform
Transforming httpmime-4.5.6.jar (org.apache.httpcomponents:httpmime:4.5.6) with InstrumentationAnalysisTransform
Transforming commons-io-2.13.0.jar (commons-io:commons-io:2.13.0) with InstrumentationAnalysisTransform
Transforming asm-commons-9.6.jar (org.ow2.asm:asm-commons:9.6) with InstrumentationAnalysisTransform
Transforming asm-util-9.6.jar (org.ow2.asm:asm-util:9.6) with InstrumentationAnalysisTransform
Transforming asm-analysis-9.6.jar (org.ow2.asm:asm-analysis:9.6) with InstrumentationAnalysisTransform
Transforming asm-tree-9.6.jar (org.ow2.asm:asm-tree:9.6) with InstrumentationAnalysisTransform
Transforming asm-9.6.jar (org.ow2.asm:asm:9.6) with InstrumentationAnalysisTransform
Transforming apkzlib-8.7.0.jar (com.android.tools.build:apkzlib:8.7.0) with InstrumentationAnalysisTransform
Transforming bcpkix-jdk18on-1.77.jar (org.bouncycastle:bcpkix-jdk18on:1.77) with InstrumentationAnalysisTransform
Transforming jaxb-runtime-2.3.2.jar (org.glassfish.jaxb:jaxb-runtime:2.3.2) with InstrumentationAnalysisTransform
Transforming jopt-simple-4.9.jar (net.sf.jopt-simple:jopt-simple:4.9) with InstrumentationAnalysisTransform
Transforming javapoet-1.10.0.jar (com.squareup:javapoet:1.10.0) with InstrumentationAnalysisTransform
Transforming protobuf-java-util-3.22.3.jar (com.google.protobuf:protobuf-java-util:3.22.3) with InstrumentationAnalysisTransform
Transforming grpc-protobuf-1.57.0.jar (io.grpc:grpc-protobuf:1.57.0) with InstrumentationAnalysisTransform
Transforming tink-1.7.0.jar (com.google.crypto.tink:tink:1.7.0) with InstrumentationAnalysisTransform
Transforming protos-31.7.0.jar (com.android.tools.analytics-library:protos:31.7.0) with InstrumentationAnalysisTransform
Transforming proto-google-common-protos-2.17.0.jar (com.google.api.grpc:proto-google-common-protos:2.17.0) with InstrumentationAnalysisTransform
Transforming protobuf-java-3.22.3.jar (com.google.protobuf:protobuf-java:3.22.3) with InstrumentationAnalysisTransform
Transforming grpc-netty-1.57.0.jar (io.grpc:grpc-netty:1.57.0) with InstrumentationAnalysisTransform
Transforming grpc-core-1.57.0.jar (io.grpc:grpc-core:1.57.0) with InstrumentationAnalysisTransform
Transforming kotlin-build-statistics-2.0.21.jar (org.jetbrains.kotlin:kotlin-build-statistics:2.0.21) with InstrumentationAnalysisTransform
Transforming gson-2.10.1.jar (com.google.code.gson:gson:2.10.1) with InstrumentationAnalysisTransform
Transforming grpc-stub-1.57.0.jar (io.grpc:grpc-stub:1.57.0) with InstrumentationAnalysisTransform
Transforming core-proto-0.0.9-alpha02.jar (com.google.testing.platform:core-proto:0.0.9-alpha02) with InstrumentationAnalysisTransform
Transforming tensorflow-lite-metadata-0.1.0-rc2.jar (org.tensorflow:tensorflow-lite-metadata:0.1.0-rc2) with InstrumentationAnalysisTransform
Transforming flatbuffers-java-1.12.0.jar (com.google.flatbuffers:flatbuffers-java:1.12.0) with InstrumentationAnalysisTransform
Transforming kotlin-gradle-plugin-idea-proto-2.0.21.jar (org.jetbrains.kotlin:kotlin-gradle-plugin-idea-proto:2.0.21) with InstrumentationAnalysisTransform
Transforming kotlin-gradle-plugin-idea-2.0.21.jar (org.jetbrains.kotlin:kotlin-gradle-plugin-idea:2.0.21) with InstrumentationAnalysisTransform
Transforming kotlin-klib-commonizer-api-2.0.21.jar (org.jetbrains.kotlin:kotlin-klib-commonizer-api:2.0.21) with InstrumentationAnalysisTransform
Transforming kotlin-build-tools-api-2.0.21.jar (org.jetbrains.kotlin:kotlin-build-tools-api:2.0.21) with InstrumentationAnalysisTransform
Transforming kotlin-compiler-runner-2.0.21.jar (org.jetbrains.kotlin:kotlin-compiler-runner:2.0.21) with InstrumentationAnalysisTransform
Transforming kotlin-native-utils-2.0.21.jar (org.jetbrains.kotlin:kotlin-native-utils:2.0.21) with InstrumentationAnalysisTransform
Transforming kotlin-util-klib-2.0.21.jar (org.jetbrains.kotlin:kotlin-util-klib:2.0.21) with InstrumentationAnalysisTransform
Transforming kotlin-compiler-embeddable-2.0.21.jar (org.jetbrains.kotlin:kotlin-compiler-embeddable:2.0.21) with InstrumentationAnalysisTransform
Transforming jimfs-1.1.jar (com.google.jimfs:jimfs:1.1) with InstrumentationAnalysisTransform
Transforming grpc-context-1.57.0.jar (io.grpc:grpc-context:1.57.0) with InstrumentationAnalysisTransform
Transforming grpc-protobuf-lite-1.57.0.jar (io.grpc:grpc-protobuf-lite:1.57.0) with InstrumentationAnalysisTransform
Transforming grpc-api-1.57.0.jar (io.grpc:grpc-api:1.57.0) with InstrumentationAnalysisTransform
Transforming guava-32.0.1-jre.jar (com.google.guava:guava:32.0.1-jre) with InstrumentationAnalysisTransform
Transforming dagger-2.28.3.jar (com.google.dagger:dagger:2.28.3) with InstrumentationAnalysisTransform
Transforming javax.inject-1.jar (javax.inject:javax.inject:1) with InstrumentationAnalysisTransform
Transforming kxml2-2.3.0.jar (net.sf.kxml:kxml2:2.3.0) with InstrumentationAnalysisTransform
Transforming bcutil-jdk18on-1.77.jar (org.bouncycastle:bcutil-jdk18on:1.77) with InstrumentationAnalysisTransform
Transforming bcprov-jdk18on-1.77.jar (org.bouncycastle:bcprov-jdk18on:1.77) with InstrumentationAnalysisTransform
Transforming trove4j-1.0.20200330.jar (org.jetbrains.intellij.deps:trove4j:1.0.20200330) with InstrumentationAnalysisTransform
Transforming commons-compress-1.21.jar (org.apache.commons:commons-compress:1.21) with InstrumentationAnalysisTransform
Transforming httpclient-4.5.14.jar (org.apache.httpcomponents:httpclient:4.5.14) with InstrumentationAnalysisTransform
Transforming httpcore-4.4.16.jar (org.apache.httpcomponents:httpcore:4.4.16) with InstrumentationAnalysisTransform
Transforming javax.activation-1.2.0.jar (com.sun.activation:javax.activation:1.2.0) with InstrumentationAnalysisTransform
Transforming signflinger-8.7.0.jar (com.android:signflinger:8.7.0) with InstrumentationAnalysisTransform
Transforming zipflinger-8.7.0.jar (com.android:zipflinger:8.7.0) with InstrumentationAnalysisTransform
Transforming annotations-31.7.0.jar (com.android.tools:annotations:31.7.0) with InstrumentationAnalysisTransform
Transforming jna-platform-5.6.0.jar (net.java.dev.jna:jna-platform:5.6.0) with InstrumentationAnalysisTransform
Transforming juniversalchardet-1.0.3.jar (com.googlecode.juniversalchardet:juniversalchardet:1.0.3) with InstrumentationAnalysisTransform
Transforming javax.annotation-api-1.3.2.jar (javax.annotation:javax.annotation-api:1.3.2) with InstrumentationAnalysisTransform
Transforming stax-ex-1.8.1.jar (org.jvnet.staxex:stax-ex:1.8.1) with InstrumentationAnalysisTransform
Transforming jakarta.xml.bind-api-2.3.2.jar (jakarta.xml.bind:jakarta.xml.bind-api:2.3.2) with InstrumentationAnalysisTransform
Transforming txw2-2.3.2.jar (org.glassfish.jaxb:txw2:2.3.2) with InstrumentationAnalysisTransform
Transforming istack-commons-runtime-3.0.8.jar (com.sun.istack:istack-commons-runtime:3.0.8) with InstrumentationAnalysisTransform
Transforming FastInfoset-1.2.16.jar (com.sun.xml.fastinfoset:FastInfoset:1.2.16) with InstrumentationAnalysisTransform
Transforming jakarta.activation-api-1.2.1.jar (jakarta.activation:jakarta.activation-api:1.2.1) with InstrumentationAnalysisTransform
Transforming auto-value-annotations-1.6.2.jar (com.google.auto.value:auto-value-annotations:1.6.2) with InstrumentationAnalysisTransform
Transforming error_prone_annotations-2.18.0.jar (com.google.errorprone:error_prone_annotations:2.18.0) with InstrumentationAnalysisTransform
Transforming jose4j-0.9.5.jar (org.bitbucket.b_c:jose4j:0.9.5) with InstrumentationAnalysisTransform
Transforming slf4j-api-1.7.30.jar (org.slf4j:slf4j-api:1.7.30) with InstrumentationAnalysisTransform
Transforming jdom2-2.0.6.jar (org.jdom:jdom2:2.0.6) with InstrumentationAnalysisTransform
Transforming jsr305-3.0.2.jar (com.google.code.findbugs:jsr305:3.0.2) with InstrumentationAnalysisTransform
Transforming j2objc-annotations-2.8.jar (com.google.j2objc:j2objc-annotations:2.8) with InstrumentationAnalysisTransform
Transforming annotations-4.1.1.4.jar (com.google.android:annotations:4.1.1.4) with InstrumentationAnalysisTransform
Transforming animal-sniffer-annotations-1.23.jar (org.codehaus.mojo:animal-sniffer-annotations:1.23) with InstrumentationAnalysisTransform
Transforming perfmark-api-0.26.0.jar (io.perfmark:perfmark-api:0.26.0) with InstrumentationAnalysisTransform
Transforming netty-codec-http2-4.1.93.Final.jar (io.netty:netty-codec-http2:4.1.93.Final) with InstrumentationAnalysisTransform
Transforming netty-handler-proxy-4.1.93.Final.jar (io.netty:netty-handler-proxy:4.1.93.Final) with InstrumentationAnalysisTransform
Transforming netty-codec-http-4.1.93.Final.jar (io.netty:netty-codec-http:4.1.93.Final) with InstrumentationAnalysisTransform
Transforming netty-handler-4.1.93.Final.jar (io.netty:netty-handler:4.1.93.Final) with InstrumentationAnalysisTransform
Transforming netty-transport-native-unix-common-4.1.93.Final.jar (io.netty:netty-transport-native-unix-common:4.1.93.Final) with InstrumentationAnalysisTransform
Transforming checker-qual-3.33.0.jar (org.checkerframework:checker-qual:3.33.0) with InstrumentationAnalysisTransform
Transforming commons-codec-1.11.jar (commons-codec:commons-codec:1.11) with InstrumentationAnalysisTransform
Transforming apksig-8.7.0.jar (com.android.tools.build:apksig:8.7.0) with InstrumentationAnalysisTransform
Transforming javawriter-2.5.0.jar (com.squareup:javawriter:2.5.0) with InstrumentationAnalysisTransform
Transforming kotlin-gradle-plugin-annotations-2.0.21.jar (org.jetbrains.kotlin:kotlin-gradle-plugin-annotations:2.0.21) with InstrumentationAnalysisTransform
Transforming kotlin-tooling-core-2.0.21.jar (org.jetbrains.kotlin:kotlin-tooling-core:2.0.21) with InstrumentationAnalysisTransform
Transforming kotlin-daemon-client-2.0.21.jar (org.jetbrains.kotlin:kotlin-daemon-client:2.0.21) with InstrumentationAnalysisTransform
Transforming kotlinx-coroutines-core-jvm-1.6.4.jar (org.jetbrains.kotlinx:kotlinx-coroutines-core-jvm:1.6.4) with InstrumentationAnalysisTransform
Transforming kotlin-util-io-2.0.21.jar (org.jetbrains.kotlin:kotlin-util-io:2.0.21) with InstrumentationAnalysisTransform
Transforming kotlin-daemon-embeddable-2.0.21.jar (org.jetbrains.kotlin:kotlin-daemon-embeddable:2.0.21) with InstrumentationAnalysisTransform
Transforming failureaccess-1.0.1.jar (com.google.guava:failureaccess:1.0.1) with InstrumentationAnalysisTransform
Transforming listenablefuture-9999.0-empty-to-avoid-conflict-with-guava.jar (com.google.guava:listenablefuture:9999.0-empty-to-avoid-conflict-with-guava) with InstrumentationAnalysisTransform
Transforming commons-logging-1.2.jar (commons-logging:commons-logging:1.2) with InstrumentationAnalysisTransform
Transforming jna-5.6.0.jar (net.java.dev.jna:jna:5.6.0) with InstrumentationAnalysisTransform
Transforming netty-codec-socks-4.1.93.Final.jar (io.netty:netty-codec-socks:4.1.93.Final) with InstrumentationAnalysisTransform
Transforming netty-codec-4.1.93.Final.jar (io.netty:netty-codec:4.1.93.Final) with InstrumentationAnalysisTransform
Transforming netty-transport-4.1.93.Final.jar (io.netty:netty-transport:4.1.93.Final) with InstrumentationAnalysisTransform
Transforming netty-buffer-4.1.93.Final.jar (io.netty:netty-buffer:4.1.93.Final) with InstrumentationAnalysisTransform
Transforming netty-resolver-4.1.93.Final.jar (io.netty:netty-resolver:4.1.93.Final) with InstrumentationAnalysisTransform
Transforming netty-common-4.1.93.Final.jar (io.netty:netty-common:4.1.93.Final) with InstrumentationAnalysisTransform
Transforming gradle-8.7.0.jar (com.android.tools.build:gradle:8.7.0) with InstrumentationAnalysisTransform
Transforming gradle-8.7.0.jar (com.android.tools.build:gradle:8.7.0) with MergeInstrumentationAnalysisTransform
Transforming gradle-settings-api-8.7.0.jar (com.android.tools.build:gradle-settings-api:8.7.0) with InstrumentationAnalysisTransform
Transforming gradle-settings-api-8.7.0.jar (com.android.tools.build:gradle-settings-api:8.7.0) with MergeInstrumentationAnalysisTransform
Transforming lint-model-31.7.0.jar (com.android.tools.lint:lint-model:31.7.0) with InstrumentationAnalysisTransform
Transforming lint-model-31.7.0.jar (com.android.tools.lint:lint-model:31.7.0) with MergeInstrumentationAnalysisTransform
Transforming gradle-8.7.0.jar (com.android.tools.build:gradle:8.7.0) with ExternalDependencyInstrumentingArtifactTransform
Transforming gradle-settings-api-8.7.0.jar (com.android.tools.build:gradle-settings-api:8.7.0) with ExternalDependencyInstrumentingArtifactTransform
Transforming builder-8.7.0.jar (com.android.tools.build:builder:8.7.0) with InstrumentationAnalysisTransform
Transforming builder-8.7.0.jar (com.android.tools.build:builder:8.7.0) with MergeInstrumentationAnalysisTransform
Transforming lint-model-31.7.0.jar (com.android.tools.lint:lint-model:31.7.0) with ExternalDependencyInstrumentingArtifactTransform
Transforming manifest-merger-31.7.0.jar (com.android.tools.build:manifest-merger:31.7.0) with InstrumentationAnalysisTransform
Transforming manifest-merger-31.7.0.jar (com.android.tools.build:manifest-merger:31.7.0) with MergeInstrumentationAnalysisTransform
Transforming sdk-common-31.7.0.jar (com.android.tools:sdk-common:31.7.0) with InstrumentationAnalysisTransform
Transforming sdk-common-31.7.0.jar (com.android.tools:sdk-common:31.7.0) with MergeInstrumentationAnalysisTransform
Transforming sdklib-31.7.0.jar (com.android.tools:sdklib:31.7.0) with InstrumentationAnalysisTransform
Transforming sdklib-31.7.0.jar (com.android.tools:sdklib:31.7.0) with MergeInstrumentationAnalysisTransform
Transforming repository-31.7.0.jar (com.android.tools:repository:31.7.0) with InstrumentationAnalysisTransform
Transforming repository-31.7.0.jar (com.android.tools:repository:31.7.0) with MergeInstrumentationAnalysisTransform
Transforming aaptcompiler-8.7.0.jar (com.android.tools.build:aaptcompiler:8.7.0) with InstrumentationAnalysisTransform
Transforming builder-8.7.0.jar (com.android.tools.build:builder:8.7.0) with ExternalDependencyInstrumentingArtifactTransform
Transforming manifest-merger-31.7.0.jar (com.android.tools.build:manifest-merger:31.7.0) with ExternalDependencyInstrumentingArtifactTransform
Transforming aaptcompiler-8.7.0.jar (com.android.tools.build:aaptcompiler:8.7.0) with MergeInstrumentationAnalysisTransform
Transforming tracker-31.7.0.jar (com.android.tools.analytics-library:tracker:31.7.0) with InstrumentationAnalysisTransform
Transforming sdk-common-31.7.0.jar (com.android.tools:sdk-common:31.7.0) with ExternalDependencyInstrumentingArtifactTransform
Transforming tracker-31.7.0.jar (com.android.tools.analytics-library:tracker:31.7.0) with MergeInstrumentationAnalysisTransform
Transforming shared-31.7.0.jar (com.android.tools.analytics-library:shared:31.7.0) with InstrumentationAnalysisTransform
Transforming sdklib-31.7.0.jar (com.android.tools:sdklib:31.7.0) with ExternalDependencyInstrumentingArtifactTransform
Transforming repository-31.7.0.jar (com.android.tools:repository:31.7.0) with ExternalDependencyInstrumentingArtifactTransform
Transforming shared-31.7.0.jar (com.android.tools.analytics-library:shared:31.7.0) with MergeInstrumentationAnalysisTransform
Transforming databinding-compiler-common-8.7.0.jar (androidx.databinding:databinding-compiler-common:8.7.0) with InstrumentationAnalysisTransform
Transforming databinding-compiler-common-8.7.0.jar (androidx.databinding:databinding-compiler-common:8.7.0) with MergeInstrumentationAnalysisTransform
Transforming aaptcompiler-8.7.0.jar (com.android.tools.build:aaptcompiler:8.7.0) with ExternalDependencyInstrumentingArtifactTransform
Transforming tracker-31.7.0.jar (com.android.tools.analytics-library:tracker:31.7.0) with ExternalDependencyInstrumentingArtifactTransform
Transforming android-test-plugin-host-emulator-control-proto-31.7.0.jar (com.android.tools.utp:android-test-plugin-host-emulator-control-proto:31.7.0) with InstrumentationAnalysisTransform
Transforming android-test-plugin-host-emulator-control-proto-31.7.0.jar (com.android.tools.utp:android-test-plugin-host-emulator-control-proto:31.7.0) with MergeInstrumentationAnalysisTransform
Transforming android-test-plugin-host-retention-proto-31.7.0.jar (com.android.tools.utp:android-test-plugin-host-retention-proto:31.7.0) with InstrumentationAnalysisTransform
Transforming android-test-plugin-host-retention-proto-31.7.0.jar (com.android.tools.utp:android-test-plugin-host-retention-proto:31.7.0) with MergeInstrumentationAnalysisTransform
Transforming builder-model-8.7.0.jar (com.android.tools.build:builder-model:8.7.0) with InstrumentationAnalysisTransform
Transforming builder-model-8.7.0.jar (com.android.tools.build:builder-model:8.7.0) with MergeInstrumentationAnalysisTransform
Transforming gradle-api-8.7.0.jar (com.android.tools.build:gradle-api:8.7.0) with InstrumentationAnalysisTransform
Transforming shared-31.7.0.jar (com.android.tools.analytics-library:shared:31.7.0) with ExternalDependencyInstrumentingArtifactTransform
Transforming gradle-api-8.7.0.jar (com.android.tools.build:gradle-api:8.7.0) with MergeInstrumentationAnalysisTransform
Transforming builder-test-api-8.7.0.jar (com.android.tools.build:builder-test-api:8.7.0) with InstrumentationAnalysisTransform
Transforming builder-test-api-8.7.0.jar (com.android.tools.build:builder-test-api:8.7.0) with MergeInstrumentationAnalysisTransform
Transforming ddmlib-31.7.0.jar (com.android.tools.ddms:ddmlib:31.7.0) with InstrumentationAnalysisTransform
Transforming builder-model-8.7.0.jar (com.android.tools.build:builder-model:8.7.0) with ExternalDependencyInstrumentingArtifactTransform
Transforming android-test-plugin-host-retention-proto-31.7.0.jar (com.android.tools.utp:android-test-plugin-host-retention-proto:31.7.0) with ExternalDependencyInstrumentingArtifactTransform
Transforming gradle-api-8.7.0.jar (com.android.tools.build:gradle-api:8.7.0) with ExternalDependencyInstrumentingArtifactTransform
Transforming builder-test-api-8.7.0.jar (com.android.tools.build:builder-test-api:8.7.0) with ExternalDependencyInstrumentingArtifactTransform
Transforming android-test-plugin-host-emulator-control-proto-31.7.0.jar (com.android.tools.utp:android-test-plugin-host-emulator-control-proto:31.7.0) with ExternalDependencyInstrumentingArtifactTransform
Transforming databinding-compiler-common-8.7.0.jar (androidx.databinding:databinding-compiler-common:8.7.0) with ExternalDependencyInstrumentingArtifactTransform
Transforming ddmlib-31.7.0.jar (com.android.tools.ddms:ddmlib:31.7.0) with MergeInstrumentationAnalysisTransform
Transforming layoutlib-api-31.7.0.jar (com.android.tools.layoutlib:layoutlib-api:31.7.0) with InstrumentationAnalysisTransform
Transforming layoutlib-api-31.7.0.jar (com.android.tools.layoutlib:layoutlib-api:31.7.0) with MergeInstrumentationAnalysisTransform
Transforming dvlib-31.7.0.jar (com.android.tools:dvlib:31.7.0) with InstrumentationAnalysisTransform
Transforming dvlib-31.7.0.jar (com.android.tools:dvlib:31.7.0) with MergeInstrumentationAnalysisTransform
Transforming ddmlib-31.7.0.jar (com.android.tools.ddms:ddmlib:31.7.0) with ExternalDependencyInstrumentingArtifactTransform
Transforming common-31.7.0.jar (com.android.tools:common:31.7.0) with InstrumentationAnalysisTransform
Transforming common-31.7.0.jar (com.android.tools:common:31.7.0) with MergeInstrumentationAnalysisTransform
Transforming dvlib-31.7.0.jar (com.android.tools:dvlib:31.7.0) with ExternalDependencyInstrumentingArtifactTransform
Transforming layoutlib-api-31.7.0.jar (com.android.tools.layoutlib:layoutlib-api:31.7.0) with ExternalDependencyInstrumentingArtifactTransform
Transforming common-31.7.0.jar (com.android.tools:common:31.7.0) with ExternalDependencyInstrumentingArtifactTransform
Transforming kotlin-stdlib-jdk8-1.9.20.jar (org.jetbrains.kotlin:kotlin-stdlib-jdk8:1.9.20) with InstrumentationAnalysisTransform
Transforming kotlin-stdlib-jdk8-1.9.20.jar (org.jetbrains.kotlin:kotlin-stdlib-jdk8:1.9.20) with MergeInstrumentationAnalysisTransform
Transforming jetifier-processor-1.0.0-beta10.jar (com.android.tools.build.jetifier:jetifier-processor:1.0.0-beta10) with InstrumentationAnalysisTransform
Transforming jetifier-processor-1.0.0-beta10.jar (com.android.tools.build.jetifier:jetifier-processor:1.0.0-beta10) with MergeInstrumentationAnalysisTransform
Transforming jetifier-core-1.0.0-beta10.jar (com.android.tools.build.jetifier:jetifier-core:1.0.0-beta10) with InstrumentationAnalysisTransform
Transforming jetifier-core-1.0.0-beta10.jar (com.android.tools.build.jetifier:jetifier-core:1.0.0-beta10) with MergeInstrumentationAnalysisTransform
Transforming kotlin-reflect-1.9.23.jar (org.jetbrains.kotlin:kotlin-reflect:1.9.23) with InstrumentationAnalysisTransform
Transforming kotlin-reflect-1.9.23.jar (org.jetbrains.kotlin:kotlin-reflect:1.9.23) with MergeInstrumentationAnalysisTransform
Transforming kotlin-stdlib-jdk7-1.9.20.jar (org.jetbrains.kotlin:kotlin-stdlib-jdk7:1.9.20) with InstrumentationAnalysisTransform
Transforming kotlin-stdlib-jdk7-1.9.20.jar (org.jetbrains.kotlin:kotlin-stdlib-jdk7:1.9.20) with MergeInstrumentationAnalysisTransform
Transforming kotlin-stdlib-1.9.23.jar (org.jetbrains.kotlin:kotlin-stdlib:1.9.23) with InstrumentationAnalysisTransform
Transforming kotlin-stdlib-1.9.23.jar (org.jetbrains.kotlin:kotlin-stdlib:1.9.23) with MergeInstrumentationAnalysisTransform
Transforming annotations-13.0.jar (org.jetbrains:annotations:13.0) with InstrumentationAnalysisTransform
Transforming annotations-13.0.jar (org.jetbrains:annotations:13.0) with MergeInstrumentationAnalysisTransform
Transforming kotlin-serialization-2.0.21-gradle85.jar (org.jetbrains.kotlin:kotlin-serialization:2.0.21) with InstrumentationAnalysisTransform
Transforming kotlin-serialization-2.0.21-gradle85.jar (org.jetbrains.kotlin:kotlin-serialization:2.0.21) with MergeInstrumentationAnalysisTransform
Transforming kotlin-gradle-plugin-model-2.0.21.jar (org.jetbrains.kotlin:kotlin-gradle-plugin-model:2.0.21) with InstrumentationAnalysisTransform
Transforming kotlin-gradle-plugin-model-2.0.21.jar (org.jetbrains.kotlin:kotlin-gradle-plugin-model:2.0.21) with MergeInstrumentationAnalysisTransform
Transforming kotlin-gradle-plugin-api-2.0.21.jar (org.jetbrains.kotlin:kotlin-gradle-plugin-api:2.0.21) with InstrumentationAnalysisTransform
Transforming kotlin-gradle-plugin-api-2.0.21.jar (org.jetbrains.kotlin:kotlin-gradle-plugin-api:2.0.21) with MergeInstrumentationAnalysisTransform
Transforming kotlin-gradle-plugin-api-2.0.21-gradle85.jar (org.jetbrains.kotlin:kotlin-gradle-plugin-api:2.0.21) with InstrumentationAnalysisTransform
Transforming kotlin-gradle-plugin-api-2.0.21-gradle85.jar (org.jetbrains.kotlin:kotlin-gradle-plugin-api:2.0.21) with MergeInstrumentationAnalysisTransform
Transforming compose-compiler-gradle-plugin-2.0.21-gradle85.jar (org.jetbrains.kotlin:compose-compiler-gradle-plugin:2.0.21) with InstrumentationAnalysisTransform
Transforming compose-compiler-gradle-plugin-2.0.21-gradle85.jar (org.jetbrains.kotlin:compose-compiler-gradle-plugin:2.0.21) with MergeInstrumentationAnalysisTransform
Transforming kotlin-gradle-plugin-2.0.21-gradle85.jar (org.jetbrains.kotlin:kotlin-gradle-plugin:2.0.21) with InstrumentationAnalysisTransform
Transforming jetifier-processor-1.0.0-beta10.jar (com.android.tools.build.jetifier:jetifier-processor:1.0.0-beta10) with ExternalDependencyInstrumentingArtifactTransform
Transforming kotlin-gradle-plugin-2.0.21-gradle85.jar (org.jetbrains.kotlin:kotlin-gradle-plugin:2.0.21) with MergeInstrumentationAnalysisTransform
Transforming bundletool-1.17.1.jar (com.android.tools.build:bundletool:1.17.1) with InstrumentationAnalysisTransform
Transforming kotlin-stdlib-jdk8-1.9.20.jar (org.jetbrains.kotlin:kotlin-stdlib-jdk8:1.9.20) with ExternalDependencyInstrumentingArtifactTransform
Transforming jetifier-core-1.0.0-beta10.jar (com.android.tools.build.jetifier:jetifier-core:1.0.0-beta10) with ExternalDependencyInstrumentingArtifactTransform
Transforming bundletool-1.17.1.jar (com.android.tools.build:bundletool:1.17.1) with MergeInstrumentationAnalysisTransform
Transforming aapt2-proto-8.7.0-12006047.jar (com.android.tools.build:aapt2-proto:8.7.0-12006047) with InstrumentationAnalysisTransform
Transforming aapt2-proto-8.7.0-12006047.jar (com.android.tools.build:aapt2-proto:8.7.0-12006047) with MergeInstrumentationAnalysisTransform
Transforming crash-31.7.0.jar (com.android.tools.analytics-library:crash:31.7.0) with InstrumentationAnalysisTransform
Transforming kotlin-reflect-1.9.23.jar (org.jetbrains.kotlin:kotlin-reflect:1.9.23) with ExternalDependencyInstrumentingArtifactTransform
Transforming kotlin-stdlib-jdk7-1.9.20.jar (org.jetbrains.kotlin:kotlin-stdlib-jdk7:1.9.20) with ExternalDependencyInstrumentingArtifactTransform
Transforming crash-31.7.0.jar (com.android.tools.analytics-library:crash:31.7.0) with MergeInstrumentationAnalysisTransform
Transforming lint-typedef-remover-31.7.0.jar (com.android.tools.lint:lint-typedef-remover:31.7.0) with InstrumentationAnalysisTransform
Transforming kotlin-stdlib-1.9.23.jar (org.jetbrains.kotlin:kotlin-stdlib:1.9.23) with ExternalDependencyInstrumentingArtifactTransform
Transforming lint-typedef-remover-31.7.0.jar (com.android.tools.lint:lint-typedef-remover:31.7.0) with MergeInstrumentationAnalysisTransform
Transforming databinding-common-8.7.0.jar (androidx.databinding:databinding-common:8.7.0) with InstrumentationAnalysisTransform
Transforming databinding-common-8.7.0.jar (androidx.databinding:databinding-common:8.7.0) with MergeInstrumentationAnalysisTransform
Transforming kotlin-serialization-2.0.21-gradle85.jar (org.jetbrains.kotlin:kotlin-serialization:2.0.21) with ExternalDependencyInstrumentingArtifactTransform
Transforming annotations-13.0.jar (org.jetbrains:annotations:13.0) with ExternalDependencyInstrumentingArtifactTransform
Transforming baseLibrary-8.7.0.jar (com.android.databinding:baseLibrary:8.7.0) with InstrumentationAnalysisTransform
Transforming kotlin-gradle-plugin-model-2.0.21.jar (org.jetbrains.kotlin:kotlin-gradle-plugin-model:2.0.21) with ExternalDependencyInstrumentingArtifactTransform
Transforming baseLibrary-8.7.0.jar (com.android.databinding:baseLibrary:8.7.0) with MergeInstrumentationAnalysisTransform
Transforming android-device-provider-ddmlib-proto-31.7.0.jar (com.android.tools.utp:android-device-provider-ddmlib-proto:31.7.0) with InstrumentationAnalysisTransform
Transforming android-device-provider-ddmlib-proto-31.7.0.jar (com.android.tools.utp:android-device-provider-ddmlib-proto:31.7.0) with MergeInstrumentationAnalysisTransform
Transforming kotlin-gradle-plugin-api-2.0.21-gradle85.jar (org.jetbrains.kotlin:kotlin-gradle-plugin-api:2.0.21) with ExternalDependencyInstrumentingArtifactTransform
Transforming compose-compiler-gradle-plugin-2.0.21-gradle85.jar (org.jetbrains.kotlin:compose-compiler-gradle-plugin:2.0.21) with ExternalDependencyInstrumentingArtifactTransform
Transforming kotlin-gradle-plugin-2.0.21-gradle85.jar (org.jetbrains.kotlin:kotlin-gradle-plugin:2.0.21) with ExternalDependencyInstrumentingArtifactTransform
Transforming kotlin-gradle-plugin-api-2.0.21.jar (org.jetbrains.kotlin:kotlin-gradle-plugin-api:2.0.21) with ExternalDependencyInstrumentingArtifactTransform
Transforming aapt2-proto-8.7.0-12006047.jar (com.android.tools.build:aapt2-proto:8.7.0-12006047) with ExternalDependencyInstrumentingArtifactTransform
Transforming crash-31.7.0.jar (com.android.tools.analytics-library:crash:31.7.0) with ExternalDependencyInstrumentingArtifactTransform
Transforming lint-typedef-remover-31.7.0.jar (com.android.tools.lint:lint-typedef-remover:31.7.0) with ExternalDependencyInstrumentingArtifactTransform
Transforming databinding-common-8.7.0.jar (androidx.databinding:databinding-common:8.7.0) with ExternalDependencyInstrumentingArtifactTransform
Transforming baseLibrary-8.7.0.jar (com.android.databinding:baseLibrary:8.7.0) with ExternalDependencyInstrumentingArtifactTransform
Transforming bundletool-1.17.1.jar (com.android.tools.build:bundletool:1.17.1) with ExternalDependencyInstrumentingArtifactTransform
Transforming android-device-provider-gradle-proto-31.7.0.jar (com.android.tools.utp:android-device-provider-gradle-proto:31.7.0) with InstrumentationAnalysisTransform
Transforming android-device-provider-gradle-proto-31.7.0.jar (com.android.tools.utp:android-device-provider-gradle-proto:31.7.0) with MergeInstrumentationAnalysisTransform
Transforming android-device-provider-profile-proto-31.7.0.jar (com.android.tools.utp:android-device-provider-profile-proto:31.7.0) with InstrumentationAnalysisTransform
Transforming android-device-provider-profile-proto-31.7.0.jar (com.android.tools.utp:android-device-provider-profile-proto:31.7.0) with MergeInstrumentationAnalysisTransform
Transforming android-device-provider-ddmlib-proto-31.7.0.jar (com.android.tools.utp:android-device-provider-ddmlib-proto:31.7.0) with ExternalDependencyInstrumentingArtifactTransform
Transforming android-test-plugin-host-additional-test-output-proto-31.7.0.jar (com.android.tools.utp:android-test-plugin-host-additional-test-output-proto:31.7.0) with InstrumentationAnalysisTransform
Transforming android-test-plugin-host-additional-test-output-proto-31.7.0.jar (com.android.tools.utp:android-test-plugin-host-additional-test-output-proto:31.7.0) with MergeInstrumentationAnalysisTransform
Transforming android-test-plugin-host-coverage-proto-31.7.0.jar (com.android.tools.utp:android-test-plugin-host-coverage-proto:31.7.0) with InstrumentationAnalysisTransform
Transforming android-test-plugin-host-coverage-proto-31.7.0.jar (com.android.tools.utp:android-test-plugin-host-coverage-proto:31.7.0) with MergeInstrumentationAnalysisTransform
Transforming android-test-plugin-host-logcat-proto-31.7.0.jar (com.android.tools.utp:android-test-plugin-host-logcat-proto:31.7.0) with InstrumentationAnalysisTransform
Transforming android-device-provider-profile-proto-31.7.0.jar (com.android.tools.utp:android-device-provider-profile-proto:31.7.0) with ExternalDependencyInstrumentingArtifactTransform
Transforming android-test-plugin-host-logcat-proto-31.7.0.jar (com.android.tools.utp:android-test-plugin-host-logcat-proto:31.7.0) with MergeInstrumentationAnalysisTransform
Transforming android-test-plugin-host-apk-installer-proto-31.7.0.jar (com.android.tools.utp:android-test-plugin-host-apk-installer-proto:31.7.0) with InstrumentationAnalysisTransform
Transforming android-device-provider-gradle-proto-31.7.0.jar (com.android.tools.utp:android-device-provider-gradle-proto:31.7.0) with ExternalDependencyInstrumentingArtifactTransform
Transforming android-test-plugin-host-additional-test-output-proto-31.7.0.jar (com.android.tools.utp:android-test-plugin-host-additional-test-output-proto:31.7.0) with ExternalDependencyInstrumentingArtifactTransform
Transforming android-test-plugin-host-coverage-proto-31.7.0.jar (com.android.tools.utp:android-test-plugin-host-coverage-proto:31.7.0) with ExternalDependencyInstrumentingArtifactTransform
Transforming android-test-plugin-host-logcat-proto-31.7.0.jar (com.android.tools.utp:android-test-plugin-host-logcat-proto:31.7.0) with ExternalDependencyInstrumentingArtifactTransform
Transforming android-test-plugin-host-apk-installer-proto-31.7.0.jar (com.android.tools.utp:android-test-plugin-host-apk-installer-proto:31.7.0) with MergeInstrumentationAnalysisTransform
Transforming android-test-plugin-result-listener-gradle-proto-31.7.0.jar (com.android.tools.utp:android-test-plugin-result-listener-gradle-proto:31.7.0) with InstrumentationAnalysisTransform
Transforming android-test-plugin-result-listener-gradle-proto-31.7.0.jar (com.android.tools.utp:android-test-plugin-result-listener-gradle-proto:31.7.0) with MergeInstrumentationAnalysisTransform
Transforming transform-api-2.0.0-deprecated-use-gradle-api.jar (com.android.tools.build:transform-api:2.0.0-deprecated-use-gradle-api) with InstrumentationAnalysisTransform
Transforming android-test-plugin-host-apk-installer-proto-31.7.0.jar (com.android.tools.utp:android-test-plugin-host-apk-installer-proto:31.7.0) with ExternalDependencyInstrumentingArtifactTransform
Transforming transform-api-2.0.0-deprecated-use-gradle-api.jar (com.android.tools.build:transform-api:2.0.0-deprecated-use-gradle-api) with MergeInstrumentationAnalysisTransform
Transforming android-test-plugin-result-listener-gradle-proto-31.7.0.jar (com.android.tools.utp:android-test-plugin-result-listener-gradle-proto:31.7.0) with ExternalDependencyInstrumentingArtifactTransform
Transforming httpmime-4.5.6.jar (org.apache.httpcomponents:httpmime:4.5.6) with InstrumentationAnalysisTransform
Transforming transform-api-2.0.0-deprecated-use-gradle-api.jar (com.android.tools.build:transform-api:2.0.0-deprecated-use-gradle-api) with ExternalDependencyInstrumentingArtifactTransform
Transforming httpmime-4.5.6.jar (org.apache.httpcomponents:httpmime:4.5.6) with MergeInstrumentationAnalysisTransform
Transforming httpmime-4.5.6.jar (org.apache.httpcomponents:httpmime:4.5.6) with ExternalDependencyInstrumentingArtifactTransform
Transforming commons-io-2.13.0.jar (commons-io:commons-io:2.13.0) with InstrumentationAnalysisTransform
Transforming commons-io-2.13.0.jar (commons-io:commons-io:2.13.0) with MergeInstrumentationAnalysisTransform
Transforming asm-commons-9.6.jar (org.ow2.asm:asm-commons:9.6) with InstrumentationAnalysisTransform
Transforming asm-commons-9.6.jar (org.ow2.asm:asm-commons:9.6) with MergeInstrumentationAnalysisTransform
Transforming asm-util-9.6.jar (org.ow2.asm:asm-util:9.6) with InstrumentationAnalysisTransform
Transforming commons-io-2.13.0.jar (commons-io:commons-io:2.13.0) with ExternalDependencyInstrumentingArtifactTransform
Transforming asm-util-9.6.jar (org.ow2.asm:asm-util:9.6) with MergeInstrumentationAnalysisTransform
Transforming asm-analysis-9.6.jar (org.ow2.asm:asm-analysis:9.6) with InstrumentationAnalysisTransform
Transforming asm-analysis-9.6.jar (org.ow2.asm:asm-analysis:9.6) with MergeInstrumentationAnalysisTransform
Transforming asm-tree-9.6.jar (org.ow2.asm:asm-tree:9.6) with InstrumentationAnalysisTransform
Transforming asm-util-9.6.jar (org.ow2.asm:asm-util:9.6) with ExternalDependencyInstrumentingArtifactTransform
Transforming asm-tree-9.6.jar (org.ow2.asm:asm-tree:9.6) with MergeInstrumentationAnalysisTransform
Transforming asm-commons-9.6.jar (org.ow2.asm:asm-commons:9.6) with ExternalDependencyInstrumentingArtifactTransform
Transforming asm-9.6.jar (org.ow2.asm:asm:9.6) with InstrumentationAnalysisTransform
Transforming asm-tree-9.6.jar (org.ow2.asm:asm-tree:9.6) with ExternalDependencyInstrumentingArtifactTransform
Transforming asm-analysis-9.6.jar (org.ow2.asm:asm-analysis:9.6) with ExternalDependencyInstrumentingArtifactTransform
Transforming asm-9.6.jar (org.ow2.asm:asm:9.6) with MergeInstrumentationAnalysisTransform
Transforming apkzlib-8.7.0.jar (com.android.tools.build:apkzlib:8.7.0) with InstrumentationAnalysisTransform
Transforming apkzlib-8.7.0.jar (com.android.tools.build:apkzlib:8.7.0) with MergeInstrumentationAnalysisTransform
Transforming bcpkix-jdk18on-1.77.jar (org.bouncycastle:bcpkix-jdk18on:1.77) with InstrumentationAnalysisTransform
Transforming asm-9.6.jar (org.ow2.asm:asm:9.6) with ExternalDependencyInstrumentingArtifactTransform
Transforming bcpkix-jdk18on-1.77.jar (org.bouncycastle:bcpkix-jdk18on:1.77) with MergeInstrumentationAnalysisTransform
Transforming jaxb-runtime-2.3.2.jar (org.glassfish.jaxb:jaxb-runtime:2.3.2) with InstrumentationAnalysisTransform
Transforming jaxb-runtime-2.3.2.jar (org.glassfish.jaxb:jaxb-runtime:2.3.2) with MergeInstrumentationAnalysisTransform
Transforming jopt-simple-4.9.jar (net.sf.jopt-simple:jopt-simple:4.9) with InstrumentationAnalysisTransform
Transforming apkzlib-8.7.0.jar (com.android.tools.build:apkzlib:8.7.0) with ExternalDependencyInstrumentingArtifactTransform
Transforming jopt-simple-4.9.jar (net.sf.jopt-simple:jopt-simple:4.9) with MergeInstrumentationAnalysisTransform
Transforming javapoet-1.10.0.jar (com.squareup:javapoet:1.10.0) with InstrumentationAnalysisTransform
Transforming bcpkix-jdk18on-1.77.jar (org.bouncycastle:bcpkix-jdk18on:1.77) with ExternalDependencyInstrumentingArtifactTransform
Transforming javapoet-1.10.0.jar (com.squareup:javapoet:1.10.0) with MergeInstrumentationAnalysisTransform
Transforming jaxb-runtime-2.3.2.jar (org.glassfish.jaxb:jaxb-runtime:2.3.2) with ExternalDependencyInstrumentingArtifactTransform
Transforming protobuf-java-util-3.22.3.jar (com.google.protobuf:protobuf-java-util:3.22.3) with InstrumentationAnalysisTransform
Transforming protobuf-java-util-3.22.3.jar (com.google.protobuf:protobuf-java-util:3.22.3) with MergeInstrumentationAnalysisTransform
Transforming jopt-simple-4.9.jar (net.sf.jopt-simple:jopt-simple:4.9) with ExternalDependencyInstrumentingArtifactTransform
Transforming grpc-protobuf-1.57.0.jar (io.grpc:grpc-protobuf:1.57.0) with InstrumentationAnalysisTransform
Transforming javapoet-1.10.0.jar (com.squareup:javapoet:1.10.0) with ExternalDependencyInstrumentingArtifactTransform
Transforming grpc-protobuf-1.57.0.jar (io.grpc:grpc-protobuf:1.57.0) with MergeInstrumentationAnalysisTransform
Transforming tink-1.7.0.jar (com.google.crypto.tink:tink:1.7.0) with InstrumentationAnalysisTransform
Transforming tink-1.7.0.jar (com.google.crypto.tink:tink:1.7.0) with MergeInstrumentationAnalysisTransform
Transforming protobuf-java-util-3.22.3.jar (com.google.protobuf:protobuf-java-util:3.22.3) with ExternalDependencyInstrumentingArtifactTransform
Transforming protos-31.7.0.jar (com.android.tools.analytics-library:protos:31.7.0) with InstrumentationAnalysisTransform
Transforming grpc-protobuf-1.57.0.jar (io.grpc:grpc-protobuf:1.57.0) with ExternalDependencyInstrumentingArtifactTransform
Transforming protos-31.7.0.jar (com.android.tools.analytics-library:protos:31.7.0) with MergeInstrumentationAnalysisTransform
Transforming proto-google-common-protos-2.17.0.jar (com.google.api.grpc:proto-google-common-protos:2.17.0) with InstrumentationAnalysisTransform
Transforming tink-1.7.0.jar (com.google.crypto.tink:tink:1.7.0) with ExternalDependencyInstrumentingArtifactTransform
Transforming proto-google-common-protos-2.17.0.jar (com.google.api.grpc:proto-google-common-protos:2.17.0) with MergeInstrumentationAnalysisTransform
Transforming protobuf-java-3.22.3.jar (com.google.protobuf:protobuf-java:3.22.3) with InstrumentationAnalysisTransform
Transforming protos-31.7.0.jar (com.android.tools.analytics-library:protos:31.7.0) with ExternalDependencyInstrumentingArtifactTransform
Transforming protobuf-java-3.22.3.jar (com.google.protobuf:protobuf-java:3.22.3) with MergeInstrumentationAnalysisTransform
Transforming grpc-netty-1.57.0.jar (io.grpc:grpc-netty:1.57.0) with InstrumentationAnalysisTransform
Transforming proto-google-common-protos-2.17.0.jar (com.google.api.grpc:proto-google-common-protos:2.17.0) with ExternalDependencyInstrumentingArtifactTransform
Transforming grpc-netty-1.57.0.jar (io.grpc:grpc-netty:1.57.0) with MergeInstrumentationAnalysisTransform
Transforming grpc-core-1.57.0.jar (io.grpc:grpc-core:1.57.0) with InstrumentationAnalysisTransform
Transforming protobuf-java-3.22.3.jar (com.google.protobuf:protobuf-java:3.22.3) with ExternalDependencyInstrumentingArtifactTransform
Transforming grpc-core-1.57.0.jar (io.grpc:grpc-core:1.57.0) with MergeInstrumentationAnalysisTransform
Transforming grpc-netty-1.57.0.jar (io.grpc:grpc-netty:1.57.0) with ExternalDependencyInstrumentingArtifactTransform
Transforming kotlin-build-statistics-2.0.21.jar (org.jetbrains.kotlin:kotlin-build-statistics:2.0.21) with InstrumentationAnalysisTransform
Transforming kotlin-build-statistics-2.0.21.jar (org.jetbrains.kotlin:kotlin-build-statistics:2.0.21) with MergeInstrumentationAnalysisTransform
Transforming grpc-core-1.57.0.jar (io.grpc:grpc-core:1.57.0) with ExternalDependencyInstrumentingArtifactTransform
Transforming gson-2.10.1.jar (com.google.code.gson:gson:2.10.1) with InstrumentationAnalysisTransform
Transforming gson-2.10.1.jar (com.google.code.gson:gson:2.10.1) with MergeInstrumentationAnalysisTransform
Transforming grpc-stub-1.57.0.jar (io.grpc:grpc-stub:1.57.0) with InstrumentationAnalysisTransform
Transforming grpc-stub-1.57.0.jar (io.grpc:grpc-stub:1.57.0) with MergeInstrumentationAnalysisTransform
Transforming core-proto-0.0.9-alpha02.jar (com.google.testing.platform:core-proto:0.0.9-alpha02) with InstrumentationAnalysisTransform
Transforming kotlin-build-statistics-2.0.21.jar (org.jetbrains.kotlin:kotlin-build-statistics:2.0.21) with ExternalDependencyInstrumentingArtifactTransform
Transforming core-proto-0.0.9-alpha02.jar (com.google.testing.platform:core-proto:0.0.9-alpha02) with MergeInstrumentationAnalysisTransform
Transforming tensorflow-lite-metadata-0.1.0-rc2.jar (org.tensorflow:tensorflow-lite-metadata:0.1.0-rc2) with InstrumentationAnalysisTransform
Transforming tensorflow-lite-metadata-0.1.0-rc2.jar (org.tensorflow:tensorflow-lite-metadata:0.1.0-rc2) with MergeInstrumentationAnalysisTransform
Transforming flatbuffers-java-1.12.0.jar (com.google.flatbuffers:flatbuffers-java:1.12.0) with InstrumentationAnalysisTransform
Transforming gson-2.10.1.jar (com.google.code.gson:gson:2.10.1) with ExternalDependencyInstrumentingArtifactTransform
Transforming flatbuffers-java-1.12.0.jar (com.google.flatbuffers:flatbuffers-java:1.12.0) with MergeInstrumentationAnalysisTransform
Transforming kotlin-gradle-plugin-idea-proto-2.0.21.jar (org.jetbrains.kotlin:kotlin-gradle-plugin-idea-proto:2.0.21) with InstrumentationAnalysisTransform
Transforming kotlin-gradle-plugin-idea-proto-2.0.21.jar (org.jetbrains.kotlin:kotlin-gradle-plugin-idea-proto:2.0.21) with MergeInstrumentationAnalysisTransform
Transforming kotlin-gradle-plugin-idea-2.0.21.jar (org.jetbrains.kotlin:kotlin-gradle-plugin-idea:2.0.21) with InstrumentationAnalysisTransform
Transforming grpc-stub-1.57.0.jar (io.grpc:grpc-stub:1.57.0) with ExternalDependencyInstrumentingArtifactTransform
Transforming kotlin-gradle-plugin-idea-2.0.21.jar (org.jetbrains.kotlin:kotlin-gradle-plugin-idea:2.0.21) with MergeInstrumentationAnalysisTransform
Transforming kotlin-klib-commonizer-api-2.0.21.jar (org.jetbrains.kotlin:kotlin-klib-commonizer-api:2.0.21) with InstrumentationAnalysisTransform
Transforming kotlin-klib-commonizer-api-2.0.21.jar (org.jetbrains.kotlin:kotlin-klib-commonizer-api:2.0.21) with MergeInstrumentationAnalysisTransform
Transforming kotlin-build-tools-api-2.0.21.jar (org.jetbrains.kotlin:kotlin-build-tools-api:2.0.21) with InstrumentationAnalysisTransform
Transforming core-proto-0.0.9-alpha02.jar (com.google.testing.platform:core-proto:0.0.9-alpha02) with ExternalDependencyInstrumentingArtifactTransform
Transforming kotlin-build-tools-api-2.0.21.jar (org.jetbrains.kotlin:kotlin-build-tools-api:2.0.21) with MergeInstrumentationAnalysisTransform
Transforming kotlin-compiler-runner-2.0.21.jar (org.jetbrains.kotlin:kotlin-compiler-runner:2.0.21) with InstrumentationAnalysisTransform
Transforming kotlin-compiler-runner-2.0.21.jar (org.jetbrains.kotlin:kotlin-compiler-runner:2.0.21) with MergeInstrumentationAnalysisTransform
Transforming flatbuffers-java-1.12.0.jar (com.google.flatbuffers:flatbuffers-java:1.12.0) with ExternalDependencyInstrumentingArtifactTransform
Transforming kotlin-gradle-plugin-idea-proto-2.0.21.jar (org.jetbrains.kotlin:kotlin-gradle-plugin-idea-proto:2.0.21) with ExternalDependencyInstrumentingArtifactTransform
Transforming kotlin-gradle-plugin-idea-2.0.21.jar (org.jetbrains.kotlin:kotlin-gradle-plugin-idea:2.0.21) with ExternalDependencyInstrumentingArtifactTransform
Transforming kotlin-build-tools-api-2.0.21.jar (org.jetbrains.kotlin:kotlin-build-tools-api:2.0.21) with ExternalDependencyInstrumentingArtifactTransform
Transforming kotlin-klib-commonizer-api-2.0.21.jar (org.jetbrains.kotlin:kotlin-klib-commonizer-api:2.0.21) with ExternalDependencyInstrumentingArtifactTransform
Transforming kotlin-compiler-runner-2.0.21.jar (org.jetbrains.kotlin:kotlin-compiler-runner:2.0.21) with ExternalDependencyInstrumentingArtifactTransform
Transforming tensorflow-lite-metadata-0.1.0-rc2.jar (org.tensorflow:tensorflow-lite-metadata:0.1.0-rc2) with ExternalDependencyInstrumentingArtifactTransform
Transforming kotlin-native-utils-2.0.21.jar (org.jetbrains.kotlin:kotlin-native-utils:2.0.21) with InstrumentationAnalysisTransform
Transforming kotlin-native-utils-2.0.21.jar (org.jetbrains.kotlin:kotlin-native-utils:2.0.21) with MergeInstrumentationAnalysisTransform
Transforming kotlin-native-utils-2.0.21.jar (org.jetbrains.kotlin:kotlin-native-utils:2.0.21) with ExternalDependencyInstrumentingArtifactTransform
Transforming kotlin-util-klib-2.0.21.jar (org.jetbrains.kotlin:kotlin-util-klib:2.0.21) with InstrumentationAnalysisTransform
Transforming kotlin-util-klib-2.0.21.jar (org.jetbrains.kotlin:kotlin-util-klib:2.0.21) with MergeInstrumentationAnalysisTransform
Transforming kotlin-compiler-embeddable-2.0.21.jar (org.jetbrains.kotlin:kotlin-compiler-embeddable:2.0.21) with InstrumentationAnalysisTransform
Transforming kotlin-compiler-embeddable-2.0.21.jar (org.jetbrains.kotlin:kotlin-compiler-embeddable:2.0.21) with MergeInstrumentationAnalysisTransform
Transforming jimfs-1.1.jar (com.google.jimfs:jimfs:1.1) with InstrumentationAnalysisTransform
Transforming jimfs-1.1.jar (com.google.jimfs:jimfs:1.1) with MergeInstrumentationAnalysisTransform
Transforming grpc-context-1.57.0.jar (io.grpc:grpc-context:1.57.0) with InstrumentationAnalysisTransform
Transforming kotlin-util-klib-2.0.21.jar (org.jetbrains.kotlin:kotlin-util-klib:2.0.21) with ExternalDependencyInstrumentingArtifactTransform
Transforming grpc-context-1.57.0.jar (io.grpc:grpc-context:1.57.0) with MergeInstrumentationAnalysisTransform
Transforming grpc-protobuf-lite-1.57.0.jar (io.grpc:grpc-protobuf-lite:1.57.0) with InstrumentationAnalysisTransform
Transforming grpc-protobuf-lite-1.57.0.jar (io.grpc:grpc-protobuf-lite:1.57.0) with MergeInstrumentationAnalysisTransform
Transforming grpc-api-1.57.0.jar (io.grpc:grpc-api:1.57.0) with InstrumentationAnalysisTransform
Transforming jimfs-1.1.jar (com.google.jimfs:jimfs:1.1) with ExternalDependencyInstrumentingArtifactTransform
Transforming grpc-api-1.57.0.jar (io.grpc:grpc-api:1.57.0) with MergeInstrumentationAnalysisTransform
Transforming guava-32.0.1-jre.jar (com.google.guava:guava:32.0.1-jre) with InstrumentationAnalysisTransform
Transforming guava-32.0.1-jre.jar (com.google.guava:guava:32.0.1-jre) with MergeInstrumentationAnalysisTransform
Transforming dagger-2.28.3.jar (com.google.dagger:dagger:2.28.3) with InstrumentationAnalysisTransform
Transforming grpc-protobuf-lite-1.57.0.jar (io.grpc:grpc-protobuf-lite:1.57.0) with ExternalDependencyInstrumentingArtifactTransform
Transforming dagger-2.28.3.jar (com.google.dagger:dagger:2.28.3) with MergeInstrumentationAnalysisTransform
Transforming javax.inject-1.jar (javax.inject:javax.inject:1) with InstrumentationAnalysisTransform
Transforming grpc-context-1.57.0.jar (io.grpc:grpc-context:1.57.0) with ExternalDependencyInstrumentingArtifactTransform
Transforming grpc-api-1.57.0.jar (io.grpc:grpc-api:1.57.0) with ExternalDependencyInstrumentingArtifactTransform
Transforming guava-32.0.1-jre.jar (com.google.guava:guava:32.0.1-jre) with ExternalDependencyInstrumentingArtifactTransform
Transforming dagger-2.28.3.jar (com.google.dagger:dagger:2.28.3) with ExternalDependencyInstrumentingArtifactTransform
Transforming javax.inject-1.jar (javax.inject:javax.inject:1) with MergeInstrumentationAnalysisTransform
Transforming kxml2-2.3.0.jar (net.sf.kxml:kxml2:2.3.0) with InstrumentationAnalysisTransform
Transforming kotlin-compiler-embeddable-2.0.21.jar (org.jetbrains.kotlin:kotlin-compiler-embeddable:2.0.21) with ExternalDependencyInstrumentingArtifactTransform
Transforming kxml2-2.3.0.jar (net.sf.kxml:kxml2:2.3.0) with MergeInstrumentationAnalysisTransform
Transforming bcutil-jdk18on-1.77.jar (org.bouncycastle:bcutil-jdk18on:1.77) with InstrumentationAnalysisTransform
Transforming bcutil-jdk18on-1.77.jar (org.bouncycastle:bcutil-jdk18on:1.77) with MergeInstrumentationAnalysisTransform
Transforming bcprov-jdk18on-1.77.jar (org.bouncycastle:bcprov-jdk18on:1.77) with InstrumentationAnalysisTransform
Transforming javax.inject-1.jar (javax.inject:javax.inject:1) with ExternalDependencyInstrumentingArtifactTransform
Transforming bcprov-jdk18on-1.77.jar (org.bouncycastle:bcprov-jdk18on:1.77) with MergeInstrumentationAnalysisTransform
Transforming trove4j-1.0.20200330.jar (org.jetbrains.intellij.deps:trove4j:1.0.20200330) with InstrumentationAnalysisTransform
Transforming trove4j-1.0.20200330.jar (org.jetbrains.intellij.deps:trove4j:1.0.20200330) with MergeInstrumentationAnalysisTransform
Transforming commons-compress-1.21.jar (org.apache.commons:commons-compress:1.21) with InstrumentationAnalysisTransform
Transforming kxml2-2.3.0.jar (net.sf.kxml:kxml2:2.3.0) with ExternalDependencyInstrumentingArtifactTransform
Transforming commons-compress-1.21.jar (org.apache.commons:commons-compress:1.21) with MergeInstrumentationAnalysisTransform
Transforming httpclient-4.5.14.jar (org.apache.httpcomponents:httpclient:4.5.14) with InstrumentationAnalysisTransform
Transforming httpclient-4.5.14.jar (org.apache.httpcomponents:httpclient:4.5.14) with MergeInstrumentationAnalysisTransform
Transforming httpcore-4.4.16.jar (org.apache.httpcomponents:httpcore:4.4.16) with InstrumentationAnalysisTransform
Transforming bcutil-jdk18on-1.77.jar (org.bouncycastle:bcutil-jdk18on:1.77) with ExternalDependencyInstrumentingArtifactTransform
Transforming httpcore-4.4.16.jar (org.apache.httpcomponents:httpcore:4.4.16) with MergeInstrumentationAnalysisTransform
Transforming javax.activation-1.2.0.jar (com.sun.activation:javax.activation:1.2.0) with InstrumentationAnalysisTransform
Transforming javax.activation-1.2.0.jar (com.sun.activation:javax.activation:1.2.0) with MergeInstrumentationAnalysisTransform
Transforming signflinger-8.7.0.jar (com.android:signflinger:8.7.0) with InstrumentationAnalysisTransform
Transforming bcprov-jdk18on-1.77.jar (org.bouncycastle:bcprov-jdk18on:1.77) with ExternalDependencyInstrumentingArtifactTransform
Transforming signflinger-8.7.0.jar (com.android:signflinger:8.7.0) with MergeInstrumentationAnalysisTransform
Transforming zipflinger-8.7.0.jar (com.android:zipflinger:8.7.0) with InstrumentationAnalysisTransform
Transforming zipflinger-8.7.0.jar (com.android:zipflinger:8.7.0) with MergeInstrumentationAnalysisTransform
Transforming annotations-31.7.0.jar (com.android.tools:annotations:31.7.0) with InstrumentationAnalysisTransform
Transforming annotations-31.7.0.jar (com.android.tools:annotations:31.7.0) with MergeInstrumentationAnalysisTransform
Transforming jna-platform-5.6.0.jar (net.java.dev.jna:jna-platform:5.6.0) with InstrumentationAnalysisTransform
Transforming trove4j-1.0.20200330.jar (org.jetbrains.intellij.deps:trove4j:1.0.20200330) with ExternalDependencyInstrumentingArtifactTransform
Transforming jna-platform-5.6.0.jar (net.java.dev.jna:jna-platform:5.6.0) with MergeInstrumentationAnalysisTransform
Transforming juniversalchardet-1.0.3.jar (com.googlecode.juniversalchardet:juniversalchardet:1.0.3) with InstrumentationAnalysisTransform
Transforming juniversalchardet-1.0.3.jar (com.googlecode.juniversalchardet:juniversalchardet:1.0.3) with MergeInstrumentationAnalysisTransform
Transforming javax.annotation-api-1.3.2.jar (javax.annotation:javax.annotation-api:1.3.2) with InstrumentationAnalysisTransform
Transforming commons-compress-1.21.jar (org.apache.commons:commons-compress:1.21) with ExternalDependencyInstrumentingArtifactTransform
Transforming javax.annotation-api-1.3.2.jar (javax.annotation:javax.annotation-api:1.3.2) with MergeInstrumentationAnalysisTransform
Transforming stax-ex-1.8.1.jar (org.jvnet.staxex:stax-ex:1.8.1) with InstrumentationAnalysisTransform
Transforming stax-ex-1.8.1.jar (org.jvnet.staxex:stax-ex:1.8.1) with MergeInstrumentationAnalysisTransform
Transforming jakarta.xml.bind-api-2.3.2.jar (jakarta.xml.bind:jakarta.xml.bind-api:2.3.2) with InstrumentationAnalysisTransform
Transforming jakarta.xml.bind-api-2.3.2.jar (jakarta.xml.bind:jakarta.xml.bind-api:2.3.2) with MergeInstrumentationAnalysisTransform
Transforming httpclient-4.5.14.jar (org.apache.httpcomponents:httpclient:4.5.14) with ExternalDependencyInstrumentingArtifactTransform
Transforming txw2-2.3.2.jar (org.glassfish.jaxb:txw2:2.3.2) with InstrumentationAnalysisTransform
Transforming txw2-2.3.2.jar (org.glassfish.jaxb:txw2:2.3.2) with MergeInstrumentationAnalysisTransform
Transforming istack-commons-runtime-3.0.8.jar (com.sun.istack:istack-commons-runtime:3.0.8) with InstrumentationAnalysisTransform
Transforming istack-commons-runtime-3.0.8.jar (com.sun.istack:istack-commons-runtime:3.0.8) with MergeInstrumentationAnalysisTransform
Transforming FastInfoset-1.2.16.jar (com.sun.xml.fastinfoset:FastInfoset:1.2.16) with InstrumentationAnalysisTransform
Transforming httpcore-4.4.16.jar (org.apache.httpcomponents:httpcore:4.4.16) with ExternalDependencyInstrumentingArtifactTransform
Transforming FastInfoset-1.2.16.jar (com.sun.xml.fastinfoset:FastInfoset:1.2.16) with MergeInstrumentationAnalysisTransform
Transforming jakarta.activation-api-1.2.1.jar (jakarta.activation:jakarta.activation-api:1.2.1) with InstrumentationAnalysisTransform
Transforming jakarta.activation-api-1.2.1.jar (jakarta.activation:jakarta.activation-api:1.2.1) with MergeInstrumentationAnalysisTransform
Transforming auto-value-annotations-1.6.2.jar (com.google.auto.value:auto-value-annotations:1.6.2) with InstrumentationAnalysisTransform
Transforming javax.activation-1.2.0.jar (com.sun.activation:javax.activation:1.2.0) with ExternalDependencyInstrumentingArtifactTransform
Transforming auto-value-annotations-1.6.2.jar (com.google.auto.value:auto-value-annotations:1.6.2) with MergeInstrumentationAnalysisTransform
Transforming error_prone_annotations-2.18.0.jar (com.google.errorprone:error_prone_annotations:2.18.0) with InstrumentationAnalysisTransform
Transforming error_prone_annotations-2.18.0.jar (com.google.errorprone:error_prone_annotations:2.18.0) with MergeInstrumentationAnalysisTransform
Transforming jose4j-0.9.5.jar (org.bitbucket.b_c:jose4j:0.9.5) with InstrumentationAnalysisTransform
Transforming signflinger-8.7.0.jar (com.android:signflinger:8.7.0) with ExternalDependencyInstrumentingArtifactTransform
Transforming jose4j-0.9.5.jar (org.bitbucket.b_c:jose4j:0.9.5) with MergeInstrumentationAnalysisTransform
Transforming slf4j-api-1.7.30.jar (org.slf4j:slf4j-api:1.7.30) with InstrumentationAnalysisTransform
Transforming slf4j-api-1.7.30.jar (org.slf4j:slf4j-api:1.7.30) with MergeInstrumentationAnalysisTransform
Transforming jdom2-2.0.6.jar (org.jdom:jdom2:2.0.6) with InstrumentationAnalysisTransform
Transforming zipflinger-8.7.0.jar (com.android:zipflinger:8.7.0) with ExternalDependencyInstrumentingArtifactTransform
Transforming jdom2-2.0.6.jar (org.jdom:jdom2:2.0.6) with MergeInstrumentationAnalysisTransform
Transforming jsr305-3.0.2.jar (com.google.code.findbugs:jsr305:3.0.2) with InstrumentationAnalysisTransform
Transforming jsr305-3.0.2.jar (com.google.code.findbugs:jsr305:3.0.2) with MergeInstrumentationAnalysisTransform
Transforming j2objc-annotations-2.8.jar (com.google.j2objc:j2objc-annotations:2.8) with InstrumentationAnalysisTransform
Transforming j2objc-annotations-2.8.jar (com.google.j2objc:j2objc-annotations:2.8) with MergeInstrumentationAnalysisTransform
Transforming annotations-4.1.1.4.jar (com.google.android:annotations:4.1.1.4) with InstrumentationAnalysisTransform
Transforming annotations-31.7.0.jar (com.android.tools:annotations:31.7.0) with ExternalDependencyInstrumentingArtifactTransform
Transforming annotations-4.1.1.4.jar (com.google.android:annotations:4.1.1.4) with MergeInstrumentationAnalysisTransform
Transforming animal-sniffer-annotations-1.23.jar (org.codehaus.mojo:animal-sniffer-annotations:1.23) with InstrumentationAnalysisTransform
Transforming animal-sniffer-annotations-1.23.jar (org.codehaus.mojo:animal-sniffer-annotations:1.23) with MergeInstrumentationAnalysisTransform
Transforming jna-platform-5.6.0.jar (net.java.dev.jna:jna-platform:5.6.0) with ExternalDependencyInstrumentingArtifactTransform
Transforming perfmark-api-0.26.0.jar (io.perfmark:perfmark-api:0.26.0) with InstrumentationAnalysisTransform
Transforming perfmark-api-0.26.0.jar (io.perfmark:perfmark-api:0.26.0) with MergeInstrumentationAnalysisTransform
Transforming netty-codec-http2-4.1.93.Final.jar (io.netty:netty-codec-http2:4.1.93.Final) with InstrumentationAnalysisTransform
Transforming netty-codec-http2-4.1.93.Final.jar (io.netty:netty-codec-http2:4.1.93.Final) with MergeInstrumentationAnalysisTransform
Transforming juniversalchardet-1.0.3.jar (com.googlecode.juniversalchardet:juniversalchardet:1.0.3) with ExternalDependencyInstrumentingArtifactTransform
Transforming javax.annotation-api-1.3.2.jar (javax.annotation:javax.annotation-api:1.3.2) with ExternalDependencyInstrumentingArtifactTransform
Transforming jakarta.xml.bind-api-2.3.2.jar (jakarta.xml.bind:jakarta.xml.bind-api:2.3.2) with ExternalDependencyInstrumentingArtifactTransform
Transforming istack-commons-runtime-3.0.8.jar (com.sun.istack:istack-commons-runtime:3.0.8) with ExternalDependencyInstrumentingArtifactTransform
Transforming netty-handler-proxy-4.1.93.Final.jar (io.netty:netty-handler-proxy:4.1.93.Final) with InstrumentationAnalysisTransform
Transforming jakarta.activation-api-1.2.1.jar (jakarta.activation:jakarta.activation-api:1.2.1) with ExternalDependencyInstrumentingArtifactTransform
Transforming netty-handler-proxy-4.1.93.Final.jar (io.netty:netty-handler-proxy:4.1.93.Final) with MergeInstrumentationAnalysisTransform
Transforming netty-codec-http-4.1.93.Final.jar (io.netty:netty-codec-http:4.1.93.Final) with InstrumentationAnalysisTransform
Transforming netty-codec-http-4.1.93.Final.jar (io.netty:netty-codec-http:4.1.93.Final) with MergeInstrumentationAnalysisTransform
Transforming netty-handler-4.1.93.Final.jar (io.netty:netty-handler:4.1.93.Final) with InstrumentationAnalysisTransform
Transforming auto-value-annotations-1.6.2.jar (com.google.auto.value:auto-value-annotations:1.6.2) with ExternalDependencyInstrumentingArtifactTransform
Transforming netty-handler-4.1.93.Final.jar (io.netty:netty-handler:4.1.93.Final) with MergeInstrumentationAnalysisTransform
Transforming netty-transport-native-unix-common-4.1.93.Final.jar (io.netty:netty-transport-native-unix-common:4.1.93.Final) with InstrumentationAnalysisTransform
Transforming netty-transport-native-unix-common-4.1.93.Final.jar (io.netty:netty-transport-native-unix-common:4.1.93.Final) with MergeInstrumentationAnalysisTransform
Transforming checker-qual-3.33.0.jar (org.checkerframework:checker-qual:3.33.0) with InstrumentationAnalysisTransform
Transforming error_prone_annotations-2.18.0.jar (com.google.errorprone:error_prone_annotations:2.18.0) with ExternalDependencyInstrumentingArtifactTransform
Transforming checker-qual-3.33.0.jar (org.checkerframework:checker-qual:3.33.0) with MergeInstrumentationAnalysisTransform
Transforming commons-codec-1.11.jar (commons-codec:commons-codec:1.11) with InstrumentationAnalysisTransform
Transforming commons-codec-1.11.jar (commons-codec:commons-codec:1.11) with MergeInstrumentationAnalysisTransform
Transforming apksig-8.7.0.jar (com.android.tools.build:apksig:8.7.0) with InstrumentationAnalysisTransform
Transforming apksig-8.7.0.jar (com.android.tools.build:apksig:8.7.0) with MergeInstrumentationAnalysisTransform
Transforming javawriter-2.5.0.jar (com.squareup:javawriter:2.5.0) with InstrumentationAnalysisTransform
Transforming javawriter-2.5.0.jar (com.squareup:javawriter:2.5.0) with MergeInstrumentationAnalysisTransform
Transforming kotlin-gradle-plugin-annotations-2.0.21.jar (org.jetbrains.kotlin:kotlin-gradle-plugin-annotations:2.0.21) with InstrumentationAnalysisTransform
Transforming kotlin-gradle-plugin-annotations-2.0.21.jar (org.jetbrains.kotlin:kotlin-gradle-plugin-annotations:2.0.21) with MergeInstrumentationAnalysisTransform
Transforming kotlin-tooling-core-2.0.21.jar (org.jetbrains.kotlin:kotlin-tooling-core:2.0.21) with InstrumentationAnalysisTransform
Transforming stax-ex-1.8.1.jar (org.jvnet.staxex:stax-ex:1.8.1) with ExternalDependencyInstrumentingArtifactTransform
Transforming jose4j-0.9.5.jar (org.bitbucket.b_c:jose4j:0.9.5) with ExternalDependencyInstrumentingArtifactTransform
Transforming txw2-2.3.2.jar (org.glassfish.jaxb:txw2:2.3.2) with ExternalDependencyInstrumentingArtifactTransform
Transforming kotlin-tooling-core-2.0.21.jar (org.jetbrains.kotlin:kotlin-tooling-core:2.0.21) with MergeInstrumentationAnalysisTransform
Transforming kotlin-daemon-client-2.0.21.jar (org.jetbrains.kotlin:kotlin-daemon-client:2.0.21) with InstrumentationAnalysisTransform
Transforming FastInfoset-1.2.16.jar (com.sun.xml.fastinfoset:FastInfoset:1.2.16) with ExternalDependencyInstrumentingArtifactTransform
Transforming jsr305-3.0.2.jar (com.google.code.findbugs:jsr305:3.0.2) with ExternalDependencyInstrumentingArtifactTransform
Transforming slf4j-api-1.7.30.jar (org.slf4j:slf4j-api:1.7.30) with ExternalDependencyInstrumentingArtifactTransform
Transforming j2objc-annotations-2.8.jar (com.google.j2objc:j2objc-annotations:2.8) with ExternalDependencyInstrumentingArtifactTransform
Transforming jdom2-2.0.6.jar (org.jdom:jdom2:2.0.6) with ExternalDependencyInstrumentingArtifactTransform
Transforming annotations-4.1.1.4.jar (com.google.android:annotations:4.1.1.4) with ExternalDependencyInstrumentingArtifactTransform
Transforming perfmark-api-0.26.0.jar (io.perfmark:perfmark-api:0.26.0) with ExternalDependencyInstrumentingArtifactTransform
Transforming netty-codec-http2-4.1.93.Final.jar (io.netty:netty-codec-http2:4.1.93.Final) with ExternalDependencyInstrumentingArtifactTransform
Transforming animal-sniffer-annotations-1.23.jar (org.codehaus.mojo:animal-sniffer-annotations:1.23) with ExternalDependencyInstrumentingArtifactTransform
Transforming netty-handler-4.1.93.Final.jar (io.netty:netty-handler:4.1.93.Final) with ExternalDependencyInstrumentingArtifactTransform
Transforming netty-transport-native-unix-common-4.1.93.Final.jar (io.netty:netty-transport-native-unix-common:4.1.93.Final) with ExternalDependencyInstrumentingArtifactTransform
Transforming checker-qual-3.33.0.jar (org.checkerframework:checker-qual:3.33.0) with ExternalDependencyInstrumentingArtifactTransform
Transforming commons-codec-1.11.jar (commons-codec:commons-codec:1.11) with ExternalDependencyInstrumentingArtifactTransform
Transforming apksig-8.7.0.jar (com.android.tools.build:apksig:8.7.0) with ExternalDependencyInstrumentingArtifactTransform
Transforming javawriter-2.5.0.jar (com.squareup:javawriter:2.5.0) with ExternalDependencyInstrumentingArtifactTransform
Transforming kotlin-gradle-plugin-annotations-2.0.21.jar (org.jetbrains.kotlin:kotlin-gradle-plugin-annotations:2.0.21) with ExternalDependencyInstrumentingArtifactTransform
Transforming kotlin-daemon-client-2.0.21.jar (org.jetbrains.kotlin:kotlin-daemon-client:2.0.21) with MergeInstrumentationAnalysisTransform
Transforming kotlinx-coroutines-core-jvm-1.6.4.jar (org.jetbrains.kotlinx:kotlinx-coroutines-core-jvm:1.6.4) with InstrumentationAnalysisTransform
Transforming kotlinx-coroutines-core-jvm-1.6.4.jar (org.jetbrains.kotlinx:kotlinx-coroutines-core-jvm:1.6.4) with MergeInstrumentationAnalysisTransform
Transforming kotlin-util-io-2.0.21.jar (org.jetbrains.kotlin:kotlin-util-io:2.0.21) with InstrumentationAnalysisTransform
Transforming kotlin-util-io-2.0.21.jar (org.jetbrains.kotlin:kotlin-util-io:2.0.21) with MergeInstrumentationAnalysisTransform
Transforming kotlin-daemon-embeddable-2.0.21.jar (org.jetbrains.kotlin:kotlin-daemon-embeddable:2.0.21) with InstrumentationAnalysisTransform
Transforming netty-codec-http-4.1.93.Final.jar (io.netty:netty-codec-http:4.1.93.Final) with ExternalDependencyInstrumentingArtifactTransform
Transforming netty-handler-proxy-4.1.93.Final.jar (io.netty:netty-handler-proxy:4.1.93.Final) with ExternalDependencyInstrumentingArtifactTransform
Transforming kotlin-daemon-embeddable-2.0.21.jar (org.jetbrains.kotlin:kotlin-daemon-embeddable:2.0.21) with MergeInstrumentationAnalysisTransform
Transforming kotlinx-coroutines-core-jvm-1.6.4.jar (org.jetbrains.kotlinx:kotlinx-coroutines-core-jvm:1.6.4) with ExternalDependencyInstrumentingArtifactTransform
Transforming failureaccess-1.0.1.jar (com.google.guava:failureaccess:1.0.1) with InstrumentationAnalysisTransform
Transforming failureaccess-1.0.1.jar (com.google.guava:failureaccess:1.0.1) with MergeInstrumentationAnalysisTransform
Transforming listenablefuture-9999.0-empty-to-avoid-conflict-with-guava.jar (com.google.guava:listenablefuture:9999.0-empty-to-avoid-conflict-with-guava) with InstrumentationAnalysisTransform
Transforming listenablefuture-9999.0-empty-to-avoid-conflict-with-guava.jar (com.google.guava:listenablefuture:9999.0-empty-to-avoid-conflict-with-guava) with MergeInstrumentationAnalysisTransform
Transforming kotlin-util-io-2.0.21.jar (org.jetbrains.kotlin:kotlin-util-io:2.0.21) with ExternalDependencyInstrumentingArtifactTransform
Transforming kotlin-daemon-client-2.0.21.jar (org.jetbrains.kotlin:kotlin-daemon-client:2.0.21) with ExternalDependencyInstrumentingArtifactTransform
Transforming kotlin-tooling-core-2.0.21.jar (org.jetbrains.kotlin:kotlin-tooling-core:2.0.21) with ExternalDependencyInstrumentingArtifactTransform
Transforming failureaccess-1.0.1.jar (com.google.guava:failureaccess:1.0.1) with ExternalDependencyInstrumentingArtifactTransform
Transforming commons-logging-1.2.jar (commons-logging:commons-logging:1.2) with InstrumentationAnalysisTransform
Transforming commons-logging-1.2.jar (commons-logging:commons-logging:1.2) with MergeInstrumentationAnalysisTransform
Transforming jna-5.6.0.jar (net.java.dev.jna:jna:5.6.0) with InstrumentationAnalysisTransform
Transforming kotlin-daemon-embeddable-2.0.21.jar (org.jetbrains.kotlin:kotlin-daemon-embeddable:2.0.21) with ExternalDependencyInstrumentingArtifactTransform
Transforming jna-5.6.0.jar (net.java.dev.jna:jna:5.6.0) with MergeInstrumentationAnalysisTransform
Transforming commons-logging-1.2.jar (commons-logging:commons-logging:1.2) with ExternalDependencyInstrumentingArtifactTransform
Transforming listenablefuture-9999.0-empty-to-avoid-conflict-with-guava.jar (com.google.guava:listenablefuture:9999.0-empty-to-avoid-conflict-with-guava) with ExternalDependencyInstrumentingArtifactTransform
Transforming jna-5.6.0.jar (net.java.dev.jna:jna:5.6.0) with ExternalDependencyInstrumentingArtifactTransform
Transforming netty-codec-socks-4.1.93.Final.jar (io.netty:netty-codec-socks:4.1.93.Final) with InstrumentationAnalysisTransform
Transforming netty-codec-socks-4.1.93.Final.jar (io.netty:netty-codec-socks:4.1.93.Final) with MergeInstrumentationAnalysisTransform
Transforming netty-codec-4.1.93.Final.jar (io.netty:netty-codec:4.1.93.Final) with InstrumentationAnalysisTransform
Transforming netty-codec-4.1.93.Final.jar (io.netty:netty-codec:4.1.93.Final) with MergeInstrumentationAnalysisTransform
Transforming netty-transport-4.1.93.Final.jar (io.netty:netty-transport:4.1.93.Final) with InstrumentationAnalysisTransform
Transforming netty-codec-socks-4.1.93.Final.jar (io.netty:netty-codec-socks:4.1.93.Final) with ExternalDependencyInstrumentingArtifactTransform
Transforming netty-transport-4.1.93.Final.jar (io.netty:netty-transport:4.1.93.Final) with MergeInstrumentationAnalysisTransform
Transforming netty-buffer-4.1.93.Final.jar (io.netty:netty-buffer:4.1.93.Final) with InstrumentationAnalysisTransform
Transforming netty-buffer-4.1.93.Final.jar (io.netty:netty-buffer:4.1.93.Final) with MergeInstrumentationAnalysisTransform
Transforming netty-transport-4.1.93.Final.jar (io.netty:netty-transport:4.1.93.Final) with ExternalDependencyInstrumentingArtifactTransform
Transforming netty-codec-4.1.93.Final.jar (io.netty:netty-codec:4.1.93.Final) with ExternalDependencyInstrumentingArtifactTransform
Transforming netty-buffer-4.1.93.Final.jar (io.netty:netty-buffer:4.1.93.Final) with ExternalDependencyInstrumentingArtifactTransform
Transforming netty-resolver-4.1.93.Final.jar (io.netty:netty-resolver:4.1.93.Final) with InstrumentationAnalysisTransform
Transforming netty-resolver-4.1.93.Final.jar (io.netty:netty-resolver:4.1.93.Final) with MergeInstrumentationAnalysisTransform
Transforming netty-common-4.1.93.Final.jar (io.netty:netty-common:4.1.93.Final) with InstrumentationAnalysisTransform
Transforming netty-common-4.1.93.Final.jar (io.netty:netty-common:4.1.93.Final) with MergeInstrumentationAnalysisTransform
Transforming netty-resolver-4.1.93.Final.jar (io.netty:netty-resolver:4.1.93.Final) with ExternalDependencyInstrumentingArtifactTransform
Transforming netty-common-4.1.93.Final.jar (io.netty:netty-common:4.1.93.Final) with ExternalDependencyInstrumentingArtifactTransform

> Configure project :app
Evaluating project ':app' using build file '/home/skul9x/Desktop/Test_code/TraCuuTiemChung/app/build.gradle.kts'.
Using default execution profile
Using Kotlin Gradle Plugin gradle85 variant
Detected Android Gradle Plugin compose compiler configuration
Detected Android Gradle Plugin compose compiler configuration
Detected Android Gradle Plugin compose compiler configuration
Detected Android Gradle Plugin compose compiler configuration
Detected Android Gradle Plugin compose compiler configuration
All projects evaluated.
Task path ':app:testDebugUnitTest' matched project ':app'
Task name matched 'testDebugUnitTest'
Selected primary task 'testDebugUnitTest' from project :app
Tasks to be executed: [task ':app:checkKotlinGradlePluginConfigurationErrors', task ':app:preBuild', task ':app:preDebugBuild', task ':app:checkDebugAarMetadata', task ':app:generateDebugResValues', task ':app:mapDebugSourceSetPaths', task ':app:generateDebugResources', task ':app:mergeDebugResources', task ':app:packageDebugResources', task ':app:parseDebugLocalResources', task ':app:createDebugCompatibleScreenManifests', task ':app:extractDeepLinksDebug', task ':app:processDebugMainManifest', task ':app:processDebugManifest', task ':app:processDebugManifestForPackage', task ':app:processDebugResources', task ':app:compileDebugKotlin', task ':app:javaPreCompileDebug', task ':app:compileDebugJavaWithJavac', task ':app:bundleDebugClassesToRuntimeJar', task ':app:bundleDebugClassesToCompileJar', task ':app:compileDebugUnitTestKotlin', task ':app:preDebugUnitTestBuild', task ':app:javaPreCompileDebugUnitTest', task ':app:compileDebugUnitTestJavaWithJavac', task ':app:processDebugJavaRes', task ':app:processDebugUnitTestJavaRes', task ':app:testDebugUnitTest']
Tasks that were excluded: []
Resolve mutations for :app:checkKotlinGradlePluginConfigurationErrors (Thread[Execution worker,5,main]) started.
:app:checkKotlinGradlePluginConfigurationErrors (Thread[Execution worker,5,main]) started.

> Task :app:checkKotlinGradlePluginConfigurationErrors SKIPPED
Skipping task ':app:checkKotlinGradlePluginConfigurationErrors' as task onlyIf 'errorDiagnostics are present' is false.
Resolve mutations for :app:preBuild (Thread[Execution worker,5,main]) started.
:app:preBuild (Thread[Execution worker,5,main]) started.

> Task :app:preBuild UP-TO-DATE
Skipping task ':app:preBuild' as it has no actions.
Resolve mutations for :app:preDebugBuild (Thread[Execution worker,5,main]) started.
:app:preDebugBuild (Thread[Execution worker,5,main]) started.

> Task :app:preDebugBuild UP-TO-DATE
Skipping task ':app:preDebugBuild' as it has no actions.
Resolve mutations for :app:checkDebugAarMetadata (Thread[Execution worker Thread 3,5,main]) started.
:app:checkDebugAarMetadata (Thread[Execution worker Thread 3,5,main]) started.

> Task :app:checkDebugAarMetadata UP-TO-DATE
Transforming navigation-common-2.8.5.aar (androidx.navigation:navigation-common:2.8.5) with ExtractAarTransform
Transforming navigation-common-2.8.5.aar (androidx.navigation:navigation-common:2.8.5) with AarTransform
Transforming navigation-common-ktx-2.8.5.aar (androidx.navigation:navigation-common-ktx:2.8.5) with ExtractAarTransform
Transforming navigation-runtime-ktx-2.8.5.aar (androidx.navigation:navigation-runtime-ktx:2.8.5) with ExtractAarTransform
Transforming navigation-common-ktx-2.8.5.aar (androidx.navigation:navigation-common-ktx:2.8.5) with AarTransform
Transforming navigation-runtime-ktx-2.8.5.aar (androidx.navigation:navigation-runtime-ktx:2.8.5) with AarTransform
Transforming activity-1.9.3.aar (androidx.activity:activity:1.9.3) with ExtractAarTransform
Transforming activity-1.9.3.aar (androidx.activity:activity:1.9.3) with AarTransform
Transforming activity-ktx-1.9.3.aar (androidx.activity:activity-ktx:1.9.3) with ExtractAarTransform
Transforming activity-ktx-1.9.3.aar (androidx.activity:activity-ktx:1.9.3) with AarTransform
Transforming navigation-runtime-2.8.5.aar (androidx.navigation:navigation-runtime:2.8.5) with ExtractAarTransform
Transforming navigation-runtime-2.8.5.aar (androidx.navigation:navigation-runtime:2.8.5) with AarTransform
Transforming navigation-compose-2.8.5.aar (androidx.navigation:navigation-compose:2.8.5) with ExtractAarTransform
Transforming navigation-compose-2.8.5.aar (androidx.navigation:navigation-compose:2.8.5) with AarTransform
Transforming material3-release.aar (androidx.compose.material3:material3-android:1.3.1) with ExtractAarTransform
Transforming material3-release.aar (androidx.compose.material3:material3-android:1.3.1) with AarTransform
Transforming material-ripple-release.aar (androidx.compose.material:material-ripple-android:1.7.6) with ExtractAarTransform
Transforming material-ripple-release.aar (androidx.compose.material:material-ripple-android:1.7.6) with AarTransform
Transforming foundation-release.aar (androidx.compose.foundation:foundation-android:1.7.6) with ExtractAarTransform
Transforming foundation-release.aar (androidx.compose.foundation:foundation-android:1.7.6) with AarTransform
Transforming material-release.aar (androidx.compose.material:material-android:1.7.6) with ExtractAarTransform
Transforming foundation-layout-release.aar (androidx.compose.foundation:foundation-layout-android:1.7.6) with ExtractAarTransform
Transforming material-release.aar (androidx.compose.material:material-android:1.7.6) with AarTransform
Transforming foundation-layout-release.aar (androidx.compose.foundation:foundation-layout-android:1.7.6) with AarTransform
Transforming animation-release.aar (androidx.compose.animation:animation-android:1.7.6) with ExtractAarTransform
Transforming animation-release.aar (androidx.compose.animation:animation-android:1.7.6) with AarTransform
Transforming animation-core-release.aar (androidx.compose.animation:animation-core-android:1.7.6) with ExtractAarTransform
Transforming animation-core-release.aar (androidx.compose.animation:animation-core-android:1.7.6) with AarTransform
Transforming ui-tooling-data-release.aar (androidx.compose.ui:ui-tooling-data-android:1.7.6) with ExtractAarTransform
Transforming ui-unit-release.aar (androidx.compose.ui:ui-unit-android:1.7.6) with ExtractAarTransform
Transforming ui-tooling-data-release.aar (androidx.compose.ui:ui-tooling-data-android:1.7.6) with AarTransform
Transforming ui-unit-release.aar (androidx.compose.ui:ui-unit-android:1.7.6) with AarTransform
Transforming ui-geometry-release.aar (androidx.compose.ui:ui-geometry-android:1.7.6) with ExtractAarTransform
Transforming ui-geometry-release.aar (androidx.compose.ui:ui-geometry-android:1.7.6) with AarTransform
Transforming ui-text-release.aar (androidx.compose.ui:ui-text-android:1.7.6) with ExtractAarTransform
Transforming ui-text-release.aar (androidx.compose.ui:ui-text-android:1.7.6) with AarTransform
Transforming ui-tooling-preview-release.aar (androidx.compose.ui:ui-tooling-preview-android:1.7.6) with ExtractAarTransform
Transforming ui-tooling-preview-release.aar (androidx.compose.ui:ui-tooling-preview-android:1.7.6) with AarTransform
Transforming ui-graphics-release.aar (androidx.compose.ui:ui-graphics-android:1.7.6) with ExtractAarTransform
Transforming ui-graphics-release.aar (androidx.compose.ui:ui-graphics-android:1.7.6) with AarTransform
Transforming ui-tooling-release.aar (androidx.compose.ui:ui-tooling-android:1.7.6) with ExtractAarTransform
Transforming activity-compose-1.9.3.aar (androidx.activity:activity-compose:1.9.3) with ExtractAarTransform
Transforming ui-tooling-release.aar (androidx.compose.ui:ui-tooling-android:1.7.6) with AarTransform
Transforming activity-compose-1.9.3.aar (androidx.activity:activity-compose:1.9.3) with AarTransform
Transforming savedstate-ktx-1.2.1.aar (androidx.savedstate:savedstate-ktx:1.2.1) with ExtractAarTransform
Transforming savedstate-1.2.1.aar (androidx.savedstate:savedstate:1.2.1) with ExtractAarTransform
Transforming emoji2-1.3.0.aar (androidx.emoji2:emoji2:1.3.0) with ExtractAarTransform
Transforming savedstate-ktx-1.2.1.aar (androidx.savedstate:savedstate-ktx:1.2.1) with AarTransform
Transforming emoji2-1.3.0.aar (androidx.emoji2:emoji2:1.3.0) with AarTransform
Transforming savedstate-1.2.1.aar (androidx.savedstate:savedstate:1.2.1) with AarTransform
Transforming ui-test-manifest-1.7.6.aar (androidx.compose.ui:ui-test-manifest:1.7.6) with ExtractAarTransform
Transforming ui-test-manifest-1.7.6.aar (androidx.compose.ui:ui-test-manifest:1.7.6) with AarTransform
Transforming lifecycle-runtime-release.aar (androidx.lifecycle:lifecycle-runtime-android:2.8.7) with ExtractAarTransform
Transforming lifecycle-runtime-release.aar (androidx.lifecycle:lifecycle-runtime-android:2.8.7) with AarTransform
Transforming lifecycle-viewmodel-savedstate-2.8.7.aar (androidx.lifecycle:lifecycle-viewmodel-savedstate:2.8.7) with ExtractAarTransform
Transforming lifecycle-viewmodel-savedstate-2.8.7.aar (androidx.lifecycle:lifecycle-viewmodel-savedstate:2.8.7) with AarTransform
Transforming lifecycle-viewmodel-ktx-2.8.7.aar (androidx.lifecycle:lifecycle-viewmodel-ktx:2.8.7) with ExtractAarTransform
Transforming ui-util-release.aar (androidx.compose.ui:ui-util-android:1.7.6) with ExtractAarTransform
Transforming ui-util-release.aar (androidx.compose.ui:ui-util-android:1.7.6) with AarTransform
Transforming lifecycle-runtime-ktx-release.aar (androidx.lifecycle:lifecycle-runtime-ktx-android:2.8.7) with ExtractAarTransform
Transforming lifecycle-runtime-ktx-release.aar (androidx.lifecycle:lifecycle-runtime-ktx-android:2.8.7) with AarTransform
Transforming lifecycle-viewmodel-compose-release.aar (androidx.lifecycle:lifecycle-viewmodel-compose-android:2.8.7) with ExtractAarTransform
Transforming lifecycle-viewmodel-compose-release.aar (androidx.lifecycle:lifecycle-viewmodel-compose-android:2.8.7) with AarTransform
Transforming material-icons-core-release.aar (androidx.compose.material:material-icons-core-android:1.7.6) with ExtractAarTransform
Transforming material-icons-core-release.aar (androidx.compose.material:material-icons-core-android:1.7.6) with AarTransform
Transforming ui-release.aar (androidx.compose.ui:ui-android:1.7.6) with ExtractAarTransform
Transforming ui-release.aar (androidx.compose.ui:ui-android:1.7.6) with AarTransform
Transforming autofill-1.0.0.aar (androidx.autofill:autofill:1.0.0) with ExtractAarTransform
Transforming autofill-1.0.0.aar (androidx.autofill:autofill:1.0.0) with AarTransform
Transforming graphics-path-1.0.1.aar (androidx.graphics:graphics-path:1.0.1) with ExtractAarTransform
Transforming graphics-path-1.0.1.aar (androidx.graphics:graphics-path:1.0.1) with AarTransform
Transforming core-1.15.0.aar (androidx.core:core:1.15.0) with ExtractAarTransform
Transforming core-1.15.0.aar (androidx.core:core:1.15.0) with AarTransform
Transforming core-1.15.0.aar (androidx.core:core:1.15.0) with ExtractAarTransform
Transforming core-1.15.0.aar (androidx.core:core:1.15.0) with AarTransform
Transforming customview-poolingcontainer-1.0.0.aar (androidx.customview:customview-poolingcontainer:1.0.0) with ExtractAarTransform
Transforming customview-poolingcontainer-1.0.0.aar (androidx.customview:customview-poolingcontainer:1.0.0) with AarTransform
Transforming core-ktx-1.15.0.aar (androidx.core:core-ktx:1.15.0) with ExtractAarTransform
Transforming core-ktx-1.15.0.aar (androidx.core:core-ktx:1.15.0) with AarTransform
Transforming datastore-core-release.aar (androidx.datastore:datastore-core-android:1.1.1) with ExtractAarTransform
Transforming datastore-core-release.aar (androidx.datastore:datastore-core-android:1.1.1) with AarTransform
Transforming datastore-release.aar (androidx.datastore:datastore-android:1.1.1) with ExtractAarTransform
Transforming datastore-release.aar (androidx.datastore:datastore-android:1.1.1) with AarTransform
Transforming datastore-preferences-release.aar (androidx.datastore:datastore-preferences-android:1.1.1) with ExtractAarTransform
Transforming datastore-preferences-release.aar (androidx.datastore:datastore-preferences-android:1.1.1) with AarTransform
Transforming runtime-saveable-release.aar (androidx.compose.runtime:runtime-saveable-android:1.7.6) with ExtractAarTransform
Transforming runtime-saveable-release.aar (androidx.compose.runtime:runtime-saveable-android:1.7.6) with AarTransform
Transforming runtime-release.aar (androidx.compose.runtime:runtime-android:1.7.6) with ExtractAarTransform
Transforming runtime-release.aar (androidx.compose.runtime:runtime-android:1.7.6) with AarTransform
Transforming interpolator-1.0.0.aar (androidx.interpolator:interpolator:1.0.0) with ExtractAarTransform
Transforming interpolator-1.0.0.aar (androidx.interpolator:interpolator:1.0.0) with AarTransform
Transforming profileinstaller-1.3.1.aar (androidx.profileinstaller:profileinstaller:1.3.1) with ExtractAarTransform
Transforming profileinstaller-1.3.1.aar (androidx.profileinstaller:profileinstaller:1.3.1) with AarTransform
Transforming startup-runtime-1.1.1.aar (androidx.startup:startup-runtime:1.1.1) with ExtractAarTransform
Transforming startup-runtime-1.1.1.aar (androidx.startup:startup-runtime:1.1.1) with AarTransform
Transforming tracing-1.2.0.aar (androidx.tracing:tracing:1.2.0) with ExtractAarTransform
Transforming tracing-1.2.0.aar (androidx.tracing:tracing:1.2.0) with AarTransform
Transforming versionedparcelable-1.1.1.aar (androidx.versionedparcelable:versionedparcelable:1.1.1) with ExtractAarTransform
Transforming versionedparcelable-1.1.1.aar (androidx.versionedparcelable:versionedparcelable:1.1.1) with AarTransform
Transforming core-runtime-2.2.0.aar (androidx.arch.core:core-runtime:2.2.0) with ExtractAarTransform
Transforming core-runtime-2.2.0.aar (androidx.arch.core:core-runtime:2.2.0) with AarTransform
Transforming annotation-experimental-1.4.1.aar (androidx.annotation:annotation-experimental:1.4.1) with ExtractAarTransform
Transforming annotation-experimental-1.4.1.aar (androidx.annotation:annotation-experimental:1.4.1) with AarTransform
Transforming lifecycle-viewmodel-ktx-2.8.7.aar (androidx.lifecycle:lifecycle-viewmodel-ktx:2.8.7) with AarTransform
Transforming lifecycle-process-2.8.7.aar (androidx.lifecycle:lifecycle-process:2.8.7) with ExtractAarTransform
Transforming lifecycle-process-2.8.7.aar (androidx.lifecycle:lifecycle-process:2.8.7) with AarTransform
Transforming lifecycle-livedata-core-2.8.7.aar (androidx.lifecycle:lifecycle-livedata-core:2.8.7) with ExtractAarTransform
Transforming lifecycle-livedata-core-2.8.7.aar (androidx.lifecycle:lifecycle-livedata-core:2.8.7) with AarTransform
Transforming lifecycle-runtime-compose-release.aar (androidx.lifecycle:lifecycle-runtime-compose-android:2.8.7) with ExtractAarTransform
Transforming lifecycle-runtime-compose-release.aar (androidx.lifecycle:lifecycle-runtime-compose-android:2.8.7) with AarTransform
Transforming lifecycle-viewmodel-release.aar (androidx.lifecycle:lifecycle-viewmodel-android:2.8.7) with ExtractAarTransform
Transforming lifecycle-viewmodel-release.aar (androidx.lifecycle:lifecycle-viewmodel-android:2.8.7) with AarTransform
Caching disabled for task ':app:checkDebugAarMetadata' because:
  Build cache is disabled
  Caching has been disabled for the task
Skipping task ':app:checkDebugAarMetadata' as it is up-to-date.
Resolve mutations for :app:generateDebugResValues (Thread[Execution worker Thread 3,5,main]) started.
:app:generateDebugResValues (Thread[Execution worker Thread 3,5,main]) started.

> Task :app:generateDebugResValues UP-TO-DATE
Caching disabled for task ':app:generateDebugResValues' because:
  Build cache is disabled
Skipping task ':app:generateDebugResValues' as it is up-to-date.
Resolve mutations for :app:mapDebugSourceSetPaths (Thread[Execution worker Thread 3,5,main]) started.
:app:mapDebugSourceSetPaths (Thread[Execution worker Thread 3,5,main]) started.

> Task :app:mapDebugSourceSetPaths UP-TO-DATE
Transforming navigation-common-2.8.5.aar (androidx.navigation:navigation-common:2.8.5) with ExtractAarTransform
Transforming navigation-common-2.8.5.aar (androidx.navigation:navigation-common:2.8.5) with AarTransform
Transforming navigation-runtime-2.8.5.aar (androidx.navigation:navigation-runtime:2.8.5) with ExtractAarTransform
Transforming navigation-runtime-2.8.5.aar (androidx.navigation:navigation-runtime:2.8.5) with AarTransform
Transforming navigation-common-ktx-2.8.5.aar (androidx.navigation:navigation-common-ktx:2.8.5) with ExtractAarTransform
Transforming navigation-common-ktx-2.8.5.aar (androidx.navigation:navigation-common-ktx:2.8.5) with AarTransform
Transforming navigation-runtime-ktx-2.8.5.aar (androidx.navigation:navigation-runtime-ktx:2.8.5) with ExtractAarTransform
Transforming navigation-runtime-ktx-2.8.5.aar (androidx.navigation:navigation-runtime-ktx:2.8.5) with AarTransform
Transforming navigation-compose-2.8.5.aar (androidx.navigation:navigation-compose:2.8.5) with ExtractAarTransform
Transforming navigation-compose-2.8.5.aar (androidx.navigation:navigation-compose:2.8.5) with AarTransform
Transforming activity-1.9.3.aar (androidx.activity:activity:1.9.3) with ExtractAarTransform
Transforming activity-1.9.3.aar (androidx.activity:activity:1.9.3) with AarTransform
Transforming activity-ktx-1.9.3.aar (androidx.activity:activity-ktx:1.9.3) with ExtractAarTransform
Transforming activity-ktx-1.9.3.aar (androidx.activity:activity-ktx:1.9.3) with AarTransform
Transforming material3-release.aar (androidx.compose.material3:material3-android:1.3.1) with ExtractAarTransform
Transforming material3-release.aar (androidx.compose.material3:material3-android:1.3.1) with AarTransform
Transforming material-release.aar (androidx.compose.material:material-android:1.7.6) with ExtractAarTransform
Transforming material-release.aar (androidx.compose.material:material-android:1.7.6) with AarTransform
Transforming material-ripple-release.aar (androidx.compose.material:material-ripple-android:1.7.6) with ExtractAarTransform
Transforming material-ripple-release.aar (androidx.compose.material:material-ripple-android:1.7.6) with AarTransform
Transforming foundation-release.aar (androidx.compose.foundation:foundation-android:1.7.6) with ExtractAarTransform
Transforming foundation-release.aar (androidx.compose.foundation:foundation-android:1.7.6) with AarTransform
Transforming foundation-layout-release.aar (androidx.compose.foundation:foundation-layout-android:1.7.6) with ExtractAarTransform
Transforming foundation-layout-release.aar (androidx.compose.foundation:foundation-layout-android:1.7.6) with AarTransform
Transforming animation-core-release.aar (androidx.compose.animation:animation-core-android:1.7.6) with ExtractAarTransform
Transforming animation-core-release.aar (androidx.compose.animation:animation-core-android:1.7.6) with AarTransform
Transforming animation-release.aar (androidx.compose.animation:animation-android:1.7.6) with ExtractAarTransform
Transforming animation-release.aar (androidx.compose.animation:animation-android:1.7.6) with AarTransform
Transforming ui-tooling-data-release.aar (androidx.compose.ui:ui-tooling-data-android:1.7.6) with ExtractAarTransform
Transforming ui-tooling-data-release.aar (androidx.compose.ui:ui-tooling-data-android:1.7.6) with AarTransform
Transforming ui-unit-release.aar (androidx.compose.ui:ui-unit-android:1.7.6) with ExtractAarTransform
Transforming ui-unit-release.aar (androidx.compose.ui:ui-unit-android:1.7.6) with AarTransform
Transforming ui-geometry-release.aar (androidx.compose.ui:ui-geometry-android:1.7.6) with ExtractAarTransform
Transforming ui-geometry-release.aar (androidx.compose.ui:ui-geometry-android:1.7.6) with AarTransform
Transforming ui-util-release.aar (androidx.compose.ui:ui-util-android:1.7.6) with ExtractAarTransform
Transforming ui-util-release.aar (androidx.compose.ui:ui-util-android:1.7.6) with AarTransform
Transforming ui-text-release.aar (androidx.compose.ui:ui-text-android:1.7.6) with ExtractAarTransform
Transforming ui-text-release.aar (androidx.compose.ui:ui-text-android:1.7.6) with AarTransform
Transforming ui-tooling-preview-release.aar (androidx.compose.ui:ui-tooling-preview-android:1.7.6) with ExtractAarTransform
Transforming ui-tooling-preview-release.aar (androidx.compose.ui:ui-tooling-preview-android:1.7.6) with AarTransform
Transforming ui-graphics-release.aar (androidx.compose.ui:ui-graphics-android:1.7.6) with ExtractAarTransform
Transforming ui-graphics-release.aar (androidx.compose.ui:ui-graphics-android:1.7.6) with AarTransform
Transforming ui-test-manifest-1.7.6.aar (androidx.compose.ui:ui-test-manifest:1.7.6) with ExtractAarTransform
Transforming ui-test-manifest-1.7.6.aar (androidx.compose.ui:ui-test-manifest:1.7.6) with AarTransform
Transforming ui-tooling-release.aar (androidx.compose.ui:ui-tooling-android:1.7.6) with ExtractAarTransform
Transforming ui-tooling-release.aar (androidx.compose.ui:ui-tooling-android:1.7.6) with AarTransform
Transforming activity-compose-1.9.3.aar (androidx.activity:activity-compose:1.9.3) with ExtractAarTransform
Transforming activity-compose-1.9.3.aar (androidx.activity:activity-compose:1.9.3) with AarTransform
Transforming savedstate-ktx-1.2.1.aar (androidx.savedstate:savedstate-ktx:1.2.1) with ExtractAarTransform
Transforming savedstate-ktx-1.2.1.aar (androidx.savedstate:savedstate-ktx:1.2.1) with AarTransform
Transforming savedstate-1.2.1.aar (androidx.savedstate:savedstate:1.2.1) with ExtractAarTransform
Transforming savedstate-1.2.1.aar (androidx.savedstate:savedstate:1.2.1) with AarTransform
Transforming emoji2-1.3.0.aar (androidx.emoji2:emoji2:1.3.0) with ExtractAarTransform
Transforming emoji2-1.3.0.aar (androidx.emoji2:emoji2:1.3.0) with AarTransform
Transforming lifecycle-process-2.8.7.aar (androidx.lifecycle:lifecycle-process:2.8.7) with ExtractAarTransform
Transforming lifecycle-process-2.8.7.aar (androidx.lifecycle:lifecycle-process:2.8.7) with AarTransform
Transforming lifecycle-livedata-core-2.8.7.aar (androidx.lifecycle:lifecycle-livedata-core:2.8.7) with ExtractAarTransform
Transforming lifecycle-livedata-core-2.8.7.aar (androidx.lifecycle:lifecycle-livedata-core:2.8.7) with AarTransform
Transforming lifecycle-runtime-compose-release.aar (androidx.lifecycle:lifecycle-runtime-compose-android:2.8.7) with ExtractAarTransform
Transforming lifecycle-runtime-compose-release.aar (androidx.lifecycle:lifecycle-runtime-compose-android:2.8.7) with AarTransform
Transforming lifecycle-viewmodel-release.aar (androidx.lifecycle:lifecycle-viewmodel-android:2.8.7) with ExtractAarTransform
Transforming lifecycle-viewmodel-release.aar (androidx.lifecycle:lifecycle-viewmodel-android:2.8.7) with AarTransform
Transforming lifecycle-runtime-release.aar (androidx.lifecycle:lifecycle-runtime-android:2.8.7) with ExtractAarTransform
Transforming lifecycle-runtime-release.aar (androidx.lifecycle:lifecycle-runtime-android:2.8.7) with AarTransform
Transforming lifecycle-viewmodel-savedstate-2.8.7.aar (androidx.lifecycle:lifecycle-viewmodel-savedstate:2.8.7) with ExtractAarTransform
Transforming lifecycle-viewmodel-savedstate-2.8.7.aar (androidx.lifecycle:lifecycle-viewmodel-savedstate:2.8.7) with AarTransform
Transforming lifecycle-viewmodel-ktx-2.8.7.aar (androidx.lifecycle:lifecycle-viewmodel-ktx:2.8.7) with ExtractAarTransform
Transforming lifecycle-viewmodel-ktx-2.8.7.aar (androidx.lifecycle:lifecycle-viewmodel-ktx:2.8.7) with AarTransform
Transforming lifecycle-runtime-ktx-release.aar (androidx.lifecycle:lifecycle-runtime-ktx-android:2.8.7) with ExtractAarTransform
Transforming lifecycle-runtime-ktx-release.aar (androidx.lifecycle:lifecycle-runtime-ktx-android:2.8.7) with AarTransform
Transforming lifecycle-viewmodel-compose-release.aar (androidx.lifecycle:lifecycle-viewmodel-compose-android:2.8.7) with ExtractAarTransform
Transforming lifecycle-viewmodel-compose-release.aar (androidx.lifecycle:lifecycle-viewmodel-compose-android:2.8.7) with AarTransform
Transforming material-icons-core-release.aar (androidx.compose.material:material-icons-core-android:1.7.6) with ExtractAarTransform
Transforming material-icons-core-release.aar (androidx.compose.material:material-icons-core-android:1.7.6) with AarTransform
Transforming ui-release.aar (androidx.compose.ui:ui-android:1.7.6) with ExtractAarTransform
Transforming ui-release.aar (androidx.compose.ui:ui-android:1.7.6) with AarTransform
Transforming autofill-1.0.0.aar (androidx.autofill:autofill:1.0.0) with ExtractAarTransform
Transforming autofill-1.0.0.aar (androidx.autofill:autofill:1.0.0) with AarTransform
Transforming graphics-path-1.0.1.aar (androidx.graphics:graphics-path:1.0.1) with ExtractAarTransform
Transforming graphics-path-1.0.1.aar (androidx.graphics:graphics-path:1.0.1) with AarTransform
Transforming core-1.15.0.aar (androidx.core:core:1.15.0) with ExtractAarTransform
Transforming core-1.15.0.aar (androidx.core:core:1.15.0) with AarTransform
Transforming core-1.15.0.aar (androidx.core:core:1.15.0) with ExtractAarTransform
Transforming core-1.15.0.aar (androidx.core:core:1.15.0) with AarTransform
Transforming customview-poolingcontainer-1.0.0.aar (androidx.customview:customview-poolingcontainer:1.0.0) with ExtractAarTransform
Transforming customview-poolingcontainer-1.0.0.aar (androidx.customview:customview-poolingcontainer:1.0.0) with AarTransform
Transforming core-ktx-1.15.0.aar (androidx.core:core-ktx:1.15.0) with ExtractAarTransform
Transforming core-ktx-1.15.0.aar (androidx.core:core-ktx:1.15.0) with AarTransform
Transforming datastore-core-release.aar (androidx.datastore:datastore-core-android:1.1.1) with ExtractAarTransform
Transforming datastore-core-release.aar (androidx.datastore:datastore-core-android:1.1.1) with AarTransform
Transforming datastore-release.aar (androidx.datastore:datastore-android:1.1.1) with ExtractAarTransform
Transforming datastore-release.aar (androidx.datastore:datastore-android:1.1.1) with AarTransform
Transforming datastore-preferences-release.aar (androidx.datastore:datastore-preferences-android:1.1.1) with ExtractAarTransform
Transforming datastore-preferences-release.aar (androidx.datastore:datastore-preferences-android:1.1.1) with AarTransform
Transforming runtime-saveable-release.aar (androidx.compose.runtime:runtime-saveable-android:1.7.6) with ExtractAarTransform
Transforming runtime-saveable-release.aar (androidx.compose.runtime:runtime-saveable-android:1.7.6) with AarTransform
Transforming runtime-release.aar (androidx.compose.runtime:runtime-android:1.7.6) with ExtractAarTransform
Transforming runtime-release.aar (androidx.compose.runtime:runtime-android:1.7.6) with AarTransform
Transforming interpolator-1.0.0.aar (androidx.interpolator:interpolator:1.0.0) with ExtractAarTransform
Transforming interpolator-1.0.0.aar (androidx.interpolator:interpolator:1.0.0) with AarTransform
Transforming profileinstaller-1.3.1.aar (androidx.profileinstaller:profileinstaller:1.3.1) with ExtractAarTransform
Transforming profileinstaller-1.3.1.aar (androidx.profileinstaller:profileinstaller:1.3.1) with AarTransform
Transforming startup-runtime-1.1.1.aar (androidx.startup:startup-runtime:1.1.1) with ExtractAarTransform
Transforming startup-runtime-1.1.1.aar (androidx.startup:startup-runtime:1.1.1) with AarTransform
Transforming tracing-1.2.0.aar (androidx.tracing:tracing:1.2.0) with ExtractAarTransform
Transforming tracing-1.2.0.aar (androidx.tracing:tracing:1.2.0) with AarTransform
Transforming versionedparcelable-1.1.1.aar (androidx.versionedparcelable:versionedparcelable:1.1.1) with ExtractAarTransform
Transforming versionedparcelable-1.1.1.aar (androidx.versionedparcelable:versionedparcelable:1.1.1) with AarTransform
Transforming core-runtime-2.2.0.aar (androidx.arch.core:core-runtime:2.2.0) with ExtractAarTransform
Transforming core-runtime-2.2.0.aar (androidx.arch.core:core-runtime:2.2.0) with AarTransform
Transforming annotation-experimental-1.4.1.aar (androidx.annotation:annotation-experimental:1.4.1) with ExtractAarTransform
Transforming annotation-experimental-1.4.1.aar (androidx.annotation:annotation-experimental:1.4.1) with AarTransform
Caching disabled for task ':app:mapDebugSourceSetPaths' because:
  Build cache is disabled
  Caching has been disabled for the task
Skipping task ':app:mapDebugSourceSetPaths' as it is up-to-date.
Resolve mutations for :app:generateDebugResources (Thread[Execution worker Thread 3,5,main]) started.
:app:generateDebugResources (Thread[Execution worker Thread 3,5,main]) started.

> Task :app:generateDebugResources UP-TO-DATE
Caching disabled for task ':app:generateDebugResources' because:
  Build cache is disabled
Skipping task ':app:generateDebugResources' as it is up-to-date.
Resolve mutations for :app:mergeDebugResources (Thread[Execution worker Thread 3,5,main]) started.
:app:mergeDebugResources (Thread[Execution worker Thread 3,5,main]) started.

> Task :app:mergeDebugResources UP-TO-DATE
Caching disabled for task ':app:mergeDebugResources' because:
  Build cache is disabled
Skipping task ':app:mergeDebugResources' as it is up-to-date.
Resolve mutations for :app:packageDebugResources (Thread[Execution worker Thread 2,5,main]) started.
:app:packageDebugResources (Thread[Execution worker Thread 2,5,main]) started.

> Task :app:packageDebugResources UP-TO-DATE
Caching disabled for task ':app:packageDebugResources' because:
  Build cache is disabled
Skipping task ':app:packageDebugResources' as it is up-to-date.
Resolve mutations for :app:parseDebugLocalResources (Thread[Execution worker Thread 2,5,main]) started.
:app:parseDebugLocalResources (Thread[Execution worker Thread 2,5,main]) started.

> Task :app:parseDebugLocalResources UP-TO-DATE
Transforming android.jar with PlatformAttrTransform
Transforming android.jar with PlatformAttrTransform
Caching disabled for task ':app:parseDebugLocalResources' because:
  Build cache is disabled
Skipping task ':app:parseDebugLocalResources' as it is up-to-date.
Resolve mutations for :app:createDebugCompatibleScreenManifests (Thread[Execution worker Thread 2,5,main]) started.
:app:createDebugCompatibleScreenManifests (Thread[Execution worker Thread 2,5,main]) started.

> Task :app:createDebugCompatibleScreenManifests UP-TO-DATE
Caching disabled for task ':app:createDebugCompatibleScreenManifests' because:
  Build cache is disabled
  Caching has been disabled for the task
Skipping task ':app:createDebugCompatibleScreenManifests' as it is up-to-date.
Resolve mutations for :app:extractDeepLinksDebug (Thread[Execution worker Thread 3,5,main]) started.
:app:extractDeepLinksDebug (Thread[Execution worker Thread 3,5,main]) started.

> Task :app:extractDeepLinksDebug UP-TO-DATE
Caching disabled for task ':app:extractDeepLinksDebug' because:
  Build cache is disabled
Skipping task ':app:extractDeepLinksDebug' as it is up-to-date.
Resolve mutations for :app:processDebugMainManifest (Thread[Execution worker Thread 2,5,main]) started.
:app:processDebugMainManifest (Thread[Execution worker Thread 2,5,main]) started.

> Task :app:processDebugMainManifest UP-TO-DATE
Transforming navigation-common-2.8.5.aar (androidx.navigation:navigation-common:2.8.5) with ExtractAarTransform
Transforming navigation-common-2.8.5.aar (androidx.navigation:navigation-common:2.8.5) with AarTransform
Transforming navigation-runtime-2.8.5.aar (androidx.navigation:navigation-runtime:2.8.5) with ExtractAarTransform
Transforming navigation-runtime-2.8.5.aar (androidx.navigation:navigation-runtime:2.8.5) with AarTransform
Transforming navigation-common-ktx-2.8.5.aar (androidx.navigation:navigation-common-ktx:2.8.5) with ExtractAarTransform
Transforming navigation-common-ktx-2.8.5.aar (androidx.navigation:navigation-common-ktx:2.8.5) with AarTransform
Transforming navigation-runtime-ktx-2.8.5.aar (androidx.navigation:navigation-runtime-ktx:2.8.5) with ExtractAarTransform
Transforming navigation-runtime-ktx-2.8.5.aar (androidx.navigation:navigation-runtime-ktx:2.8.5) with AarTransform
Transforming navigation-compose-2.8.5.aar (androidx.navigation:navigation-compose:2.8.5) with ExtractAarTransform
Transforming navigation-compose-2.8.5.aar (androidx.navigation:navigation-compose:2.8.5) with AarTransform
Transforming activity-1.9.3.aar (androidx.activity:activity:1.9.3) with ExtractAarTransform
Transforming activity-1.9.3.aar (androidx.activity:activity:1.9.3) with AarTransform
Transforming activity-ktx-1.9.3.aar (androidx.activity:activity-ktx:1.9.3) with ExtractAarTransform
Transforming activity-ktx-1.9.3.aar (androidx.activity:activity-ktx:1.9.3) with AarTransform
Transforming material3-release.aar (androidx.compose.material3:material3-android:1.3.1) with ExtractAarTransform
Transforming material3-release.aar (androidx.compose.material3:material3-android:1.3.1) with AarTransform
Transforming material-release.aar (androidx.compose.material:material-android:1.7.6) with ExtractAarTransform
Transforming material-release.aar (androidx.compose.material:material-android:1.7.6) with AarTransform
Transforming material-ripple-release.aar (androidx.compose.material:material-ripple-android:1.7.6) with ExtractAarTransform
Transforming material-ripple-release.aar (androidx.compose.material:material-ripple-android:1.7.6) with AarTransform
Transforming foundation-release.aar (androidx.compose.foundation:foundation-android:1.7.6) with ExtractAarTransform
Transforming foundation-release.aar (androidx.compose.foundation:foundation-android:1.7.6) with AarTransform
Transforming foundation-layout-release.aar (androidx.compose.foundation:foundation-layout-android:1.7.6) with ExtractAarTransform
Transforming foundation-layout-release.aar (androidx.compose.foundation:foundation-layout-android:1.7.6) with AarTransform
Transforming animation-core-release.aar (androidx.compose.animation:animation-core-android:1.7.6) with ExtractAarTransform
Transforming animation-core-release.aar (androidx.compose.animation:animation-core-android:1.7.6) with AarTransform
Transforming animation-release.aar (androidx.compose.animation:animation-android:1.7.6) with ExtractAarTransform
Transforming animation-release.aar (androidx.compose.animation:animation-android:1.7.6) with AarTransform
Transforming ui-tooling-data-release.aar (androidx.compose.ui:ui-tooling-data-android:1.7.6) with ExtractAarTransform
Transforming ui-tooling-data-release.aar (androidx.compose.ui:ui-tooling-data-android:1.7.6) with AarTransform
Transforming ui-unit-release.aar (androidx.compose.ui:ui-unit-android:1.7.6) with ExtractAarTransform
Transforming ui-unit-release.aar (androidx.compose.ui:ui-unit-android:1.7.6) with AarTransform
Transforming ui-geometry-release.aar (androidx.compose.ui:ui-geometry-android:1.7.6) with ExtractAarTransform
Transforming ui-geometry-release.aar (androidx.compose.ui:ui-geometry-android:1.7.6) with AarTransform
Transforming ui-util-release.aar (androidx.compose.ui:ui-util-android:1.7.6) with ExtractAarTransform
Transforming ui-util-release.aar (androidx.compose.ui:ui-util-android:1.7.6) with AarTransform
Transforming ui-text-release.aar (androidx.compose.ui:ui-text-android:1.7.6) with ExtractAarTransform
Transforming ui-text-release.aar (androidx.compose.ui:ui-text-android:1.7.6) with AarTransform
Transforming ui-tooling-preview-release.aar (androidx.compose.ui:ui-tooling-preview-android:1.7.6) with ExtractAarTransform
Transforming ui-tooling-preview-release.aar (androidx.compose.ui:ui-tooling-preview-android:1.7.6) with AarTransform
Transforming ui-graphics-release.aar (androidx.compose.ui:ui-graphics-android:1.7.6) with ExtractAarTransform
Transforming ui-graphics-release.aar (androidx.compose.ui:ui-graphics-android:1.7.6) with AarTransform
Transforming ui-test-manifest-1.7.6.aar (androidx.compose.ui:ui-test-manifest:1.7.6) with ExtractAarTransform
Transforming ui-test-manifest-1.7.6.aar (androidx.compose.ui:ui-test-manifest:1.7.6) with AarTransform
Transforming ui-tooling-release.aar (androidx.compose.ui:ui-tooling-android:1.7.6) with ExtractAarTransform
Transforming ui-tooling-release.aar (androidx.compose.ui:ui-tooling-android:1.7.6) with AarTransform
Transforming activity-compose-1.9.3.aar (androidx.activity:activity-compose:1.9.3) with ExtractAarTransform
Transforming activity-compose-1.9.3.aar (androidx.activity:activity-compose:1.9.3) with AarTransform
Transforming savedstate-ktx-1.2.1.aar (androidx.savedstate:savedstate-ktx:1.2.1) with ExtractAarTransform
Transforming savedstate-ktx-1.2.1.aar (androidx.savedstate:savedstate-ktx:1.2.1) with AarTransform
Transforming savedstate-1.2.1.aar (androidx.savedstate:savedstate:1.2.1) with ExtractAarTransform
Transforming savedstate-1.2.1.aar (androidx.savedstate:savedstate:1.2.1) with AarTransform
Transforming emoji2-1.3.0.aar (androidx.emoji2:emoji2:1.3.0) with ExtractAarTransform
Transforming emoji2-1.3.0.aar (androidx.emoji2:emoji2:1.3.0) with AarTransform
Transforming lifecycle-process-2.8.7.aar (androidx.lifecycle:lifecycle-process:2.8.7) with ExtractAarTransform
Transforming lifecycle-process-2.8.7.aar (androidx.lifecycle:lifecycle-process:2.8.7) with AarTransform
Transforming lifecycle-livedata-core-2.8.7.aar (androidx.lifecycle:lifecycle-livedata-core:2.8.7) with ExtractAarTransform
Transforming lifecycle-livedata-core-2.8.7.aar (androidx.lifecycle:lifecycle-livedata-core:2.8.7) with AarTransform
Transforming lifecycle-runtime-compose-release.aar (androidx.lifecycle:lifecycle-runtime-compose-android:2.8.7) with ExtractAarTransform
Transforming lifecycle-runtime-compose-release.aar (androidx.lifecycle:lifecycle-runtime-compose-android:2.8.7) with AarTransform
Transforming lifecycle-viewmodel-release.aar (androidx.lifecycle:lifecycle-viewmodel-android:2.8.7) with ExtractAarTransform
Transforming lifecycle-viewmodel-release.aar (androidx.lifecycle:lifecycle-viewmodel-android:2.8.7) with AarTransform
Transforming lifecycle-runtime-release.aar (androidx.lifecycle:lifecycle-runtime-android:2.8.7) with ExtractAarTransform
Transforming lifecycle-runtime-release.aar (androidx.lifecycle:lifecycle-runtime-android:2.8.7) with AarTransform
Transforming lifecycle-viewmodel-savedstate-2.8.7.aar (androidx.lifecycle:lifecycle-viewmodel-savedstate:2.8.7) with ExtractAarTransform
Transforming lifecycle-viewmodel-savedstate-2.8.7.aar (androidx.lifecycle:lifecycle-viewmodel-savedstate:2.8.7) with AarTransform
Transforming lifecycle-viewmodel-ktx-2.8.7.aar (androidx.lifecycle:lifecycle-viewmodel-ktx:2.8.7) with ExtractAarTransform
Transforming lifecycle-viewmodel-ktx-2.8.7.aar (androidx.lifecycle:lifecycle-viewmodel-ktx:2.8.7) with AarTransform
Transforming lifecycle-runtime-ktx-release.aar (androidx.lifecycle:lifecycle-runtime-ktx-android:2.8.7) with ExtractAarTransform
Transforming lifecycle-runtime-ktx-release.aar (androidx.lifecycle:lifecycle-runtime-ktx-android:2.8.7) with AarTransform
Transforming lifecycle-viewmodel-compose-release.aar (androidx.lifecycle:lifecycle-viewmodel-compose-android:2.8.7) with ExtractAarTransform
Transforming lifecycle-viewmodel-compose-release.aar (androidx.lifecycle:lifecycle-viewmodel-compose-android:2.8.7) with AarTransform
Transforming material-icons-core-release.aar (androidx.compose.material:material-icons-core-android:1.7.6) with ExtractAarTransform
Transforming material-icons-core-release.aar (androidx.compose.material:material-icons-core-android:1.7.6) with AarTransform
Transforming ui-release.aar (androidx.compose.ui:ui-android:1.7.6) with ExtractAarTransform
Transforming ui-release.aar (androidx.compose.ui:ui-android:1.7.6) with AarTransform
Transforming autofill-1.0.0.aar (androidx.autofill:autofill:1.0.0) with ExtractAarTransform
Transforming autofill-1.0.0.aar (androidx.autofill:autofill:1.0.0) with AarTransform
Transforming graphics-path-1.0.1.aar (androidx.graphics:graphics-path:1.0.1) with ExtractAarTransform
Transforming graphics-path-1.0.1.aar (androidx.graphics:graphics-path:1.0.1) with AarTransform
Transforming core-1.15.0.aar (androidx.core:core:1.15.0) with ExtractAarTransform
Transforming core-1.15.0.aar (androidx.core:core:1.15.0) with AarTransform
Transforming core-1.15.0.aar (androidx.core:core:1.15.0) with ExtractAarTransform
Transforming core-1.15.0.aar (androidx.core:core:1.15.0) with AarTransform
Transforming customview-poolingcontainer-1.0.0.aar (androidx.customview:customview-poolingcontainer:1.0.0) with ExtractAarTransform
Transforming customview-poolingcontainer-1.0.0.aar (androidx.customview:customview-poolingcontainer:1.0.0) with AarTransform
Transforming core-ktx-1.15.0.aar (androidx.core:core-ktx:1.15.0) with ExtractAarTransform
Transforming core-ktx-1.15.0.aar (androidx.core:core-ktx:1.15.0) with AarTransform
Transforming datastore-core-release.aar (androidx.datastore:datastore-core-android:1.1.1) with ExtractAarTransform
Transforming datastore-core-release.aar (androidx.datastore:datastore-core-android:1.1.1) with AarTransform
Transforming datastore-release.aar (androidx.datastore:datastore-android:1.1.1) with ExtractAarTransform
Transforming datastore-release.aar (androidx.datastore:datastore-android:1.1.1) with AarTransform
Transforming datastore-preferences-release.aar (androidx.datastore:datastore-preferences-android:1.1.1) with ExtractAarTransform
Transforming datastore-preferences-release.aar (androidx.datastore:datastore-preferences-android:1.1.1) with AarTransform
Transforming runtime-saveable-release.aar (androidx.compose.runtime:runtime-saveable-android:1.7.6) with ExtractAarTransform
Transforming runtime-saveable-release.aar (androidx.compose.runtime:runtime-saveable-android:1.7.6) with AarTransform
Transforming runtime-release.aar (androidx.compose.runtime:runtime-android:1.7.6) with ExtractAarTransform
Transforming runtime-release.aar (androidx.compose.runtime:runtime-android:1.7.6) with AarTransform
Transforming interpolator-1.0.0.aar (androidx.interpolator:interpolator:1.0.0) with ExtractAarTransform
Transforming interpolator-1.0.0.aar (androidx.interpolator:interpolator:1.0.0) with AarTransform
Transforming profileinstaller-1.3.1.aar (androidx.profileinstaller:profileinstaller:1.3.1) with ExtractAarTransform
Transforming profileinstaller-1.3.1.aar (androidx.profileinstaller:profileinstaller:1.3.1) with AarTransform
Transforming startup-runtime-1.1.1.aar (androidx.startup:startup-runtime:1.1.1) with ExtractAarTransform
Transforming startup-runtime-1.1.1.aar (androidx.startup:startup-runtime:1.1.1) with AarTransform
Transforming tracing-1.2.0.aar (androidx.tracing:tracing:1.2.0) with ExtractAarTransform
Transforming tracing-1.2.0.aar (androidx.tracing:tracing:1.2.0) with AarTransform
Transforming versionedparcelable-1.1.1.aar (androidx.versionedparcelable:versionedparcelable:1.1.1) with ExtractAarTransform
Transforming versionedparcelable-1.1.1.aar (androidx.versionedparcelable:versionedparcelable:1.1.1) with AarTransform
Transforming core-runtime-2.2.0.aar (androidx.arch.core:core-runtime:2.2.0) with ExtractAarTransform
Transforming core-runtime-2.2.0.aar (androidx.arch.core:core-runtime:2.2.0) with AarTransform
Transforming annotation-experimental-1.4.1.aar (androidx.annotation:annotation-experimental:1.4.1) with ExtractAarTransform
Transforming annotation-experimental-1.4.1.aar (androidx.annotation:annotation-experimental:1.4.1) with AarTransform
Transforming navigation-common-2.8.5.aar (androidx.navigation:navigation-common:2.8.5) with ExtractAarTransform
Transforming navigation-common-2.8.5.aar (androidx.navigation:navigation-common:2.8.5) with AarTransform
Transforming navigation-runtime-2.8.5.aar (androidx.navigation:navigation-runtime:2.8.5) with ExtractAarTransform
Transforming navigation-runtime-2.8.5.aar (androidx.navigation:navigation-runtime:2.8.5) with AarTransform
Transforming navigation-common-ktx-2.8.5.aar (androidx.navigation:navigation-common-ktx:2.8.5) with ExtractAarTransform
Transforming navigation-common-ktx-2.8.5.aar (androidx.navigation:navigation-common-ktx:2.8.5) with AarTransform
Transforming navigation-runtime-ktx-2.8.5.aar (androidx.navigation:navigation-runtime-ktx:2.8.5) with ExtractAarTransform
Transforming navigation-runtime-ktx-2.8.5.aar (androidx.navigation:navigation-runtime-ktx:2.8.5) with AarTransform
Transforming navigation-compose-2.8.5.aar (androidx.navigation:navigation-compose:2.8.5) with ExtractAarTransform
Transforming navigation-compose-2.8.5.aar (androidx.navigation:navigation-compose:2.8.5) with AarTransform
Transforming activity-1.9.3.aar (androidx.activity:activity:1.9.3) with ExtractAarTransform
Transforming activity-1.9.3.aar (androidx.activity:activity:1.9.3) with AarTransform
Transforming activity-ktx-1.9.3.aar (androidx.activity:activity-ktx:1.9.3) with ExtractAarTransform
Transforming activity-ktx-1.9.3.aar (androidx.activity:activity-ktx:1.9.3) with AarTransform
Transforming material3-release.aar (androidx.compose.material3:material3-android:1.3.1) with ExtractAarTransform
Transforming material3-release.aar (androidx.compose.material3:material3-android:1.3.1) with AarTransform
Transforming material-release.aar (androidx.compose.material:material-android:1.7.6) with ExtractAarTransform
Transforming material-release.aar (androidx.compose.material:material-android:1.7.6) with AarTransform
Transforming material-ripple-release.aar (androidx.compose.material:material-ripple-android:1.7.6) with ExtractAarTransform
Transforming material-ripple-release.aar (androidx.compose.material:material-ripple-android:1.7.6) with AarTransform
Transforming foundation-release.aar (androidx.compose.foundation:foundation-android:1.7.6) with ExtractAarTransform
Transforming foundation-release.aar (androidx.compose.foundation:foundation-android:1.7.6) with AarTransform
Transforming foundation-layout-release.aar (androidx.compose.foundation:foundation-layout-android:1.7.6) with ExtractAarTransform
Transforming foundation-layout-release.aar (androidx.compose.foundation:foundation-layout-android:1.7.6) with AarTransform
Transforming animation-core-release.aar (androidx.compose.animation:animation-core-android:1.7.6) with ExtractAarTransform
Transforming animation-core-release.aar (androidx.compose.animation:animation-core-android:1.7.6) with AarTransform
Transforming animation-release.aar (androidx.compose.animation:animation-android:1.7.6) with ExtractAarTransform
Transforming animation-release.aar (androidx.compose.animation:animation-android:1.7.6) with AarTransform
Transforming ui-tooling-data-release.aar (androidx.compose.ui:ui-tooling-data-android:1.7.6) with ExtractAarTransform
Transforming ui-tooling-data-release.aar (androidx.compose.ui:ui-tooling-data-android:1.7.6) with AarTransform
Transforming ui-unit-release.aar (androidx.compose.ui:ui-unit-android:1.7.6) with ExtractAarTransform
Transforming ui-unit-release.aar (androidx.compose.ui:ui-unit-android:1.7.6) with AarTransform
Transforming ui-geometry-release.aar (androidx.compose.ui:ui-geometry-android:1.7.6) with ExtractAarTransform
Transforming ui-geometry-release.aar (androidx.compose.ui:ui-geometry-android:1.7.6) with AarTransform
Transforming ui-util-release.aar (androidx.compose.ui:ui-util-android:1.7.6) with ExtractAarTransform
Transforming ui-util-release.aar (androidx.compose.ui:ui-util-android:1.7.6) with AarTransform
Transforming ui-text-release.aar (androidx.compose.ui:ui-text-android:1.7.6) with ExtractAarTransform
Transforming ui-text-release.aar (androidx.compose.ui:ui-text-android:1.7.6) with AarTransform
Transforming ui-tooling-preview-release.aar (androidx.compose.ui:ui-tooling-preview-android:1.7.6) with ExtractAarTransform
Transforming ui-tooling-preview-release.aar (androidx.compose.ui:ui-tooling-preview-android:1.7.6) with AarTransform
Transforming ui-graphics-release.aar (androidx.compose.ui:ui-graphics-android:1.7.6) with ExtractAarTransform
Transforming ui-graphics-release.aar (androidx.compose.ui:ui-graphics-android:1.7.6) with AarTransform
Transforming ui-test-manifest-1.7.6.aar (androidx.compose.ui:ui-test-manifest:1.7.6) with ExtractAarTransform
Transforming ui-test-manifest-1.7.6.aar (androidx.compose.ui:ui-test-manifest:1.7.6) with AarTransform
Transforming ui-tooling-release.aar (androidx.compose.ui:ui-tooling-android:1.7.6) with ExtractAarTransform
Transforming ui-tooling-release.aar (androidx.compose.ui:ui-tooling-android:1.7.6) with AarTransform
Transforming activity-compose-1.9.3.aar (androidx.activity:activity-compose:1.9.3) with ExtractAarTransform
Transforming activity-compose-1.9.3.aar (androidx.activity:activity-compose:1.9.3) with AarTransform
Transforming savedstate-ktx-1.2.1.aar (androidx.savedstate:savedstate-ktx:1.2.1) with ExtractAarTransform
Transforming savedstate-ktx-1.2.1.aar (androidx.savedstate:savedstate-ktx:1.2.1) with AarTransform
Transforming savedstate-1.2.1.aar (androidx.savedstate:savedstate:1.2.1) with ExtractAarTransform
Transforming savedstate-1.2.1.aar (androidx.savedstate:savedstate:1.2.1) with AarTransform
Transforming emoji2-1.3.0.aar (androidx.emoji2:emoji2:1.3.0) with ExtractAarTransform
Transforming emoji2-1.3.0.aar (androidx.emoji2:emoji2:1.3.0) with AarTransform
Transforming lifecycle-process-2.8.7.aar (androidx.lifecycle:lifecycle-process:2.8.7) with ExtractAarTransform
Transforming lifecycle-process-2.8.7.aar (androidx.lifecycle:lifecycle-process:2.8.7) with AarTransform
Transforming lifecycle-livedata-core-2.8.7.aar (androidx.lifecycle:lifecycle-livedata-core:2.8.7) with ExtractAarTransform
Transforming lifecycle-livedata-core-2.8.7.aar (androidx.lifecycle:lifecycle-livedata-core:2.8.7) with AarTransform
Transforming lifecycle-runtime-compose-release.aar (androidx.lifecycle:lifecycle-runtime-compose-android:2.8.7) with ExtractAarTransform
Transforming lifecycle-runtime-compose-release.aar (androidx.lifecycle:lifecycle-runtime-compose-android:2.8.7) with AarTransform
Transforming lifecycle-viewmodel-release.aar (androidx.lifecycle:lifecycle-viewmodel-android:2.8.7) with ExtractAarTransform
Transforming lifecycle-viewmodel-release.aar (androidx.lifecycle:lifecycle-viewmodel-android:2.8.7) with AarTransform
Transforming lifecycle-runtime-release.aar (androidx.lifecycle:lifecycle-runtime-android:2.8.7) with ExtractAarTransform
Transforming lifecycle-runtime-release.aar (androidx.lifecycle:lifecycle-runtime-android:2.8.7) with AarTransform
Transforming lifecycle-viewmodel-savedstate-2.8.7.aar (androidx.lifecycle:lifecycle-viewmodel-savedstate:2.8.7) with ExtractAarTransform
Transforming lifecycle-viewmodel-savedstate-2.8.7.aar (androidx.lifecycle:lifecycle-viewmodel-savedstate:2.8.7) with AarTransform
Transforming lifecycle-viewmodel-ktx-2.8.7.aar (androidx.lifecycle:lifecycle-viewmodel-ktx:2.8.7) with ExtractAarTransform
Transforming lifecycle-viewmodel-ktx-2.8.7.aar (androidx.lifecycle:lifecycle-viewmodel-ktx:2.8.7) with AarTransform
Transforming lifecycle-runtime-ktx-release.aar (androidx.lifecycle:lifecycle-runtime-ktx-android:2.8.7) with ExtractAarTransform
Transforming lifecycle-runtime-ktx-release.aar (androidx.lifecycle:lifecycle-runtime-ktx-android:2.8.7) with AarTransform
Transforming lifecycle-viewmodel-compose-release.aar (androidx.lifecycle:lifecycle-viewmodel-compose-android:2.8.7) with ExtractAarTransform
Transforming lifecycle-viewmodel-compose-release.aar (androidx.lifecycle:lifecycle-viewmodel-compose-android:2.8.7) with AarTransform
Transforming material-icons-core-release.aar (androidx.compose.material:material-icons-core-android:1.7.6) with ExtractAarTransform
Transforming material-icons-core-release.aar (androidx.compose.material:material-icons-core-android:1.7.6) with AarTransform
Transforming ui-release.aar (androidx.compose.ui:ui-android:1.7.6) with ExtractAarTransform
Transforming ui-release.aar (androidx.compose.ui:ui-android:1.7.6) with AarTransform
Transforming autofill-1.0.0.aar (androidx.autofill:autofill:1.0.0) with ExtractAarTransform
Transforming autofill-1.0.0.aar (androidx.autofill:autofill:1.0.0) with AarTransform
Transforming graphics-path-1.0.1.aar (androidx.graphics:graphics-path:1.0.1) with ExtractAarTransform
Transforming graphics-path-1.0.1.aar (androidx.graphics:graphics-path:1.0.1) with AarTransform
Transforming core-1.15.0.aar (androidx.core:core:1.15.0) with ExtractAarTransform
Transforming core-1.15.0.aar (androidx.core:core:1.15.0) with AarTransform
Transforming core-1.15.0.aar (androidx.core:core:1.15.0) with ExtractAarTransform
Transforming core-1.15.0.aar (androidx.core:core:1.15.0) with AarTransform
Transforming customview-poolingcontainer-1.0.0.aar (androidx.customview:customview-poolingcontainer:1.0.0) with ExtractAarTransform
Transforming customview-poolingcontainer-1.0.0.aar (androidx.customview:customview-poolingcontainer:1.0.0) with AarTransform
Transforming core-ktx-1.15.0.aar (androidx.core:core-ktx:1.15.0) with ExtractAarTransform
Transforming core-ktx-1.15.0.aar (androidx.core:core-ktx:1.15.0) with AarTransform
Transforming datastore-core-release.aar (androidx.datastore:datastore-core-android:1.1.1) with ExtractAarTransform
Transforming datastore-core-release.aar (androidx.datastore:datastore-core-android:1.1.1) with AarTransform
Transforming datastore-release.aar (androidx.datastore:datastore-android:1.1.1) with ExtractAarTransform
Transforming datastore-release.aar (androidx.datastore:datastore-android:1.1.1) with AarTransform
Transforming datastore-preferences-release.aar (androidx.datastore:datastore-preferences-android:1.1.1) with ExtractAarTransform
Transforming datastore-preferences-release.aar (androidx.datastore:datastore-preferences-android:1.1.1) with AarTransform
Transforming runtime-saveable-release.aar (androidx.compose.runtime:runtime-saveable-android:1.7.6) with ExtractAarTransform
Transforming runtime-saveable-release.aar (androidx.compose.runtime:runtime-saveable-android:1.7.6) with AarTransform
Transforming runtime-release.aar (androidx.compose.runtime:runtime-android:1.7.6) with ExtractAarTransform
Transforming runtime-release.aar (androidx.compose.runtime:runtime-android:1.7.6) with AarTransform
Transforming interpolator-1.0.0.aar (androidx.interpolator:interpolator:1.0.0) with ExtractAarTransform
Transforming interpolator-1.0.0.aar (androidx.interpolator:interpolator:1.0.0) with AarTransform
Transforming profileinstaller-1.3.1.aar (androidx.profileinstaller:profileinstaller:1.3.1) with ExtractAarTransform
Transforming profileinstaller-1.3.1.aar (androidx.profileinstaller:profileinstaller:1.3.1) with AarTransform
Transforming startup-runtime-1.1.1.aar (androidx.startup:startup-runtime:1.1.1) with ExtractAarTransform
Transforming startup-runtime-1.1.1.aar (androidx.startup:startup-runtime:1.1.1) with AarTransform
Transforming tracing-1.2.0.aar (androidx.tracing:tracing:1.2.0) with ExtractAarTransform
Transforming tracing-1.2.0.aar (androidx.tracing:tracing:1.2.0) with AarTransform
Transforming versionedparcelable-1.1.1.aar (androidx.versionedparcelable:versionedparcelable:1.1.1) with ExtractAarTransform
Transforming versionedparcelable-1.1.1.aar (androidx.versionedparcelable:versionedparcelable:1.1.1) with AarTransform
Transforming core-runtime-2.2.0.aar (androidx.arch.core:core-runtime:2.2.0) with ExtractAarTransform
Transforming core-runtime-2.2.0.aar (androidx.arch.core:core-runtime:2.2.0) with AarTransform
Transforming annotation-experimental-1.4.1.aar (androidx.annotation:annotation-experimental:1.4.1) with ExtractAarTransform
Transforming annotation-experimental-1.4.1.aar (androidx.annotation:annotation-experimental:1.4.1) with AarTransform
Caching disabled for task ':app:processDebugMainManifest' because:
  Build cache is disabled
Skipping task ':app:processDebugMainManifest' as it is up-to-date.
Resolve mutations for :app:processDebugManifest (Thread[Execution worker Thread 2,5,main]) started.
:app:processDebugManifest (Thread[Execution worker Thread 2,5,main]) started.

> Task :app:processDebugManifest UP-TO-DATE
Caching disabled for task ':app:processDebugManifest' because:
  Build cache is disabled
Skipping task ':app:processDebugManifest' as it is up-to-date.
Resolve mutations for :app:processDebugManifestForPackage (Thread[Execution worker Thread 2,5,main]) started.
:app:processDebugManifestForPackage (Thread[Execution worker Thread 2,5,main]) started.

> Task :app:processDebugManifestForPackage UP-TO-DATE
Custom actions are attached to task ':app:processDebugManifestForPackage'.
Caching disabled for task ':app:processDebugManifestForPackage' because:
  Build cache is disabled
Skipping task ':app:processDebugManifestForPackage' as it is up-to-date.
Resolve mutations for :app:processDebugResources (Thread[Execution worker Thread 2,5,main]) started.
:app:processDebugResources (Thread[Execution worker Thread 2,5,main]) started.

> Task :app:processDebugResources UP-TO-DATE
Transforming aapt2-8.7.0-12006047-linux.jar (com.android.tools.build:aapt2:8.7.0-12006047) with Aapt2Extractor
Transforming navigation-common-2.8.5.aar (androidx.navigation:navigation-common:2.8.5) with ExtractAarTransform
Transforming navigation-common-2.8.5.aar (androidx.navigation:navigation-common:2.8.5) with AarResourcesCompilerTransform
Transforming navigation-runtime-2.8.5.aar (androidx.navigation:navigation-runtime:2.8.5) with ExtractAarTransform
Transforming navigation-runtime-2.8.5.aar (androidx.navigation:navigation-runtime:2.8.5) with AarResourcesCompilerTransform
Transforming navigation-common-ktx-2.8.5.aar (androidx.navigation:navigation-common-ktx:2.8.5) with ExtractAarTransform
Transforming navigation-common-ktx-2.8.5.aar (androidx.navigation:navigation-common-ktx:2.8.5) with AarResourcesCompilerTransform
Transforming navigation-runtime-ktx-2.8.5.aar (androidx.navigation:navigation-runtime-ktx:2.8.5) with ExtractAarTransform
Transforming navigation-runtime-ktx-2.8.5.aar (androidx.navigation:navigation-runtime-ktx:2.8.5) with AarResourcesCompilerTransform
Transforming navigation-compose-2.8.5.aar (androidx.navigation:navigation-compose:2.8.5) with ExtractAarTransform
Transforming navigation-compose-2.8.5.aar (androidx.navigation:navigation-compose:2.8.5) with AarResourcesCompilerTransform
Transforming activity-1.9.3.aar (androidx.activity:activity:1.9.3) with ExtractAarTransform
Transforming activity-1.9.3.aar (androidx.activity:activity:1.9.3) with AarResourcesCompilerTransform
Transforming activity-ktx-1.9.3.aar (androidx.activity:activity-ktx:1.9.3) with ExtractAarTransform
Transforming activity-ktx-1.9.3.aar (androidx.activity:activity-ktx:1.9.3) with AarResourcesCompilerTransform
Transforming material3-release.aar (androidx.compose.material3:material3-android:1.3.1) with ExtractAarTransform
Transforming material3-release.aar (androidx.compose.material3:material3-android:1.3.1) with AarResourcesCompilerTransform
Transforming material-release.aar (androidx.compose.material:material-android:1.7.6) with ExtractAarTransform
Transforming material-release.aar (androidx.compose.material:material-android:1.7.6) with AarResourcesCompilerTransform
Transforming material-ripple-release.aar (androidx.compose.material:material-ripple-android:1.7.6) with ExtractAarTransform
Transforming material-ripple-release.aar (androidx.compose.material:material-ripple-android:1.7.6) with AarResourcesCompilerTransform
Transforming foundation-release.aar (androidx.compose.foundation:foundation-android:1.7.6) with ExtractAarTransform
Transforming foundation-release.aar (androidx.compose.foundation:foundation-android:1.7.6) with AarResourcesCompilerTransform
Transforming foundation-layout-release.aar (androidx.compose.foundation:foundation-layout-android:1.7.6) with ExtractAarTransform
Transforming foundation-layout-release.aar (androidx.compose.foundation:foundation-layout-android:1.7.6) with AarResourcesCompilerTransform
Transforming animation-core-release.aar (androidx.compose.animation:animation-core-android:1.7.6) with ExtractAarTransform
Transforming animation-core-release.aar (androidx.compose.animation:animation-core-android:1.7.6) with AarResourcesCompilerTransform
Transforming animation-release.aar (androidx.compose.animation:animation-android:1.7.6) with ExtractAarTransform
Transforming animation-release.aar (androidx.compose.animation:animation-android:1.7.6) with AarResourcesCompilerTransform
Transforming ui-tooling-data-release.aar (androidx.compose.ui:ui-tooling-data-android:1.7.6) with ExtractAarTransform
Transforming ui-tooling-data-release.aar (androidx.compose.ui:ui-tooling-data-android:1.7.6) with AarResourcesCompilerTransform
Transforming ui-unit-release.aar (androidx.compose.ui:ui-unit-android:1.7.6) with ExtractAarTransform
Transforming ui-unit-release.aar (androidx.compose.ui:ui-unit-android:1.7.6) with AarResourcesCompilerTransform
Transforming ui-geometry-release.aar (androidx.compose.ui:ui-geometry-android:1.7.6) with ExtractAarTransform
Transforming ui-geometry-release.aar (androidx.compose.ui:ui-geometry-android:1.7.6) with AarResourcesCompilerTransform
Transforming ui-util-release.aar (androidx.compose.ui:ui-util-android:1.7.6) with ExtractAarTransform
Transforming ui-util-release.aar (androidx.compose.ui:ui-util-android:1.7.6) with AarResourcesCompilerTransform
Transforming ui-text-release.aar (androidx.compose.ui:ui-text-android:1.7.6) with ExtractAarTransform
Transforming ui-text-release.aar (androidx.compose.ui:ui-text-android:1.7.6) with AarResourcesCompilerTransform
Transforming ui-tooling-preview-release.aar (androidx.compose.ui:ui-tooling-preview-android:1.7.6) with ExtractAarTransform
Transforming ui-tooling-preview-release.aar (androidx.compose.ui:ui-tooling-preview-android:1.7.6) with AarResourcesCompilerTransform
Transforming ui-graphics-release.aar (androidx.compose.ui:ui-graphics-android:1.7.6) with ExtractAarTransform
Transforming ui-graphics-release.aar (androidx.compose.ui:ui-graphics-android:1.7.6) with AarResourcesCompilerTransform
Transforming ui-test-manifest-1.7.6.aar (androidx.compose.ui:ui-test-manifest:1.7.6) with ExtractAarTransform
Transforming ui-test-manifest-1.7.6.aar (androidx.compose.ui:ui-test-manifest:1.7.6) with AarResourcesCompilerTransform
Transforming ui-tooling-release.aar (androidx.compose.ui:ui-tooling-android:1.7.6) with ExtractAarTransform
Transforming ui-tooling-release.aar (androidx.compose.ui:ui-tooling-android:1.7.6) with AarResourcesCompilerTransform
Transforming activity-compose-1.9.3.aar (androidx.activity:activity-compose:1.9.3) with ExtractAarTransform
Transforming activity-compose-1.9.3.aar (androidx.activity:activity-compose:1.9.3) with AarResourcesCompilerTransform
Transforming savedstate-ktx-1.2.1.aar (androidx.savedstate:savedstate-ktx:1.2.1) with ExtractAarTransform
Transforming savedstate-ktx-1.2.1.aar (androidx.savedstate:savedstate-ktx:1.2.1) with AarResourcesCompilerTransform
Transforming savedstate-1.2.1.aar (androidx.savedstate:savedstate:1.2.1) with ExtractAarTransform
Transforming savedstate-1.2.1.aar (androidx.savedstate:savedstate:1.2.1) with AarResourcesCompilerTransform
Transforming emoji2-1.3.0.aar (androidx.emoji2:emoji2:1.3.0) with ExtractAarTransform
Transforming emoji2-1.3.0.aar (androidx.emoji2:emoji2:1.3.0) with AarResourcesCompilerTransform
Transforming lifecycle-process-2.8.7.aar (androidx.lifecycle:lifecycle-process:2.8.7) with ExtractAarTransform
Transforming lifecycle-process-2.8.7.aar (androidx.lifecycle:lifecycle-process:2.8.7) with AarResourcesCompilerTransform
Transforming lifecycle-livedata-core-2.8.7.aar (androidx.lifecycle:lifecycle-livedata-core:2.8.7) with ExtractAarTransform
Transforming lifecycle-livedata-core-2.8.7.aar (androidx.lifecycle:lifecycle-livedata-core:2.8.7) with AarResourcesCompilerTransform
Transforming lifecycle-runtime-compose-release.aar (androidx.lifecycle:lifecycle-runtime-compose-android:2.8.7) with ExtractAarTransform
Transforming lifecycle-runtime-compose-release.aar (androidx.lifecycle:lifecycle-runtime-compose-android:2.8.7) with AarResourcesCompilerTransform
Transforming lifecycle-viewmodel-release.aar (androidx.lifecycle:lifecycle-viewmodel-android:2.8.7) with ExtractAarTransform
Transforming lifecycle-viewmodel-release.aar (androidx.lifecycle:lifecycle-viewmodel-android:2.8.7) with AarResourcesCompilerTransform
Transforming lifecycle-runtime-release.aar (androidx.lifecycle:lifecycle-runtime-android:2.8.7) with ExtractAarTransform
Transforming lifecycle-runtime-release.aar (androidx.lifecycle:lifecycle-runtime-android:2.8.7) with AarResourcesCompilerTransform
Transforming lifecycle-viewmodel-savedstate-2.8.7.aar (androidx.lifecycle:lifecycle-viewmodel-savedstate:2.8.7) with ExtractAarTransform
Transforming lifecycle-viewmodel-savedstate-2.8.7.aar (androidx.lifecycle:lifecycle-viewmodel-savedstate:2.8.7) with AarResourcesCompilerTransform
Transforming lifecycle-viewmodel-ktx-2.8.7.aar (androidx.lifecycle:lifecycle-viewmodel-ktx:2.8.7) with ExtractAarTransform
Transforming lifecycle-viewmodel-ktx-2.8.7.aar (androidx.lifecycle:lifecycle-viewmodel-ktx:2.8.7) with AarResourcesCompilerTransform
Transforming lifecycle-runtime-ktx-release.aar (androidx.lifecycle:lifecycle-runtime-ktx-android:2.8.7) with ExtractAarTransform
Transforming lifecycle-runtime-ktx-release.aar (androidx.lifecycle:lifecycle-runtime-ktx-android:2.8.7) with AarResourcesCompilerTransform
Transforming lifecycle-viewmodel-compose-release.aar (androidx.lifecycle:lifecycle-viewmodel-compose-android:2.8.7) with ExtractAarTransform
Transforming lifecycle-viewmodel-compose-release.aar (androidx.lifecycle:lifecycle-viewmodel-compose-android:2.8.7) with AarResourcesCompilerTransform
Transforming material-icons-core-release.aar (androidx.compose.material:material-icons-core-android:1.7.6) with ExtractAarTransform
Transforming material-icons-core-release.aar (androidx.compose.material:material-icons-core-android:1.7.6) with AarResourcesCompilerTransform
Transforming ui-release.aar (androidx.compose.ui:ui-android:1.7.6) with ExtractAarTransform
Transforming ui-release.aar (androidx.compose.ui:ui-android:1.7.6) with AarResourcesCompilerTransform
Transforming autofill-1.0.0.aar (androidx.autofill:autofill:1.0.0) with ExtractAarTransform
Transforming autofill-1.0.0.aar (androidx.autofill:autofill:1.0.0) with AarResourcesCompilerTransform
Transforming graphics-path-1.0.1.aar (androidx.graphics:graphics-path:1.0.1) with ExtractAarTransform
Transforming graphics-path-1.0.1.aar (androidx.graphics:graphics-path:1.0.1) with AarResourcesCompilerTransform
Transforming core-1.15.0.aar (androidx.core:core:1.15.0) with ExtractAarTransform
Transforming core-1.15.0.aar (androidx.core:core:1.15.0) with AarResourcesCompilerTransform
Transforming core-1.15.0.aar (androidx.core:core:1.15.0) with ExtractAarTransform
Transforming core-1.15.0.aar (androidx.core:core:1.15.0) with AarResourcesCompilerTransform
Transforming customview-poolingcontainer-1.0.0.aar (androidx.customview:customview-poolingcontainer:1.0.0) with ExtractAarTransform
Transforming customview-poolingcontainer-1.0.0.aar (androidx.customview:customview-poolingcontainer:1.0.0) with AarResourcesCompilerTransform
Transforming core-ktx-1.15.0.aar (androidx.core:core-ktx:1.15.0) with ExtractAarTransform
Transforming core-ktx-1.15.0.aar (androidx.core:core-ktx:1.15.0) with AarResourcesCompilerTransform
Transforming datastore-core-release.aar (androidx.datastore:datastore-core-android:1.1.1) with ExtractAarTransform
Transforming datastore-core-release.aar (androidx.datastore:datastore-core-android:1.1.1) with AarResourcesCompilerTransform
Transforming datastore-release.aar (androidx.datastore:datastore-android:1.1.1) with ExtractAarTransform
Transforming datastore-release.aar (androidx.datastore:datastore-android:1.1.1) with AarResourcesCompilerTransform
Transforming datastore-preferences-release.aar (androidx.datastore:datastore-preferences-android:1.1.1) with ExtractAarTransform
Transforming datastore-preferences-release.aar (androidx.datastore:datastore-preferences-android:1.1.1) with AarResourcesCompilerTransform
Transforming runtime-saveable-release.aar (androidx.compose.runtime:runtime-saveable-android:1.7.6) with ExtractAarTransform
Transforming runtime-saveable-release.aar (androidx.compose.runtime:runtime-saveable-android:1.7.6) with AarResourcesCompilerTransform
Transforming runtime-release.aar (androidx.compose.runtime:runtime-android:1.7.6) with ExtractAarTransform
Transforming runtime-release.aar (androidx.compose.runtime:runtime-android:1.7.6) with AarResourcesCompilerTransform
Transforming interpolator-1.0.0.aar (androidx.interpolator:interpolator:1.0.0) with ExtractAarTransform
Transforming interpolator-1.0.0.aar (androidx.interpolator:interpolator:1.0.0) with AarResourcesCompilerTransform
Transforming profileinstaller-1.3.1.aar (androidx.profileinstaller:profileinstaller:1.3.1) with ExtractAarTransform
Transforming profileinstaller-1.3.1.aar (androidx.profileinstaller:profileinstaller:1.3.1) with AarResourcesCompilerTransform
Transforming startup-runtime-1.1.1.aar (androidx.startup:startup-runtime:1.1.1) with ExtractAarTransform
Transforming startup-runtime-1.1.1.aar (androidx.startup:startup-runtime:1.1.1) with AarResourcesCompilerTransform
Transforming tracing-1.2.0.aar (androidx.tracing:tracing:1.2.0) with ExtractAarTransform
Transforming tracing-1.2.0.aar (androidx.tracing:tracing:1.2.0) with AarResourcesCompilerTransform
Transforming versionedparcelable-1.1.1.aar (androidx.versionedparcelable:versionedparcelable:1.1.1) with ExtractAarTransform
Transforming versionedparcelable-1.1.1.aar (androidx.versionedparcelable:versionedparcelable:1.1.1) with AarResourcesCompilerTransform
Transforming core-runtime-2.2.0.aar (androidx.arch.core:core-runtime:2.2.0) with ExtractAarTransform
Transforming core-runtime-2.2.0.aar (androidx.arch.core:core-runtime:2.2.0) with AarResourcesCompilerTransform
Transforming annotation-experimental-1.4.1.aar (androidx.annotation:annotation-experimental:1.4.1) with ExtractAarTransform
Transforming annotation-experimental-1.4.1.aar (androidx.annotation:annotation-experimental:1.4.1) with AarResourcesCompilerTransform
Transforming navigation-common-2.8.5.aar (androidx.navigation:navigation-common:2.8.5) with ExtractAarTransform
Transforming navigation-common-2.8.5.aar (androidx.navigation:navigation-common:2.8.5) with LibrarySymbolTableTransform
Transforming navigation-runtime-2.8.5.aar (androidx.navigation:navigation-runtime:2.8.5) with ExtractAarTransform
Transforming navigation-runtime-2.8.5.aar (androidx.navigation:navigation-runtime:2.8.5) with LibrarySymbolTableTransform
Transforming navigation-common-ktx-2.8.5.aar (androidx.navigation:navigation-common-ktx:2.8.5) with ExtractAarTransform
Transforming navigation-common-ktx-2.8.5.aar (androidx.navigation:navigation-common-ktx:2.8.5) with LibrarySymbolTableTransform
Transforming navigation-runtime-ktx-2.8.5.aar (androidx.navigation:navigation-runtime-ktx:2.8.5) with ExtractAarTransform
Transforming navigation-runtime-ktx-2.8.5.aar (androidx.navigation:navigation-runtime-ktx:2.8.5) with LibrarySymbolTableTransform
Transforming navigation-compose-2.8.5.aar (androidx.navigation:navigation-compose:2.8.5) with ExtractAarTransform
Transforming navigation-compose-2.8.5.aar (androidx.navigation:navigation-compose:2.8.5) with LibrarySymbolTableTransform
Transforming activity-1.9.3.aar (androidx.activity:activity:1.9.3) with ExtractAarTransform
Transforming activity-1.9.3.aar (androidx.activity:activity:1.9.3) with LibrarySymbolTableTransform
Transforming activity-ktx-1.9.3.aar (androidx.activity:activity-ktx:1.9.3) with ExtractAarTransform
Transforming activity-ktx-1.9.3.aar (androidx.activity:activity-ktx:1.9.3) with LibrarySymbolTableTransform
Transforming material3-release.aar (androidx.compose.material3:material3-android:1.3.1) with ExtractAarTransform
Transforming material3-release.aar (androidx.compose.material3:material3-android:1.3.1) with LibrarySymbolTableTransform
Transforming material-release.aar (androidx.compose.material:material-android:1.7.6) with ExtractAarTransform
Transforming material-release.aar (androidx.compose.material:material-android:1.7.6) with LibrarySymbolTableTransform
Transforming material-ripple-release.aar (androidx.compose.material:material-ripple-android:1.7.6) with ExtractAarTransform
Transforming material-ripple-release.aar (androidx.compose.material:material-ripple-android:1.7.6) with LibrarySymbolTableTransform
Transforming foundation-release.aar (androidx.compose.foundation:foundation-android:1.7.6) with ExtractAarTransform
Transforming foundation-release.aar (androidx.compose.foundation:foundation-android:1.7.6) with LibrarySymbolTableTransform
Transforming foundation-layout-release.aar (androidx.compose.foundation:foundation-layout-android:1.7.6) with ExtractAarTransform
Transforming foundation-layout-release.aar (androidx.compose.foundation:foundation-layout-android:1.7.6) with LibrarySymbolTableTransform
Transforming animation-core-release.aar (androidx.compose.animation:animation-core-android:1.7.6) with ExtractAarTransform
Transforming animation-core-release.aar (androidx.compose.animation:animation-core-android:1.7.6) with LibrarySymbolTableTransform
Transforming animation-release.aar (androidx.compose.animation:animation-android:1.7.6) with ExtractAarTransform
Transforming animation-release.aar (androidx.compose.animation:animation-android:1.7.6) with LibrarySymbolTableTransform
Transforming ui-tooling-data-release.aar (androidx.compose.ui:ui-tooling-data-android:1.7.6) with ExtractAarTransform
Transforming ui-tooling-data-release.aar (androidx.compose.ui:ui-tooling-data-android:1.7.6) with LibrarySymbolTableTransform
Transforming ui-unit-release.aar (androidx.compose.ui:ui-unit-android:1.7.6) with ExtractAarTransform
Transforming ui-unit-release.aar (androidx.compose.ui:ui-unit-android:1.7.6) with LibrarySymbolTableTransform
Transforming ui-geometry-release.aar (androidx.compose.ui:ui-geometry-android:1.7.6) with ExtractAarTransform
Transforming ui-geometry-release.aar (androidx.compose.ui:ui-geometry-android:1.7.6) with LibrarySymbolTableTransform
Transforming ui-util-release.aar (androidx.compose.ui:ui-util-android:1.7.6) with ExtractAarTransform
Transforming ui-util-release.aar (androidx.compose.ui:ui-util-android:1.7.6) with LibrarySymbolTableTransform
Transforming ui-text-release.aar (androidx.compose.ui:ui-text-android:1.7.6) with ExtractAarTransform
Transforming ui-text-release.aar (androidx.compose.ui:ui-text-android:1.7.6) with LibrarySymbolTableTransform
Transforming ui-tooling-preview-release.aar (androidx.compose.ui:ui-tooling-preview-android:1.7.6) with ExtractAarTransform
Transforming ui-tooling-preview-release.aar (androidx.compose.ui:ui-tooling-preview-android:1.7.6) with LibrarySymbolTableTransform
Transforming ui-graphics-release.aar (androidx.compose.ui:ui-graphics-android:1.7.6) with ExtractAarTransform
Transforming ui-graphics-release.aar (androidx.compose.ui:ui-graphics-android:1.7.6) with LibrarySymbolTableTransform
Transforming ui-test-manifest-1.7.6.aar (androidx.compose.ui:ui-test-manifest:1.7.6) with ExtractAarTransform
Transforming ui-test-manifest-1.7.6.aar (androidx.compose.ui:ui-test-manifest:1.7.6) with LibrarySymbolTableTransform
Transforming ui-tooling-release.aar (androidx.compose.ui:ui-tooling-android:1.7.6) with ExtractAarTransform
Transforming ui-tooling-release.aar (androidx.compose.ui:ui-tooling-android:1.7.6) with LibrarySymbolTableTransform
Transforming activity-compose-1.9.3.aar (androidx.activity:activity-compose:1.9.3) with ExtractAarTransform
Transforming activity-compose-1.9.3.aar (androidx.activity:activity-compose:1.9.3) with LibrarySymbolTableTransform
Transforming savedstate-ktx-1.2.1.aar (androidx.savedstate:savedstate-ktx:1.2.1) with ExtractAarTransform
Transforming savedstate-ktx-1.2.1.aar (androidx.savedstate:savedstate-ktx:1.2.1) with LibrarySymbolTableTransform
Transforming savedstate-1.2.1.aar (androidx.savedstate:savedstate:1.2.1) with ExtractAarTransform
Transforming savedstate-1.2.1.aar (androidx.savedstate:savedstate:1.2.1) with LibrarySymbolTableTransform
Transforming emoji2-1.3.0.aar (androidx.emoji2:emoji2:1.3.0) with ExtractAarTransform
Transforming emoji2-1.3.0.aar (androidx.emoji2:emoji2:1.3.0) with LibrarySymbolTableTransform
Transforming lifecycle-process-2.8.7.aar (androidx.lifecycle:lifecycle-process:2.8.7) with ExtractAarTransform
Transforming lifecycle-process-2.8.7.aar (androidx.lifecycle:lifecycle-process:2.8.7) with LibrarySymbolTableTransform
Transforming lifecycle-livedata-core-2.8.7.aar (androidx.lifecycle:lifecycle-livedata-core:2.8.7) with ExtractAarTransform
Transforming lifecycle-livedata-core-2.8.7.aar (androidx.lifecycle:lifecycle-livedata-core:2.8.7) with LibrarySymbolTableTransform
Transforming lifecycle-runtime-compose-release.aar (androidx.lifecycle:lifecycle-runtime-compose-android:2.8.7) with ExtractAarTransform
Transforming lifecycle-runtime-compose-release.aar (androidx.lifecycle:lifecycle-runtime-compose-android:2.8.7) with LibrarySymbolTableTransform
Transforming lifecycle-viewmodel-release.aar (androidx.lifecycle:lifecycle-viewmodel-android:2.8.7) with ExtractAarTransform
Transforming lifecycle-viewmodel-release.aar (androidx.lifecycle:lifecycle-viewmodel-android:2.8.7) with LibrarySymbolTableTransform
Transforming lifecycle-runtime-release.aar (androidx.lifecycle:lifecycle-runtime-android:2.8.7) with ExtractAarTransform
Transforming lifecycle-runtime-release.aar (androidx.lifecycle:lifecycle-runtime-android:2.8.7) with LibrarySymbolTableTransform
Transforming lifecycle-viewmodel-savedstate-2.8.7.aar (androidx.lifecycle:lifecycle-viewmodel-savedstate:2.8.7) with ExtractAarTransform
Transforming lifecycle-viewmodel-savedstate-2.8.7.aar (androidx.lifecycle:lifecycle-viewmodel-savedstate:2.8.7) with LibrarySymbolTableTransform
Transforming lifecycle-viewmodel-ktx-2.8.7.aar (androidx.lifecycle:lifecycle-viewmodel-ktx:2.8.7) with ExtractAarTransform
Transforming lifecycle-viewmodel-ktx-2.8.7.aar (androidx.lifecycle:lifecycle-viewmodel-ktx:2.8.7) with LibrarySymbolTableTransform
Transforming lifecycle-runtime-ktx-release.aar (androidx.lifecycle:lifecycle-runtime-ktx-android:2.8.7) with ExtractAarTransform
Transforming lifecycle-runtime-ktx-release.aar (androidx.lifecycle:lifecycle-runtime-ktx-android:2.8.7) with LibrarySymbolTableTransform
Transforming lifecycle-viewmodel-compose-release.aar (androidx.lifecycle:lifecycle-viewmodel-compose-android:2.8.7) with ExtractAarTransform
Transforming lifecycle-viewmodel-compose-release.aar (androidx.lifecycle:lifecycle-viewmodel-compose-android:2.8.7) with LibrarySymbolTableTransform
Transforming material-icons-core-release.aar (androidx.compose.material:material-icons-core-android:1.7.6) with ExtractAarTransform
Transforming material-icons-core-release.aar (androidx.compose.material:material-icons-core-android:1.7.6) with LibrarySymbolTableTransform
Transforming ui-release.aar (androidx.compose.ui:ui-android:1.7.6) with ExtractAarTransform
Transforming ui-release.aar (androidx.compose.ui:ui-android:1.7.6) with LibrarySymbolTableTransform
Transforming autofill-1.0.0.aar (androidx.autofill:autofill:1.0.0) with ExtractAarTransform
Transforming autofill-1.0.0.aar (androidx.autofill:autofill:1.0.0) with LibrarySymbolTableTransform
Transforming graphics-path-1.0.1.aar (androidx.graphics:graphics-path:1.0.1) with ExtractAarTransform
Transforming graphics-path-1.0.1.aar (androidx.graphics:graphics-path:1.0.1) with LibrarySymbolTableTransform
Transforming core-1.15.0.aar (androidx.core:core:1.15.0) with ExtractAarTransform
Transforming core-1.15.0.aar (androidx.core:core:1.15.0) with LibrarySymbolTableTransform
Transforming core-1.15.0.aar (androidx.core:core:1.15.0) with ExtractAarTransform
Transforming core-1.15.0.aar (androidx.core:core:1.15.0) with LibrarySymbolTableTransform
Transforming customview-poolingcontainer-1.0.0.aar (androidx.customview:customview-poolingcontainer:1.0.0) with ExtractAarTransform
Transforming customview-poolingcontainer-1.0.0.aar (androidx.customview:customview-poolingcontainer:1.0.0) with LibrarySymbolTableTransform
Transforming core-ktx-1.15.0.aar (androidx.core:core-ktx:1.15.0) with ExtractAarTransform
Transforming core-ktx-1.15.0.aar (androidx.core:core-ktx:1.15.0) with LibrarySymbolTableTransform
Transforming datastore-core-release.aar (androidx.datastore:datastore-core-android:1.1.1) with ExtractAarTransform
Transforming datastore-core-release.aar (androidx.datastore:datastore-core-android:1.1.1) with LibrarySymbolTableTransform
Transforming datastore-release.aar (androidx.datastore:datastore-android:1.1.1) with ExtractAarTransform
Transforming datastore-release.aar (androidx.datastore:datastore-android:1.1.1) with LibrarySymbolTableTransform
Transforming datastore-preferences-release.aar (androidx.datastore:datastore-preferences-android:1.1.1) with ExtractAarTransform
Transforming datastore-preferences-release.aar (androidx.datastore:datastore-preferences-android:1.1.1) with LibrarySymbolTableTransform
Transforming runtime-saveable-release.aar (androidx.compose.runtime:runtime-saveable-android:1.7.6) with ExtractAarTransform
Transforming runtime-saveable-release.aar (androidx.compose.runtime:runtime-saveable-android:1.7.6) with LibrarySymbolTableTransform
Transforming runtime-release.aar (androidx.compose.runtime:runtime-android:1.7.6) with ExtractAarTransform
Transforming runtime-release.aar (androidx.compose.runtime:runtime-android:1.7.6) with LibrarySymbolTableTransform
Transforming interpolator-1.0.0.aar (androidx.interpolator:interpolator:1.0.0) with ExtractAarTransform
Transforming interpolator-1.0.0.aar (androidx.interpolator:interpolator:1.0.0) with LibrarySymbolTableTransform
Transforming profileinstaller-1.3.1.aar (androidx.profileinstaller:profileinstaller:1.3.1) with ExtractAarTransform
Transforming profileinstaller-1.3.1.aar (androidx.profileinstaller:profileinstaller:1.3.1) with LibrarySymbolTableTransform
Transforming startup-runtime-1.1.1.aar (androidx.startup:startup-runtime:1.1.1) with ExtractAarTransform
Transforming startup-runtime-1.1.1.aar (androidx.startup:startup-runtime:1.1.1) with LibrarySymbolTableTransform
Transforming tracing-1.2.0.aar (androidx.tracing:tracing:1.2.0) with ExtractAarTransform
Transforming tracing-1.2.0.aar (androidx.tracing:tracing:1.2.0) with LibrarySymbolTableTransform
Transforming versionedparcelable-1.1.1.aar (androidx.versionedparcelable:versionedparcelable:1.1.1) with ExtractAarTransform
Transforming versionedparcelable-1.1.1.aar (androidx.versionedparcelable:versionedparcelable:1.1.1) with LibrarySymbolTableTransform
Transforming core-runtime-2.2.0.aar (androidx.arch.core:core-runtime:2.2.0) with ExtractAarTransform
Transforming core-runtime-2.2.0.aar (androidx.arch.core:core-runtime:2.2.0) with LibrarySymbolTableTransform
Transforming annotation-experimental-1.4.1.aar (androidx.annotation:annotation-experimental:1.4.1) with ExtractAarTransform
Transforming annotation-experimental-1.4.1.aar (androidx.annotation:annotation-experimental:1.4.1) with LibrarySymbolTableTransform
Caching disabled for task ':app:processDebugResources' because:
  Build cache is disabled
Skipping task ':app:processDebugResources' as it is up-to-date.
Resolve mutations for :app:compileDebugKotlin (Thread[included builds,5,main]) started.
:app:compileDebugKotlin (Thread[Execution worker Thread 3,5,main]) started.

> Task :app:compileDebugKotlin UP-TO-DATE
Transforming navigation-common-2.8.5.aar (androidx.navigation:navigation-common:2.8.5) with AarToClassTransform
Transforming navigation-runtime-2.8.5.aar (androidx.navigation:navigation-runtime:2.8.5) with AarToClassTransform
Transforming navigation-common-ktx-2.8.5.aar (androidx.navigation:navigation-common-ktx:2.8.5) with AarToClassTransform
Transforming navigation-runtime-ktx-2.8.5.aar (androidx.navigation:navigation-runtime-ktx:2.8.5) with AarToClassTransform
Transforming navigation-compose-2.8.5.aar (androidx.navigation:navigation-compose:2.8.5) with AarToClassTransform
Transforming material3-release.aar (androidx.compose.material3:material3-android:1.3.1) with AarToClassTransform
Transforming foundation-layout-release.aar (androidx.compose.foundation:foundation-layout-android:1.7.6) with AarToClassTransform
Transforming material-ripple-release.aar (androidx.compose.material:material-ripple-android:1.7.6) with AarToClassTransform
Transforming foundation-release.aar (androidx.compose.foundation:foundation-android:1.7.6) with AarToClassTransform
Transforming animation-core-release.aar (androidx.compose.animation:animation-core-android:1.7.6) with AarToClassTransform
Transforming animation-release.aar (androidx.compose.animation:animation-android:1.7.6) with AarToClassTransform
Transforming ui-util-release.aar (androidx.compose.ui:ui-util-android:1.7.6) with AarToClassTransform
Transforming ui-unit-release.aar (androidx.compose.ui:ui-unit-android:1.7.6) with AarToClassTransform
Transforming ui-text-release.aar (androidx.compose.ui:ui-text-android:1.7.6) with AarToClassTransform
Transforming ui-geometry-release.aar (androidx.compose.ui:ui-geometry-android:1.7.6) with AarToClassTransform
Transforming ui-tooling-data-release.aar (androidx.compose.ui:ui-tooling-data-android:1.7.6) with AarToClassTransform
Transforming ui-tooling-preview-release.aar (androidx.compose.ui:ui-tooling-preview-android:1.7.6) with AarToClassTransform
Transforming ui-graphics-release.aar (androidx.compose.ui:ui-graphics-android:1.7.6) with AarToClassTransform
Transforming core-1.15.0.aar (androidx.core:core:1.15.0) with AarToClassTransform
Transforming lifecycle-runtime-compose-release.aar (androidx.lifecycle:lifecycle-runtime-compose-android:2.8.7) with AarToClassTransform
Transforming lifecycle-livedata-core-2.8.7.aar (androidx.lifecycle:lifecycle-livedata-core:2.8.7) with AarToClassTransform
Transforming lifecycle-runtime-release.aar (androidx.lifecycle:lifecycle-runtime-android:2.8.7) with AarToClassTransform
Transforming lifecycle-viewmodel-release.aar (androidx.lifecycle:lifecycle-viewmodel-android:2.8.7) with AarToClassTransform
Transforming lifecycle-viewmodel-ktx-2.8.7.aar (androidx.lifecycle:lifecycle-viewmodel-ktx:2.8.7) with AarToClassTransform
Transforming lifecycle-viewmodel-savedstate-2.8.7.aar (androidx.lifecycle:lifecycle-viewmodel-savedstate:2.8.7) with AarToClassTransform
Transforming lifecycle-runtime-ktx-release.aar (androidx.lifecycle:lifecycle-runtime-ktx-android:2.8.7) with AarToClassTransform
Transforming lifecycle-viewmodel-compose-release.aar (androidx.lifecycle:lifecycle-viewmodel-compose-android:2.8.7) with AarToClassTransform
Transforming lifecycle-common-jvm-2.8.7.jar (androidx.lifecycle:lifecycle-common-jvm:2.8.7) with IdentityTransform
Transforming material-icons-core-release.aar (androidx.compose.material:material-icons-core-android:1.7.6) with AarToClassTransform
Transforming ui-release.aar (androidx.compose.ui:ui-android:1.7.6) with AarToClassTransform
Transforming ui-tooling-release.aar (androidx.compose.ui:ui-tooling-android:1.7.6) with AarToClassTransform
Transforming ui-test-manifest-1.7.6.aar (androidx.compose.ui:ui-test-manifest:1.7.6) with AarToClassTransform
Transforming activity-1.9.3.aar (androidx.activity:activity:1.9.3) with AarToClassTransform
Transforming activity-compose-1.9.3.aar (androidx.activity:activity-compose:1.9.3) with AarToClassTransform
Transforming activity-ktx-1.9.3.aar (androidx.activity:activity-ktx:1.9.3) with AarToClassTransform
Transforming core-ktx-1.15.0.aar (androidx.core:core-ktx:1.15.0) with AarToClassTransform
Transforming datastore-core-release.aar (androidx.datastore:datastore-core-android:1.1.1) with AarToClassTransform
Transforming datastore-release.aar (androidx.datastore:datastore-android:1.1.1) with AarToClassTransform
Transforming datastore-preferences-release.aar (androidx.datastore:datastore-preferences-android:1.1.1) with AarToClassTransform
Transforming runtime-saveable-release.aar (androidx.compose.runtime:runtime-saveable-android:1.7.6) with AarToClassTransform
Transforming runtime-release.aar (androidx.compose.runtime:runtime-android:1.7.6) with AarToClassTransform
Transforming datastore-core-okio-jvm-1.1.1.jar (androidx.datastore:datastore-core-okio-jvm:1.1.1) with IdentityTransform
Transforming savedstate-ktx-1.2.1.aar (androidx.savedstate:savedstate-ktx:1.2.1) with AarToClassTransform
Transforming savedstate-1.2.1.aar (androidx.savedstate:savedstate:1.2.1) with AarToClassTransform
Transforming versionedparcelable-1.1.1.aar (androidx.versionedparcelable:versionedparcelable:1.1.1) with AarToClassTransform
Transforming datastore-preferences-core-jvm-1.1.1.jar (androidx.datastore:datastore-preferences-core-jvm:1.1.1) with IdentityTransform
Transforming annotation-experimental-1.4.1.aar (androidx.annotation:annotation-experimental:1.4.1) with AarToClassTransform
Transforming kotlinx-coroutines-core-jvm-1.9.0.jar (org.jetbrains.kotlinx:kotlinx-coroutines-core-jvm:1.9.0) with IdentityTransform
Transforming kotlinx-coroutines-android-1.9.0.jar (org.jetbrains.kotlinx:kotlinx-coroutines-android:1.9.0) with IdentityTransform
Transforming kotlinx-serialization-core-jvm-1.7.3.jar (org.jetbrains.kotlinx:kotlinx-serialization-core-jvm:1.7.3) with IdentityTransform
Transforming okhttp-4.12.0.jar (com.squareup.okhttp3:okhttp:4.12.0) with IdentityTransform
Transforming kotlinx-serialization-json-jvm-1.7.3.jar (org.jetbrains.kotlinx:kotlinx-serialization-json-jvm:1.7.3) with IdentityTransform
Transforming core-common-2.2.0.jar (androidx.arch.core:core-common:2.2.0) with IdentityTransform
Transforming collection-jvm-1.4.4.jar (androidx.collection:collection-jvm:1.4.4) with IdentityTransform
Transforming kotlin-stdlib-2.0.21.jar (org.jetbrains.kotlin:kotlin-stdlib:2.0.21) with IdentityTransform
Transforming annotations-23.0.0.jar (org.jetbrains:annotations:23.0.0) with IdentityTransform
Transforming kotlin-stdlib-jdk8-1.9.10.jar (org.jetbrains.kotlin:kotlin-stdlib-jdk8:1.9.10) with IdentityTransform
Transforming okio-jvm-3.6.0.jar (com.squareup.okio:okio-jvm:3.6.0) with IdentityTransform
Transforming jsoup-1.18.3.jar (org.jsoup:jsoup:1.18.3) with IdentityTransform
Transforming annotation-jvm-1.8.1.jar (androidx.annotation:annotation-jvm:1.8.1) with IdentityTransform
Transforming kotlin-stdlib-jdk7-1.9.10.jar (org.jetbrains.kotlin:kotlin-stdlib-jdk7:1.9.10) with IdentityTransform
Transforming R.jar with BuildToolsApiClasspathEntrySnapshotTransform
Transforming navigation-common-2.8.5-api.jar with BuildToolsApiClasspathEntrySnapshotTransform
Transforming navigation-runtime-2.8.5-api.jar with BuildToolsApiClasspathEntrySnapshotTransform
Transforming navigation-common-ktx-2.8.5-api.jar with BuildToolsApiClasspathEntrySnapshotTransform
Transforming navigation-runtime-ktx-2.8.5-api.jar with BuildToolsApiClasspathEntrySnapshotTransform
Transforming navigation-compose-2.8.5-api.jar with BuildToolsApiClasspathEntrySnapshotTransform
Transforming material3-release-api.jar with BuildToolsApiClasspathEntrySnapshotTransform
Transforming foundation-layout-release-api.jar with BuildToolsApiClasspathEntrySnapshotTransform
Transforming material-ripple-release-api.jar with BuildToolsApiClasspathEntrySnapshotTransform
Transforming foundation-release-api.jar with BuildToolsApiClasspathEntrySnapshotTransform
Transforming animation-core-release-api.jar with BuildToolsApiClasspathEntrySnapshotTransform
Transforming animation-release-api.jar with BuildToolsApiClasspathEntrySnapshotTransform
Transforming ui-util-release-api.jar with BuildToolsApiClasspathEntrySnapshotTransform
Transforming ui-unit-release-api.jar with BuildToolsApiClasspathEntrySnapshotTransform
Transforming ui-text-release-api.jar with BuildToolsApiClasspathEntrySnapshotTransform
Transforming ui-geometry-release-api.jar with BuildToolsApiClasspathEntrySnapshotTransform
Transforming ui-tooling-data-release-api.jar with BuildToolsApiClasspathEntrySnapshotTransform
Transforming ui-tooling-preview-release-api.jar with BuildToolsApiClasspathEntrySnapshotTransform
Transforming ui-graphics-release-api.jar with BuildToolsApiClasspathEntrySnapshotTransform
Transforming core-1.15.0-api.jar with BuildToolsApiClasspathEntrySnapshotTransform
Transforming lifecycle-common-jvm-2.8.7.jar with BuildToolsApiClasspathEntrySnapshotTransform
Transforming lifecycle-runtime-compose-release-api.jar with BuildToolsApiClasspathEntrySnapshotTransform
Transforming lifecycle-livedata-core-2.8.7-api.jar with BuildToolsApiClasspathEntrySnapshotTransform
Transforming lifecycle-runtime-release-api.jar with BuildToolsApiClasspathEntrySnapshotTransform
Transforming lifecycle-viewmodel-release-api.jar with BuildToolsApiClasspathEntrySnapshotTransform
Transforming lifecycle-viewmodel-ktx-2.8.7-api.jar with BuildToolsApiClasspathEntrySnapshotTransform
Transforming lifecycle-viewmodel-savedstate-2.8.7-api.jar with BuildToolsApiClasspathEntrySnapshotTransform
Transforming lifecycle-runtime-ktx-release-api.jar with BuildToolsApiClasspathEntrySnapshotTransform
Transforming lifecycle-viewmodel-compose-release-api.jar with BuildToolsApiClasspathEntrySnapshotTransform
Transforming material-icons-core-release-api.jar with BuildToolsApiClasspathEntrySnapshotTransform
Transforming ui-release-api.jar with BuildToolsApiClasspathEntrySnapshotTransform
Transforming ui-tooling-release-api.jar with BuildToolsApiClasspathEntrySnapshotTransform
Transforming ui-test-manifest-1.7.6-api.jar with BuildToolsApiClasspathEntrySnapshotTransform
Transforming activity-1.9.3-api.jar with BuildToolsApiClasspathEntrySnapshotTransform
Transforming activity-compose-1.9.3-api.jar with BuildToolsApiClasspathEntrySnapshotTransform
Transforming activity-ktx-1.9.3-api.jar with BuildToolsApiClasspathEntrySnapshotTransform
Transforming core-ktx-1.15.0-api.jar with BuildToolsApiClasspathEntrySnapshotTransform
Transforming datastore-core-okio-jvm-1.1.1.jar with BuildToolsApiClasspathEntrySnapshotTransform
Transforming datastore-core-release-api.jar with BuildToolsApiClasspathEntrySnapshotTransform
Transforming datastore-preferences-core-jvm-1.1.1.jar with BuildToolsApiClasspathEntrySnapshotTransform
Transforming datastore-release-api.jar with BuildToolsApiClasspathEntrySnapshotTransform
Transforming datastore-preferences-release-api.jar with BuildToolsApiClasspathEntrySnapshotTransform
Transforming runtime-saveable-release-api.jar with BuildToolsApiClasspathEntrySnapshotTransform
Transforming runtime-release-api.jar with BuildToolsApiClasspathEntrySnapshotTransform
Transforming kotlinx-coroutines-core-jvm-1.9.0.jar with BuildToolsApiClasspathEntrySnapshotTransform
Transforming kotlinx-coroutines-android-1.9.0.jar with BuildToolsApiClasspathEntrySnapshotTransform
Transforming kotlinx-serialization-core-jvm-1.7.3.jar with BuildToolsApiClasspathEntrySnapshotTransform
Transforming kotlinx-serialization-json-jvm-1.7.3.jar with BuildToolsApiClasspathEntrySnapshotTransform
Transforming okhttp-4.12.0.jar with BuildToolsApiClasspathEntrySnapshotTransform
Transforming okio-jvm-3.6.0.jar with BuildToolsApiClasspathEntrySnapshotTransform
Transforming kotlin-stdlib-jdk8-1.9.10.jar with BuildToolsApiClasspathEntrySnapshotTransform
Transforming savedstate-ktx-1.2.1-api.jar with BuildToolsApiClasspathEntrySnapshotTransform
Transforming savedstate-1.2.1-api.jar with BuildToolsApiClasspathEntrySnapshotTransform
Transforming versionedparcelable-1.1.1-api.jar with BuildToolsApiClasspathEntrySnapshotTransform
Transforming core-common-2.2.0.jar with BuildToolsApiClasspathEntrySnapshotTransform
Transforming collection-jvm-1.4.4.jar with BuildToolsApiClasspathEntrySnapshotTransform
Transforming annotation-jvm-1.8.1.jar with BuildToolsApiClasspathEntrySnapshotTransform
Transforming annotation-experimental-1.4.1-api.jar with BuildToolsApiClasspathEntrySnapshotTransform
Transforming kotlin-stdlib-jdk7-1.9.10.jar with BuildToolsApiClasspathEntrySnapshotTransform
Transforming kotlin-stdlib-2.0.21.jar with BuildToolsApiClasspathEntrySnapshotTransform
Transforming jsoup-1.18.3.jar with BuildToolsApiClasspathEntrySnapshotTransform
Transforming annotations-23.0.0.jar with BuildToolsApiClasspathEntrySnapshotTransform
Transforming android.jar with BuildToolsApiClasspathEntrySnapshotTransform
Transforming core-lambda-stubs.jar with BuildToolsApiClasspathEntrySnapshotTransform
Caching disabled for task ':app:compileDebugKotlin' because:
  Build cache is disabled
Skipping task ':app:compileDebugKotlin' as it is up-to-date.
Resolve mutations for :app:javaPreCompileDebug (Thread[Execution worker Thread 3,5,main]) started.
:app:javaPreCompileDebug (Thread[Execution worker Thread 3,5,main]) started.

> Task :app:javaPreCompileDebug UP-TO-DATE
Caching disabled for task ':app:javaPreCompileDebug' because:
  Build cache is disabled
Skipping task ':app:javaPreCompileDebug' as it is up-to-date.
Resolve mutations for :app:compileDebugJavaWithJavac (Thread[Execution worker Thread 3,5,main]) started.
:app:compileDebugJavaWithJavac (Thread[Execution worker Thread 3,5,main]) started.

> Task :app:compileDebugJavaWithJavac NO-SOURCE
Skipping task ':app:compileDebugJavaWithJavac' as it has no source files and no previous output files.
Resolve mutations for :app:bundleDebugClassesToRuntimeJar (Thread[Execution worker Thread 3,5,main]) started.
:app:bundleDebugClassesToRuntimeJar (Thread[Execution worker Thread 3,5,main]) started.

> Task :app:bundleDebugClassesToRuntimeJar UP-TO-DATE
Caching disabled for task ':app:bundleDebugClassesToRuntimeJar' because:
  Build cache is disabled
  Caching has been disabled for the task
Skipping task ':app:bundleDebugClassesToRuntimeJar' as it is up-to-date.
work action resolve classes.jar (project :app) (Thread[Execution worker Thread 3,5,main]) started.
Resolve mutations for :app:bundleDebugClassesToCompileJar (Thread[Execution worker Thread 3,5,main]) started.
:app:bundleDebugClassesToCompileJar (Thread[Execution worker Thread 3,5,main]) started.

> Task :app:bundleDebugClassesToCompileJar UP-TO-DATE
Caching disabled for task ':app:bundleDebugClassesToCompileJar' because:
  Build cache is disabled
  Caching has been disabled for the task
Skipping task ':app:bundleDebugClassesToCompileJar' as it is up-to-date.
work action resolve classes.jar (project :app) (Thread[Execution worker Thread 3,5,main]) started.
Resolve mutations for :app:compileDebugUnitTestKotlin (Thread[Execution worker Thread 3,5,main]) started.
:app:compileDebugUnitTestKotlin (Thread[Execution worker Thread 3,5,main]) started.

> Task :app:compileDebugUnitTestKotlin UP-TO-DATE
Transforming kotlinx-coroutines-test-jvm-1.9.0.jar (org.jetbrains.kotlinx:kotlinx-coroutines-test-jvm:1.9.0) with IdentityTransform
Transforming junit-4.13.2.jar (junit:junit:4.13.2) with IdentityTransform
Transforming hamcrest-core-1.3.jar (org.hamcrest:hamcrest-core:1.3) with IdentityTransform
Transforming R.jar with BuildToolsApiClasspathEntrySnapshotTransform
Transforming classes.jar with BuildToolsApiClasspathEntrySnapshotTransform
Transforming navigation-common-2.8.5-api.jar with BuildToolsApiClasspathEntrySnapshotTransform
Transforming navigation-runtime-2.8.5-api.jar with BuildToolsApiClasspathEntrySnapshotTransform
Transforming navigation-common-ktx-2.8.5-api.jar with BuildToolsApiClasspathEntrySnapshotTransform
Transforming navigation-runtime-ktx-2.8.5-api.jar with BuildToolsApiClasspathEntrySnapshotTransform
Transforming navigation-compose-2.8.5-api.jar with BuildToolsApiClasspathEntrySnapshotTransform
Transforming material3-release-api.jar with BuildToolsApiClasspathEntrySnapshotTransform
Transforming foundation-layout-release-api.jar with BuildToolsApiClasspathEntrySnapshotTransform
Transforming material-ripple-release-api.jar with BuildToolsApiClasspathEntrySnapshotTransform
Transforming foundation-release-api.jar with BuildToolsApiClasspathEntrySnapshotTransform
Transforming animation-core-release-api.jar with BuildToolsApiClasspathEntrySnapshotTransform
Transforming animation-release-api.jar with BuildToolsApiClasspathEntrySnapshotTransform
Transforming ui-util-release-api.jar with BuildToolsApiClasspathEntrySnapshotTransform
Transforming ui-unit-release-api.jar with BuildToolsApiClasspathEntrySnapshotTransform
Transforming ui-text-release-api.jar with BuildToolsApiClasspathEntrySnapshotTransform
Transforming ui-geometry-release-api.jar with BuildToolsApiClasspathEntrySnapshotTransform
Transforming ui-tooling-data-release-api.jar with BuildToolsApiClasspathEntrySnapshotTransform
Transforming ui-tooling-preview-release-api.jar with BuildToolsApiClasspathEntrySnapshotTransform
Transforming ui-graphics-release-api.jar with BuildToolsApiClasspathEntrySnapshotTransform
Transforming core-1.15.0-api.jar with BuildToolsApiClasspathEntrySnapshotTransform
Transforming lifecycle-common-jvm-2.8.7.jar with BuildToolsApiClasspathEntrySnapshotTransform
Transforming lifecycle-runtime-compose-release-api.jar with BuildToolsApiClasspathEntrySnapshotTransform
Transforming lifecycle-livedata-core-2.8.7-api.jar with BuildToolsApiClasspathEntrySnapshotTransform
Transforming lifecycle-runtime-release-api.jar with BuildToolsApiClasspathEntrySnapshotTransform
Transforming lifecycle-viewmodel-release-api.jar with BuildToolsApiClasspathEntrySnapshotTransform
Transforming lifecycle-viewmodel-ktx-2.8.7-api.jar with BuildToolsApiClasspathEntrySnapshotTransform
Transforming lifecycle-viewmodel-savedstate-2.8.7-api.jar with BuildToolsApiClasspathEntrySnapshotTransform
Transforming lifecycle-runtime-ktx-release-api.jar with BuildToolsApiClasspathEntrySnapshotTransform
Transforming lifecycle-viewmodel-compose-release-api.jar with BuildToolsApiClasspathEntrySnapshotTransform
Transforming material-icons-core-release-api.jar with BuildToolsApiClasspathEntrySnapshotTransform
Transforming ui-release-api.jar with BuildToolsApiClasspathEntrySnapshotTransform
Transforming ui-tooling-release-api.jar with BuildToolsApiClasspathEntrySnapshotTransform
Transforming ui-test-manifest-1.7.6-api.jar with BuildToolsApiClasspathEntrySnapshotTransform
Transforming activity-1.9.3-api.jar with BuildToolsApiClasspathEntrySnapshotTransform
Transforming activity-compose-1.9.3-api.jar with BuildToolsApiClasspathEntrySnapshotTransform
Transforming activity-ktx-1.9.3-api.jar with BuildToolsApiClasspathEntrySnapshotTransform
Transforming core-ktx-1.15.0-api.jar with BuildToolsApiClasspathEntrySnapshotTransform
Transforming kotlinx-coroutines-test-jvm-1.9.0.jar with BuildToolsApiClasspathEntrySnapshotTransform
Transforming datastore-core-okio-jvm-1.1.1.jar with BuildToolsApiClasspathEntrySnapshotTransform
Transforming datastore-core-release-api.jar with BuildToolsApiClasspathEntrySnapshotTransform
Transforming datastore-preferences-core-jvm-1.1.1.jar with BuildToolsApiClasspathEntrySnapshotTransform
Transforming datastore-release-api.jar with BuildToolsApiClasspathEntrySnapshotTransform
Transforming datastore-preferences-release-api.jar with BuildToolsApiClasspathEntrySnapshotTransform
Transforming runtime-saveable-release-api.jar with BuildToolsApiClasspathEntrySnapshotTransform
Transforming runtime-release-api.jar with BuildToolsApiClasspathEntrySnapshotTransform
Transforming kotlinx-coroutines-core-jvm-1.9.0.jar with BuildToolsApiClasspathEntrySnapshotTransform
Transforming kotlinx-coroutines-android-1.9.0.jar with BuildToolsApiClasspathEntrySnapshotTransform
Transforming kotlinx-serialization-core-jvm-1.7.3.jar with BuildToolsApiClasspathEntrySnapshotTransform
Transforming kotlinx-serialization-json-jvm-1.7.3.jar with BuildToolsApiClasspathEntrySnapshotTransform
Transforming okhttp-4.12.0.jar with BuildToolsApiClasspathEntrySnapshotTransform
Transforming okio-jvm-3.6.0.jar with BuildToolsApiClasspathEntrySnapshotTransform
Transforming kotlin-stdlib-jdk8-1.9.10.jar with BuildToolsApiClasspathEntrySnapshotTransform
Transforming savedstate-ktx-1.2.1-api.jar with BuildToolsApiClasspathEntrySnapshotTransform
Transforming savedstate-1.2.1-api.jar with BuildToolsApiClasspathEntrySnapshotTransform
Transforming versionedparcelable-1.1.1-api.jar with BuildToolsApiClasspathEntrySnapshotTransform
Transforming core-common-2.2.0.jar with BuildToolsApiClasspathEntrySnapshotTransform
Transforming collection-jvm-1.4.4.jar with BuildToolsApiClasspathEntrySnapshotTransform
Transforming annotation-jvm-1.8.1.jar with BuildToolsApiClasspathEntrySnapshotTransform
Transforming annotation-experimental-1.4.1-api.jar with BuildToolsApiClasspathEntrySnapshotTransform
Transforming kotlin-stdlib-jdk7-1.9.10.jar with BuildToolsApiClasspathEntrySnapshotTransform
Transforming kotlin-stdlib-2.0.21.jar with BuildToolsApiClasspathEntrySnapshotTransform
Transforming jsoup-1.18.3.jar with BuildToolsApiClasspathEntrySnapshotTransform
Transforming junit-4.13.2.jar with BuildToolsApiClasspathEntrySnapshotTransform
Transforming hamcrest-core-1.3.jar with BuildToolsApiClasspathEntrySnapshotTransform
Transforming annotations-23.0.0.jar with BuildToolsApiClasspathEntrySnapshotTransform
Transforming android.jar with BuildToolsApiClasspathEntrySnapshotTransform
Transforming core-lambda-stubs.jar with BuildToolsApiClasspathEntrySnapshotTransform
Caching disabled for task ':app:compileDebugUnitTestKotlin' because:
  Build cache is disabled
Skipping task ':app:compileDebugUnitTestKotlin' as it is up-to-date.
Resolve mutations for :app:preDebugUnitTestBuild (Thread[Execution worker Thread 4,5,main]) started.
:app:preDebugUnitTestBuild (Thread[Execution worker,5,main]) started.

> Task :app:preDebugUnitTestBuild UP-TO-DATE
Skipping task ':app:preDebugUnitTestBuild' as it has no actions.
Resolve mutations for :app:javaPreCompileDebugUnitTest (Thread[Execution worker,5,main]) started.
:app:javaPreCompileDebugUnitTest (Thread[Execution worker,5,main]) started.

> Task :app:javaPreCompileDebugUnitTest UP-TO-DATE
Caching disabled for task ':app:javaPreCompileDebugUnitTest' because:
  Build cache is disabled
Skipping task ':app:javaPreCompileDebugUnitTest' as it is up-to-date.
Resolve mutations for :app:compileDebugUnitTestJavaWithJavac (Thread[Execution worker,5,main]) started.
:app:compileDebugUnitTestJavaWithJavac (Thread[Execution worker,5,main]) started.

> Task :app:compileDebugUnitTestJavaWithJavac NO-SOURCE
Skipping task ':app:compileDebugUnitTestJavaWithJavac' as it has no source files and no previous output files.
Resolve mutations for :app:processDebugJavaRes (Thread[Execution worker,5,main]) started.
:app:processDebugJavaRes (Thread[Execution worker,5,main]) started.

> Task :app:processDebugJavaRes UP-TO-DATE
file or directory '/home/skul9x/Desktop/Test_code/TraCuuTiemChung/app/src/main/resources', not found
file or directory '/home/skul9x/Desktop/Test_code/TraCuuTiemChung/app/src/debug/resources', not found
file or directory '/home/skul9x/Desktop/Test_code/TraCuuTiemChung/app/src/main/resources', not found
file or directory '/home/skul9x/Desktop/Test_code/TraCuuTiemChung/app/src/debug/resources', not found
Caching disabled for task ':app:processDebugJavaRes' because:
  Build cache is disabled
  Caching has been disabled for the task
Skipping task ':app:processDebugJavaRes' as it is up-to-date.
work action resolve out (project :app) (Thread[Execution worker,5,main]) started.
Resolve mutations for :app:processDebugUnitTestJavaRes (Thread[Execution worker,5,main]) started.
:app:processDebugUnitTestJavaRes (Thread[Execution worker,5,main]) started.

> Task :app:processDebugUnitTestJavaRes UP-TO-DATE
file or directory '/home/skul9x/Desktop/Test_code/TraCuuTiemChung/app/src/test/resources', not found
file or directory '/home/skul9x/Desktop/Test_code/TraCuuTiemChung/app/src/testDebug/resources', not found
file or directory '/home/skul9x/Desktop/Test_code/TraCuuTiemChung/app/src/test/resources', not found
file or directory '/home/skul9x/Desktop/Test_code/TraCuuTiemChung/app/src/testDebug/resources', not found
Caching disabled for task ':app:processDebugUnitTestJavaRes' because:
  Build cache is disabled
  Caching has been disabled for the task
Skipping task ':app:processDebugUnitTestJavaRes' as it is up-to-date.
Resolve mutations for :app:testDebugUnitTest (Thread[Execution worker,5,main]) started.
:app:testDebugUnitTest (Thread[Execution worker,5,main]) started.
Gradle Test Executor 86 started executing tests.
Gradle Test Executor 86 finished executing tests.

> Task :app:testDebugUnitTest FAILED
Transforming junit-4.13.2.jar (junit:junit:4.13.2) with IdentityTransform
Transforming navigation-common-2.8.5.aar (androidx.navigation:navigation-common:2.8.5) with AarToClassTransform
Transforming navigation-runtime-2.8.5.aar (androidx.navigation:navigation-runtime:2.8.5) with AarToClassTransform
Transforming navigation-common-ktx-2.8.5.aar (androidx.navigation:navigation-common-ktx:2.8.5) with AarToClassTransform
Transforming navigation-runtime-ktx-2.8.5.aar (androidx.navigation:navigation-runtime-ktx:2.8.5) with AarToClassTransform
Transforming navigation-compose-2.8.5.aar (androidx.navigation:navigation-compose:2.8.5) with AarToClassTransform
Transforming material3-release.aar (androidx.compose.material3:material3-android:1.3.1) with AarToClassTransform
Transforming material-release.aar (androidx.compose.material:material-android:1.7.6) with AarToClassTransform
Transforming material-ripple-release.aar (androidx.compose.material:material-ripple-android:1.7.6) with AarToClassTransform
Transforming foundation-release.aar (androidx.compose.foundation:foundation-android:1.7.6) with AarToClassTransform
Transforming foundation-layout-release.aar (androidx.compose.foundation:foundation-layout-android:1.7.6) with AarToClassTransform
Transforming animation-core-release.aar (androidx.compose.animation:animation-core-android:1.7.6) with AarToClassTransform
Transforming animation-release.aar (androidx.compose.animation:animation-android:1.7.6) with AarToClassTransform
Transforming ui-tooling-data-release.aar (androidx.compose.ui:ui-tooling-data-android:1.7.6) with AarToClassTransform
Transforming ui-unit-release.aar (androidx.compose.ui:ui-unit-android:1.7.6) with AarToClassTransform
Transforming ui-geometry-release.aar (androidx.compose.ui:ui-geometry-android:1.7.6) with AarToClassTransform
Transforming ui-util-release.aar (androidx.compose.ui:ui-util-android:1.7.6) with AarToClassTransform
Transforming ui-text-release.aar (androidx.compose.ui:ui-text-android:1.7.6) with AarToClassTransform
Transforming ui-tooling-preview-release.aar (androidx.compose.ui:ui-tooling-preview-android:1.7.6) with AarToClassTransform
Transforming ui-graphics-release.aar (androidx.compose.ui:ui-graphics-android:1.7.6) with AarToClassTransform
Transforming activity-1.9.3.aar (androidx.activity:activity:1.9.3) with AarToClassTransform
Transforming customview-poolingcontainer-1.0.0.aar (androidx.customview:customview-poolingcontainer:1.0.0) with AarToClassTransform
Transforming core-ktx-1.15.0.aar (androidx.core:core-ktx:1.15.0) with AarToClassTransform
Transforming autofill-1.0.0.aar (androidx.autofill:autofill:1.0.0) with AarToClassTransform
Transforming graphics-path-1.0.1.aar (androidx.graphics:graphics-path:1.0.1) with AarToClassTransform
Transforming emoji2-1.3.0.aar (androidx.emoji2:emoji2:1.3.0) with AarToClassTransform
Transforming core-1.15.0.aar (androidx.core:core:1.15.0) with AarToClassTransform
Transforming core-1.15.0.aar (androidx.core:core:1.15.0) with AarToClassTransform
Transforming savedstate-ktx-1.2.1.aar (androidx.savedstate:savedstate-ktx:1.2.1) with AarToClassTransform
Transforming savedstate-1.2.1.aar (androidx.savedstate:savedstate:1.2.1) with AarToClassTransform
Transforming lifecycle-process-2.8.7.aar (androidx.lifecycle:lifecycle-process:2.8.7) with AarToClassTransform
Transforming lifecycle-livedata-core-2.8.7.aar (androidx.lifecycle:lifecycle-livedata-core:2.8.7) with AarToClassTransform
Transforming lifecycle-common-jvm-2.8.7.jar (androidx.lifecycle:lifecycle-common-jvm:2.8.7) with IdentityTransform
Transforming lifecycle-runtime-compose-release.aar (androidx.lifecycle:lifecycle-runtime-compose-android:2.8.7) with AarToClassTransform
Transforming lifecycle-viewmodel-release.aar (androidx.lifecycle:lifecycle-viewmodel-android:2.8.7) with AarToClassTransform
Transforming lifecycle-runtime-release.aar (androidx.lifecycle:lifecycle-runtime-android:2.8.7) with AarToClassTransform
Transforming lifecycle-viewmodel-savedstate-2.8.7.aar (androidx.lifecycle:lifecycle-viewmodel-savedstate:2.8.7) with AarToClassTransform
Transforming lifecycle-viewmodel-ktx-2.8.7.aar (androidx.lifecycle:lifecycle-viewmodel-ktx:2.8.7) with AarToClassTransform
Transforming lifecycle-viewmodel-compose-release.aar (androidx.lifecycle:lifecycle-viewmodel-compose-android:2.8.7) with AarToClassTransform
Transforming material-icons-core-release.aar (androidx.compose.material:material-icons-core-android:1.7.6) with AarToClassTransform
Transforming ui-release.aar (androidx.compose.ui:ui-android:1.7.6) with AarToClassTransform
Transforming ui-test-manifest-1.7.6.aar (androidx.compose.ui:ui-test-manifest:1.7.6) with AarToClassTransform
Transforming ui-tooling-release.aar (androidx.compose.ui:ui-tooling-android:1.7.6) with AarToClassTransform
Transforming activity-compose-1.9.3.aar (androidx.activity:activity-compose:1.9.3) with AarToClassTransform
Transforming activity-ktx-1.9.3.aar (androidx.activity:activity-ktx:1.9.3) with AarToClassTransform
Transforming lifecycle-runtime-ktx-release.aar (androidx.lifecycle:lifecycle-runtime-ktx-android:2.8.7) with AarToClassTransform
Transforming runtime-saveable-release.aar (androidx.compose.runtime:runtime-saveable-android:1.7.6) with AarToClassTransform
Transforming runtime-release.aar (androidx.compose.runtime:runtime-android:1.7.6) with AarToClassTransform
Transforming lifecycle-common-java8-2.8.7.jar (androidx.lifecycle:lifecycle-common-java8:2.8.7) with IdentityTransform
Transforming kotlinx-coroutines-android-1.9.0.jar (org.jetbrains.kotlinx:kotlinx-coroutines-android:1.9.0) with IdentityTransform
Transforming kotlinx-coroutines-test-jvm-1.9.0.jar (org.jetbrains.kotlinx:kotlinx-coroutines-test-jvm:1.9.0) with IdentityTransform
Transforming datastore-core-okio-jvm-1.1.1.jar (androidx.datastore:datastore-core-okio-jvm:1.1.1) with IdentityTransform
Transforming datastore-core-release.aar (androidx.datastore:datastore-core-android:1.1.1) with AarToClassTransform
Transforming datastore-preferences-core-jvm-1.1.1.jar (androidx.datastore:datastore-preferences-core-jvm:1.1.1) with IdentityTransform
Transforming datastore-release.aar (androidx.datastore:datastore-android:1.1.1) with AarToClassTransform
Transforming datastore-preferences-release.aar (androidx.datastore:datastore-preferences-android:1.1.1) with AarToClassTransform
Transforming kotlinx-coroutines-core-jvm-1.9.0.jar (org.jetbrains.kotlinx:kotlinx-coroutines-core-jvm:1.9.0) with IdentityTransform
Transforming kotlinx-serialization-core-jvm-1.7.3.jar (org.jetbrains.kotlinx:kotlinx-serialization-core-jvm:1.7.3) with IdentityTransform
Transforming kotlinx-serialization-json-jvm-1.7.3.jar (org.jetbrains.kotlinx:kotlinx-serialization-json-jvm:1.7.3) with IdentityTransform
Transforming interpolator-1.0.0.aar (androidx.interpolator:interpolator:1.0.0) with AarToClassTransform
Transforming profileinstaller-1.3.1.aar (androidx.profileinstaller:profileinstaller:1.3.1) with AarToClassTransform
Transforming startup-runtime-1.1.1.aar (androidx.startup:startup-runtime:1.1.1) with AarToClassTransform
Transforming tracing-1.2.0.aar (androidx.tracing:tracing:1.2.0) with AarToClassTransform
Transforming versionedparcelable-1.1.1.aar (androidx.versionedparcelable:versionedparcelable:1.1.1) with AarToClassTransform
Transforming collection-jvm-1.4.4.jar (androidx.collection:collection-jvm:1.4.4) with IdentityTransform
Transforming core-runtime-2.2.0.aar (androidx.arch.core:core-runtime:2.2.0) with AarToClassTransform
Transforming core-common-2.2.0.jar (androidx.arch.core:core-common:2.2.0) with IdentityTransform
Transforming concurrent-futures-1.1.0.jar (androidx.concurrent:concurrent-futures:1.1.0) with IdentityTransform
Transforming annotation-jvm-1.8.1.jar (androidx.annotation:annotation-jvm:1.8.1) with IdentityTransform
Transforming annotation-experimental-1.4.1.aar (androidx.annotation:annotation-experimental:1.4.1) with AarToClassTransform
Transforming okhttp-4.12.0.jar (com.squareup.okhttp3:okhttp:4.12.0) with IdentityTransform
Transforming collection-ktx-1.4.4.jar (androidx.collection:collection-ktx:1.4.4) with IdentityTransform
Transforming okio-jvm-3.6.0.jar (com.squareup.okio:okio-jvm:3.6.0) with IdentityTransform
Transforming kotlin-stdlib-jdk8-1.9.10.jar (org.jetbrains.kotlin:kotlin-stdlib-jdk8:1.9.10) with IdentityTransform
Transforming kotlin-stdlib-jdk7-1.9.10.jar (org.jetbrains.kotlin:kotlin-stdlib-jdk7:1.9.10) with IdentityTransform
Transforming kotlin-stdlib-2.0.21.jar (org.jetbrains.kotlin:kotlin-stdlib:2.0.21) with IdentityTransform
Transforming jsoup-1.18.3.jar (org.jsoup:jsoup:1.18.3) with IdentityTransform
Transforming hamcrest-core-1.3.jar (org.hamcrest:hamcrest-core:1.3) with IdentityTransform
Transforming annotations-23.0.0.jar (org.jetbrains:annotations:23.0.0) with IdentityTransform
Transforming kotlin-parcelize-runtime-1.9.22.jar (org.jetbrains.kotlin:kotlin-parcelize-runtime:1.9.22) with IdentityTransform
Transforming kotlin-android-extensions-runtime-1.9.22.jar (org.jetbrains.kotlin:kotlin-android-extensions-runtime:1.9.22) with IdentityTransform
Transforming listenablefuture-1.0.jar (com.google.guava:listenablefuture:1.0) with IdentityTransform
Transforming junit-4.13.2.jar (junit:junit:4.13.2) with IdentityTransform
Transforming navigation-common-2.8.5.aar (androidx.navigation:navigation-common:2.8.5) with ExtractAarTransform
Transforming navigation-common-2.8.5.aar (androidx.navigation:navigation-common:2.8.5) with AarTransform
Transforming navigation-runtime-2.8.5.aar (androidx.navigation:navigation-runtime:2.8.5) with ExtractAarTransform
Transforming navigation-runtime-2.8.5.aar (androidx.navigation:navigation-runtime:2.8.5) with AarTransform
Transforming navigation-common-ktx-2.8.5.aar (androidx.navigation:navigation-common-ktx:2.8.5) with ExtractAarTransform
Transforming navigation-common-ktx-2.8.5.aar (androidx.navigation:navigation-common-ktx:2.8.5) with AarTransform
Transforming navigation-runtime-ktx-2.8.5.aar (androidx.navigation:navigation-runtime-ktx:2.8.5) with ExtractAarTransform
Transforming navigation-runtime-ktx-2.8.5.aar (androidx.navigation:navigation-runtime-ktx:2.8.5) with AarTransform
Transforming navigation-compose-2.8.5.aar (androidx.navigation:navigation-compose:2.8.5) with ExtractAarTransform
Transforming navigation-compose-2.8.5.aar (androidx.navigation:navigation-compose:2.8.5) with AarTransform
Transforming material3-release.aar (androidx.compose.material3:material3-android:1.3.1) with ExtractAarTransform
Transforming material3-release.aar (androidx.compose.material3:material3-android:1.3.1) with AarTransform
Transforming material-release.aar (androidx.compose.material:material-android:1.7.6) with ExtractAarTransform
Transforming material-release.aar (androidx.compose.material:material-android:1.7.6) with AarTransform
Transforming material-ripple-release.aar (androidx.compose.material:material-ripple-android:1.7.6) with ExtractAarTransform
Transforming material-ripple-release.aar (androidx.compose.material:material-ripple-android:1.7.6) with AarTransform
Transforming foundation-release.aar (androidx.compose.foundation:foundation-android:1.7.6) with ExtractAarTransform
Transforming foundation-release.aar (androidx.compose.foundation:foundation-android:1.7.6) with AarTransform
Transforming foundation-layout-release.aar (androidx.compose.foundation:foundation-layout-android:1.7.6) with ExtractAarTransform
Transforming foundation-layout-release.aar (androidx.compose.foundation:foundation-layout-android:1.7.6) with AarTransform
Transforming animation-core-release.aar (androidx.compose.animation:animation-core-android:1.7.6) with ExtractAarTransform
Transforming animation-core-release.aar (androidx.compose.animation:animation-core-android:1.7.6) with AarTransform
Transforming animation-release.aar (androidx.compose.animation:animation-android:1.7.6) with ExtractAarTransform
Transforming animation-release.aar (androidx.compose.animation:animation-android:1.7.6) with AarTransform
Transforming ui-tooling-data-release.aar (androidx.compose.ui:ui-tooling-data-android:1.7.6) with ExtractAarTransform
Transforming ui-tooling-data-release.aar (androidx.compose.ui:ui-tooling-data-android:1.7.6) with AarTransform
Transforming ui-unit-release.aar (androidx.compose.ui:ui-unit-android:1.7.6) with ExtractAarTransform
Transforming ui-unit-release.aar (androidx.compose.ui:ui-unit-android:1.7.6) with AarTransform
Transforming ui-geometry-release.aar (androidx.compose.ui:ui-geometry-android:1.7.6) with ExtractAarTransform
Transforming ui-geometry-release.aar (androidx.compose.ui:ui-geometry-android:1.7.6) with AarTransform
Transforming ui-util-release.aar (androidx.compose.ui:ui-util-android:1.7.6) with ExtractAarTransform
Transforming ui-util-release.aar (androidx.compose.ui:ui-util-android:1.7.6) with AarTransform
Transforming ui-text-release.aar (androidx.compose.ui:ui-text-android:1.7.6) with ExtractAarTransform
Transforming ui-text-release.aar (androidx.compose.ui:ui-text-android:1.7.6) with AarTransform
Transforming ui-tooling-preview-release.aar (androidx.compose.ui:ui-tooling-preview-android:1.7.6) with ExtractAarTransform
Transforming ui-tooling-preview-release.aar (androidx.compose.ui:ui-tooling-preview-android:1.7.6) with AarTransform
Transforming ui-graphics-release.aar (androidx.compose.ui:ui-graphics-android:1.7.6) with ExtractAarTransform
Transforming ui-graphics-release.aar (androidx.compose.ui:ui-graphics-android:1.7.6) with AarTransform
Transforming activity-1.9.3.aar (androidx.activity:activity:1.9.3) with ExtractAarTransform
Transforming activity-1.9.3.aar (androidx.activity:activity:1.9.3) with AarTransform
Transforming customview-poolingcontainer-1.0.0.aar (androidx.customview:customview-poolingcontainer:1.0.0) with ExtractAarTransform
Transforming customview-poolingcontainer-1.0.0.aar (androidx.customview:customview-poolingcontainer:1.0.0) with AarTransform
Transforming core-ktx-1.15.0.aar (androidx.core:core-ktx:1.15.0) with ExtractAarTransform
Transforming core-ktx-1.15.0.aar (androidx.core:core-ktx:1.15.0) with AarTransform
Transforming autofill-1.0.0.aar (androidx.autofill:autofill:1.0.0) with ExtractAarTransform
Transforming autofill-1.0.0.aar (androidx.autofill:autofill:1.0.0) with AarTransform
Transforming graphics-path-1.0.1.aar (androidx.graphics:graphics-path:1.0.1) with ExtractAarTransform
Transforming graphics-path-1.0.1.aar (androidx.graphics:graphics-path:1.0.1) with AarTransform
Transforming emoji2-1.3.0.aar (androidx.emoji2:emoji2:1.3.0) with ExtractAarTransform
Transforming emoji2-1.3.0.aar (androidx.emoji2:emoji2:1.3.0) with AarTransform
Transforming core-1.15.0.aar (androidx.core:core:1.15.0) with ExtractAarTransform
Transforming core-1.15.0.aar (androidx.core:core:1.15.0) with AarTransform
Transforming core-1.15.0.aar (androidx.core:core:1.15.0) with ExtractAarTransform
Transforming core-1.15.0.aar (androidx.core:core:1.15.0) with AarTransform
Transforming savedstate-ktx-1.2.1.aar (androidx.savedstate:savedstate-ktx:1.2.1) with ExtractAarTransform
Transforming savedstate-ktx-1.2.1.aar (androidx.savedstate:savedstate-ktx:1.2.1) with AarTransform
Transforming savedstate-1.2.1.aar (androidx.savedstate:savedstate:1.2.1) with ExtractAarTransform
Transforming savedstate-1.2.1.aar (androidx.savedstate:savedstate:1.2.1) with AarTransform
Transforming lifecycle-process-2.8.7.aar (androidx.lifecycle:lifecycle-process:2.8.7) with ExtractAarTransform
Transforming lifecycle-process-2.8.7.aar (androidx.lifecycle:lifecycle-process:2.8.7) with AarTransform
Transforming lifecycle-livedata-core-2.8.7.aar (androidx.lifecycle:lifecycle-livedata-core:2.8.7) with ExtractAarTransform
Transforming lifecycle-livedata-core-2.8.7.aar (androidx.lifecycle:lifecycle-livedata-core:2.8.7) with AarTransform
Transforming lifecycle-common-jvm-2.8.7.jar (androidx.lifecycle:lifecycle-common-jvm:2.8.7) with IdentityTransform
Transforming lifecycle-runtime-compose-release.aar (androidx.lifecycle:lifecycle-runtime-compose-android:2.8.7) with ExtractAarTransform
Transforming lifecycle-runtime-compose-release.aar (androidx.lifecycle:lifecycle-runtime-compose-android:2.8.7) with AarTransform
Transforming lifecycle-viewmodel-release.aar (androidx.lifecycle:lifecycle-viewmodel-android:2.8.7) with ExtractAarTransform
Transforming lifecycle-viewmodel-release.aar (androidx.lifecycle:lifecycle-viewmodel-android:2.8.7) with AarTransform
Transforming lifecycle-runtime-release.aar (androidx.lifecycle:lifecycle-runtime-android:2.8.7) with ExtractAarTransform
Transforming lifecycle-runtime-release.aar (androidx.lifecycle:lifecycle-runtime-android:2.8.7) with AarTransform
Transforming lifecycle-viewmodel-savedstate-2.8.7.aar (androidx.lifecycle:lifecycle-viewmodel-savedstate:2.8.7) with ExtractAarTransform
Transforming lifecycle-viewmodel-savedstate-2.8.7.aar (androidx.lifecycle:lifecycle-viewmodel-savedstate:2.8.7) with AarTransform
Transforming lifecycle-common-java8-2.8.7.jar (androidx.lifecycle:lifecycle-common-java8:2.8.7) with IdentityTransform
Transforming lifecycle-viewmodel-ktx-2.8.7.aar (androidx.lifecycle:lifecycle-viewmodel-ktx:2.8.7) with ExtractAarTransform
Transforming lifecycle-viewmodel-ktx-2.8.7.aar (androidx.lifecycle:lifecycle-viewmodel-ktx:2.8.7) with AarTransform
Transforming lifecycle-viewmodel-compose-release.aar (androidx.lifecycle:lifecycle-viewmodel-compose-android:2.8.7) with ExtractAarTransform
Transforming lifecycle-viewmodel-compose-release.aar (androidx.lifecycle:lifecycle-viewmodel-compose-android:2.8.7) with AarTransform
Transforming material-icons-core-release.aar (androidx.compose.material:material-icons-core-android:1.7.6) with ExtractAarTransform
Transforming material-icons-core-release.aar (androidx.compose.material:material-icons-core-android:1.7.6) with AarTransform
Transforming ui-release.aar (androidx.compose.ui:ui-android:1.7.6) with ExtractAarTransform
Transforming ui-release.aar (androidx.compose.ui:ui-android:1.7.6) with AarTransform
Transforming ui-test-manifest-1.7.6.aar (androidx.compose.ui:ui-test-manifest:1.7.6) with ExtractAarTransform
Transforming ui-test-manifest-1.7.6.aar (androidx.compose.ui:ui-test-manifest:1.7.6) with AarTransform
Transforming ui-tooling-release.aar (androidx.compose.ui:ui-tooling-android:1.7.6) with ExtractAarTransform
Transforming ui-tooling-release.aar (androidx.compose.ui:ui-tooling-android:1.7.6) with AarTransform
Transforming activity-compose-1.9.3.aar (androidx.activity:activity-compose:1.9.3) with ExtractAarTransform
Transforming activity-compose-1.9.3.aar (androidx.activity:activity-compose:1.9.3) with AarTransform
Transforming activity-ktx-1.9.3.aar (androidx.activity:activity-ktx:1.9.3) with ExtractAarTransform
Transforming activity-ktx-1.9.3.aar (androidx.activity:activity-ktx:1.9.3) with AarTransform
Transforming lifecycle-runtime-ktx-release.aar (androidx.lifecycle:lifecycle-runtime-ktx-android:2.8.7) with ExtractAarTransform
Transforming lifecycle-runtime-ktx-release.aar (androidx.lifecycle:lifecycle-runtime-ktx-android:2.8.7) with AarTransform
Transforming runtime-saveable-release.aar (androidx.compose.runtime:runtime-saveable-android:1.7.6) with ExtractAarTransform
Transforming runtime-saveable-release.aar (androidx.compose.runtime:runtime-saveable-android:1.7.6) with AarTransform
Transforming runtime-release.aar (androidx.compose.runtime:runtime-android:1.7.6) with ExtractAarTransform
Transforming runtime-release.aar (androidx.compose.runtime:runtime-android:1.7.6) with AarTransform
Transforming kotlinx-coroutines-android-1.9.0.jar (org.jetbrains.kotlinx:kotlinx-coroutines-android:1.9.0) with IdentityTransform
Transforming kotlinx-coroutines-test-jvm-1.9.0.jar (org.jetbrains.kotlinx:kotlinx-coroutines-test-jvm:1.9.0) with IdentityTransform
Transforming datastore-core-okio-jvm-1.1.1.jar (androidx.datastore:datastore-core-okio-jvm:1.1.1) with IdentityTransform
Transforming datastore-core-release.aar (androidx.datastore:datastore-core-android:1.1.1) with ExtractAarTransform
Transforming datastore-core-release.aar (androidx.datastore:datastore-core-android:1.1.1) with AarTransform
Transforming datastore-preferences-core-jvm-1.1.1.jar (androidx.datastore:datastore-preferences-core-jvm:1.1.1) with IdentityTransform
Transforming datastore-release.aar (androidx.datastore:datastore-android:1.1.1) with ExtractAarTransform
Transforming datastore-release.aar (androidx.datastore:datastore-android:1.1.1) with AarTransform
Transforming datastore-preferences-release.aar (androidx.datastore:datastore-preferences-android:1.1.1) with ExtractAarTransform
Transforming datastore-preferences-release.aar (androidx.datastore:datastore-preferences-android:1.1.1) with AarTransform
Transforming kotlinx-coroutines-core-jvm-1.9.0.jar (org.jetbrains.kotlinx:kotlinx-coroutines-core-jvm:1.9.0) with IdentityTransform
Transforming kotlinx-serialization-core-jvm-1.7.3.jar (org.jetbrains.kotlinx:kotlinx-serialization-core-jvm:1.7.3) with IdentityTransform
Transforming kotlinx-serialization-json-jvm-1.7.3.jar (org.jetbrains.kotlinx:kotlinx-serialization-json-jvm:1.7.3) with IdentityTransform
Transforming interpolator-1.0.0.aar (androidx.interpolator:interpolator:1.0.0) with ExtractAarTransform
Transforming interpolator-1.0.0.aar (androidx.interpolator:interpolator:1.0.0) with AarTransform
Transforming profileinstaller-1.3.1.aar (androidx.profileinstaller:profileinstaller:1.3.1) with ExtractAarTransform
Transforming profileinstaller-1.3.1.aar (androidx.profileinstaller:profileinstaller:1.3.1) with AarTransform
Transforming startup-runtime-1.1.1.aar (androidx.startup:startup-runtime:1.1.1) with ExtractAarTransform
Transforming startup-runtime-1.1.1.aar (androidx.startup:startup-runtime:1.1.1) with AarTransform
Transforming tracing-1.2.0.aar (androidx.tracing:tracing:1.2.0) with ExtractAarTransform
Transforming tracing-1.2.0.aar (androidx.tracing:tracing:1.2.0) with AarTransform
Transforming versionedparcelable-1.1.1.aar (androidx.versionedparcelable:versionedparcelable:1.1.1) with ExtractAarTransform
Transforming versionedparcelable-1.1.1.aar (androidx.versionedparcelable:versionedparcelable:1.1.1) with AarTransform
Transforming concurrent-futures-1.1.0.jar (androidx.concurrent:concurrent-futures:1.1.0) with IdentityTransform
Transforming collection-ktx-1.4.4.jar (androidx.collection:collection-ktx:1.4.4) with IdentityTransform
Transforming collection-jvm-1.4.4.jar (androidx.collection:collection-jvm:1.4.4) with IdentityTransform
Transforming core-runtime-2.2.0.aar (androidx.arch.core:core-runtime:2.2.0) with ExtractAarTransform
Transforming core-runtime-2.2.0.aar (androidx.arch.core:core-runtime:2.2.0) with AarTransform
Transforming core-common-2.2.0.jar (androidx.arch.core:core-common:2.2.0) with IdentityTransform
Transforming annotation-jvm-1.8.1.jar (androidx.annotation:annotation-jvm:1.8.1) with IdentityTransform
Transforming annotation-experimental-1.4.1.aar (androidx.annotation:annotation-experimental:1.4.1) with ExtractAarTransform
Transforming annotation-experimental-1.4.1.aar (androidx.annotation:annotation-experimental:1.4.1) with AarTransform
Transforming okhttp-4.12.0.jar (com.squareup.okhttp3:okhttp:4.12.0) with IdentityTransform
Transforming okio-jvm-3.6.0.jar (com.squareup.okio:okio-jvm:3.6.0) with IdentityTransform
Transforming kotlin-stdlib-jdk8-1.9.10.jar (org.jetbrains.kotlin:kotlin-stdlib-jdk8:1.9.10) with IdentityTransform
Transforming kotlin-stdlib-jdk7-1.9.10.jar (org.jetbrains.kotlin:kotlin-stdlib-jdk7:1.9.10) with IdentityTransform
Transforming kotlin-parcelize-runtime-1.9.22.jar (org.jetbrains.kotlin:kotlin-parcelize-runtime:1.9.22) with IdentityTransform
Transforming kotlin-android-extensions-runtime-1.9.22.jar (org.jetbrains.kotlin:kotlin-android-extensions-runtime:1.9.22) with IdentityTransform
Transforming kotlin-stdlib-2.0.21.jar (org.jetbrains.kotlin:kotlin-stdlib:2.0.21) with IdentityTransform
Transforming jsoup-1.18.3.jar (org.jsoup:jsoup:1.18.3) with IdentityTransform
Transforming hamcrest-core-1.3.jar (org.hamcrest:hamcrest-core:1.3) with IdentityTransform
Transforming annotations-23.0.0.jar (org.jetbrains:annotations:23.0.0) with IdentityTransform
Transforming listenablefuture-1.0.jar (com.google.guava:listenablefuture:1.0) with IdentityTransform
Transforming android.jar with MockableJarTransform
Transforming android.jar with MockableJarTransform
Caching disabled for task ':app:testDebugUnitTest' because:
  Build cache is disabled
Task ':app:testDebugUnitTest' is not up-to-date because:
  Task has failed previously.
Transforming android.jar with MockableJarTransform
Transforming android.jar with MockableJarTransform
file or directory '/home/skul9x/Desktop/Test_code/TraCuuTiemChung/app/build/intermediates/javac/debugUnitTest/compileDebugUnitTestJavaWithJavac/classes', not found
Starting process 'Gradle Test Executor 86'. Working directory: /home/skul9x/Desktop/Test_code/TraCuuTiemChung/app Command: /usr/lib/jvm/java-17-openjdk-amd64/bin/java -Djava.awt.headless=true -Djava.library.path=/usr/java/packages/lib:/usr/lib/x86_64-linux-gnu/jni:/lib/x86_64-linux-gnu:/usr/lib/x86_64-linux-gnu:/usr/lib/jni:/lib:/usr/lib:/home/skul9x/Desktop/Test_code/TraCuuTiemChung/app/src/testDebug/jniLibs:/home/skul9x/Desktop/Test_code/TraCuuTiemChung/app/src/test/jniLibs -Dorg.gradle.internal.worker.tmpdir=/home/skul9x/Desktop/Test_code/TraCuuTiemChung/app/build/tmp/testDebugUnitTest/work --add-opens=java.base/java.io=ALL-UNNAMED @/home/skul9x/.gradle/.tmp/gradle-worker-classpath9497776660663762433txt -Xmx512m -Dfile.encoding=UTF-8 -Duser.country=US -Duser.language=en -Duser.variant -ea worker.org.gradle.process.internal.worker.GradleWorkerMain 'Gradle Test Executor 86'
Successfully started process 'Gradle Test Executor 86'

VaccineAnalysisGoldenTest > golden parity - MinhKhoi real data FAILED
    java.lang.AssertionError: Rule matching 'BCG' not found in results. Available: [Vắc xin Sởi-Quai bị-Rubella (MMR-II/Priorix), Varivax (Thủy đậu), Vắc xin Não mô cầu ACYW-135 (Menactra/MenQuadfi), Vắc xin Viêm não Nhật Bản (Imojev/JEEV/Jevax), VA - MENGOC - BC (Não mô cầu BC), MVVAC (Sởi đơn), Typhim Vi (Thương hàn), Morcvax (Tả), Vắc xin 6 trong 1 (Hexaxim/Infanrix Hexa), Vắc xin Rota, Prevenar 13 (Phế cầu), Vaxneuvance (Phế cầu), Synflorix (Phế cầu), Pneumovax 23 / PNEUMO 23 (Phế cầu), Viêm Gan A, Vắc xin Cúm]
        at org.junit.Assert.fail(Assert.java:89)
        at com.tracuutiemchung.app.domain.analyzer.VaccineAnalysisGoldenTest.assertRuleStatus(VaccineAnalysisGoldenTest.kt:193)
        at com.tracuutiemchung.app.domain.analyzer.VaccineAnalysisGoldenTest.golden parity - MinhKhoi real data(VaccineAnalysisGoldenTest.kt:66)

VaccineAnalysisGoldenTest > golden test - Flu age-dependent logic FAILED
    java.lang.AssertionError: Expected reason to contain '2 mũi' for <9y flu, but got: Chưa tiêm vắc-xin Cúm. đủ điều kiện tuổi.
        at com.tracuutiemchung.app.domain.analyzer.VaccineAnalysisGoldenTest.golden test - Flu age-dependent logic(VaccineAnalysisGoldenTest.kt:174)

VaccineAnalysisGoldenTest > golden test - 4 months old no vaccinations FAILED
    java.lang.AssertionError: Rule matching 'Six_In_One_Combined' not found in results. Available: [Vắc xin Sởi-Quai bị-Rubella (MMR-II/Priorix), Varivax (Thủy đậu), Vắc xin Não mô cầu ACYW-135 (Menactra/MenQuadfi), Vắc xin Viêm não Nhật Bản (Imojev/JEEV/Jevax), VA - MENGOC - BC (Não mô cầu BC), MVVAC (Sởi đơn), Typhim Vi (Thương hàn), Morcvax (Tả), Vắc xin 6 trong 1 (Hexaxim/Infanrix Hexa), Vắc xin Rota, Prevenar 13 (Phế cầu), Vaxneuvance (Phế cầu), Synflorix (Phế cầu), Pneumovax 23 / PNEUMO 23 (Phế cầu), Viêm Gan A, Vắc xin Cúm]
        at org.junit.Assert.fail(Assert.java:89)
        at com.tracuutiemchung.app.domain.analyzer.VaccineAnalysisGoldenTest.assertRuleStatus(VaccineAnalysisGoldenTest.kt:193)
        at com.tracuutiemchung.app.domain.analyzer.VaccineAnalysisGoldenTest.golden test - 4 months old no vaccinations(VaccineAnalysisGoldenTest.kt:121)

VaccineAnalysisGoldenTest > golden test - MMR interaction MVVAC then MMR FAILED
    java.lang.AssertionError: Rule matching 'MMR_Group' not found in results. Available: [Vắc xin Sởi-Quai bị-Rubella (MMR-II/Priorix), Varivax (Thủy đậu), Vắc xin Não mô cầu ACYW-135 (Menactra/MenQuadfi), Vắc xin Viêm não Nhật Bản (Imojev/JEEV/Jevax), VA - MENGOC - BC (Não mô cầu BC), MVVAC (Sởi đơn), Typhim Vi (Thương hàn), Morcvax (Tả), Vắc xin 6 trong 1 (Hexaxim/Infanrix Hexa), Vắc xin Rota, Prevenar 13 (Phế cầu), Vaxneuvance (Phế cầu), Synflorix (Phế cầu), Pneumovax 23 / PNEUMO 23 (Phế cầu), Viêm Gan A, Vắc xin Cúm]
        at org.junit.Assert.fail(Assert.java:89)
        at com.tracuutiemchung.app.domain.analyzer.VaccineAnalysisGoldenTest.assertRuleStatus(VaccineAnalysisGoldenTest.kt:193)
        at com.tracuutiemchung.app.domain.analyzer.VaccineAnalysisGoldenTest.golden test - MMR interaction MVVAC then MMR(VaccineAnalysisGoldenTest.kt:155)

4 tests completed, 4 failed
Finished generating test XML results (0.001 secs) into: /home/skul9x/Desktop/Test_code/TraCuuTiemChung/app/build/test-results/testDebugUnitTest
Generating HTML test report...
Finished generating test html results (0.001 secs) into: /home/skul9x/Desktop/Test_code/TraCuuTiemChung/app/build/reports/tests/testDebugUnitTest

FAILURE: Build failed with an exception.

* What went wrong:
Execution failed for task ':app:testDebugUnitTest'.
> There were failing tests. See the report at: file:///home/skul9x/Desktop/Test_code/TraCuuTiemChung/app/build/reports/tests/testDebugUnitTest/index.html

* Try:
> Run with --scan to get full insights.

BUILD FAILED in 1s
22 actionable tasks: 1 executed, 21 up-to-date
